<!doctype html public "-//w3c//dtd html 4.0 transitional//en">
<html><head>
<title>Static Call Graph - [fy\fy.axf]</title></head>
<body><HR>
<H1>Static Call Graph for image fy\fy.axf</H1><HR>
<BR><P>#&#060CALLGRAPH&#062# ARM Linker, 5060422: Last Updated: Sat Aug 15 16:13:23 2026
<BR><P>
<H3>Maximum Stack Usage =        688 bytes + Unknown(Cycles, Untraceable Function Pointers)</H3><H3>
Call chain for Maximum Stack Depth:</H3>
main &rArr; APP_Ctrl_System_Handle &rArr; RtkNmea_Rx_Process &rArr; RtkNmea_ParseSentence &rArr; rtk_parse_gga &rArr; RtkNmea_DdmToDeg &rArr; __hardfp_strtod &rArr; __strtod_int &rArr; _local_sscanf &rArr; _scanf_real
<P>
<H3>
Mutually Recursive functions
</H3> <LI><a href="#[27]">ADC_IRQHandler</a>&nbsp;&nbsp;&nbsp;&rArr;&nbsp;&nbsp;&nbsp;<a href="#[27]">ADC_IRQHandler</a><BR>
</UL>
<P>
<H3>
Function Pointers
</H3><UL>
 <LI><a href="#[69]">ADC_DMAConvCplt</a> from stm32f4xx_hal_adc.o(i.ADC_DMAConvCplt) referenced from stm32f4xx_hal_adc.o(i.HAL_ADC_Start_DMA)
 <LI><a href="#[6b]">ADC_DMAError</a> from stm32f4xx_hal_adc.o(i.ADC_DMAError) referenced from stm32f4xx_hal_adc.o(i.HAL_ADC_Start_DMA)
 <LI><a href="#[6a]">ADC_DMAHalfConvCplt</a> from stm32f4xx_hal_adc.o(i.ADC_DMAHalfConvCplt) referenced from stm32f4xx_hal_adc.o(i.HAL_ADC_Start_DMA)
 <LI><a href="#[27]">ADC_IRQHandler</a> from startup_stm32f405xx.o(.text) referenced from startup_stm32f405xx.o(RESET)
 <LI><a href="#[f]">BusFault_Handler</a> from stm32f4xx_it.o(i.BusFault_Handler) referenced from startup_stm32f405xx.o(RESET)
 <LI><a href="#[29]">CAN1_RX0_IRQHandler</a> from startup_stm32f405xx.o(.text) referenced from startup_stm32f405xx.o(RESET)
 <LI><a href="#[2a]">CAN1_RX1_IRQHandler</a> from startup_stm32f405xx.o(.text) referenced from startup_stm32f405xx.o(RESET)
 <LI><a href="#[2b]">CAN1_SCE_IRQHandler</a> from startup_stm32f405xx.o(.text) referenced from startup_stm32f405xx.o(RESET)
 <LI><a href="#[28]">CAN1_TX_IRQHandler</a> from startup_stm32f405xx.o(.text) referenced from startup_stm32f405xx.o(RESET)
 <LI><a href="#[53]">CAN2_RX0_IRQHandler</a> from startup_stm32f405xx.o(.text) referenced from startup_stm32f405xx.o(RESET)
 <LI><a href="#[54]">CAN2_RX1_IRQHandler</a> from startup_stm32f405xx.o(.text) referenced from startup_stm32f405xx.o(RESET)
 <LI><a href="#[55]">CAN2_SCE_IRQHandler</a> from startup_stm32f405xx.o(.text) referenced from startup_stm32f405xx.o(RESET)
 <LI><a href="#[52]">CAN2_TX_IRQHandler</a> from startup_stm32f405xx.o(.text) referenced from startup_stm32f405xx.o(RESET)
 <LI><a href="#[1]">CMD_REC_Brake</a> from app.o(i.CMD_REC_Brake) referenced 2 times from app.o(.data)
 <LI><a href="#[6]">CMD_REC_Collect</a> from app.o(i.CMD_REC_Collect) referenced 2 times from app.o(.data)
 <LI><a href="#[4]">CMD_REC_Guide</a> from app.o(i.CMD_REC_Guide) referenced 2 times from app.o(.data)
 <LI><a href="#[7]">CMD_REC_Lock</a> from app.o(i.CMD_REC_Lock) referenced 2 times from app.o(.data)
 <LI><a href="#[3]">CMD_REC_PLACE_Move</a> from app.o(i.CMD_REC_PLACE_Move) referenced 2 times from app.o(.data)
 <LI><a href="#[9]">CMD_REC_Revise</a> from app.o(i.CMD_REC_Revise) referenced 2 times from app.o(.data)
 <LI><a href="#[2]">CMD_REC_Speed_Move</a> from app.o(i.CMD_REC_Speed_Move) referenced 2 times from app.o(.data)
 <LI><a href="#[a]">CMD_REC_Stepmove</a> from app.o(i.CMD_REC_Stepmove) referenced 2 times from app.o(.data)
 <LI><a href="#[5]">CMD_REC_Trace</a> from app.o(i.CMD_REC_Trace) referenced 2 times from app.o(.data)
 <LI><a href="#[8]">CMD_REC_UNLock</a> from app.o(i.CMD_REC_UNLock) referenced 2 times from app.o(.data)
 <LI><a href="#[20]">DMA1_Stream0_IRQHandler</a> from startup_stm32f405xx.o(.text) referenced from startup_stm32f405xx.o(RESET)
 <LI><a href="#[21]">DMA1_Stream1_IRQHandler</a> from startup_stm32f405xx.o(.text) referenced from startup_stm32f405xx.o(RESET)
 <LI><a href="#[22]">DMA1_Stream2_IRQHandler</a> from startup_stm32f405xx.o(.text) referenced from startup_stm32f405xx.o(RESET)
 <LI><a href="#[23]">DMA1_Stream3_IRQHandler</a> from startup_stm32f405xx.o(.text) referenced from startup_stm32f405xx.o(RESET)
 <LI><a href="#[24]">DMA1_Stream4_IRQHandler</a> from startup_stm32f405xx.o(.text) referenced from startup_stm32f405xx.o(RESET)
 <LI><a href="#[25]">DMA1_Stream5_IRQHandler</a> from stm32f4xx_it.o(i.DMA1_Stream5_IRQHandler) referenced from startup_stm32f405xx.o(RESET)
 <LI><a href="#[26]">DMA1_Stream6_IRQHandler</a> from stm32f4xx_it.o(i.DMA1_Stream6_IRQHandler) referenced from startup_stm32f405xx.o(RESET)
 <LI><a href="#[44]">DMA1_Stream7_IRQHandler</a> from startup_stm32f405xx.o(.text) referenced from startup_stm32f405xx.o(RESET)
 <LI><a href="#[4d]">DMA2_Stream0_IRQHandler</a> from stm32f4xx_it.o(i.DMA2_Stream0_IRQHandler) referenced from startup_stm32f405xx.o(RESET)
 <LI><a href="#[4e]">DMA2_Stream1_IRQHandler</a> from stm32f4xx_it.o(i.DMA2_Stream1_IRQHandler) referenced from startup_stm32f405xx.o(RESET)
 <LI><a href="#[4f]">DMA2_Stream2_IRQHandler</a> from stm32f4xx_it.o(i.DMA2_Stream2_IRQHandler) referenced from startup_stm32f405xx.o(RESET)
 <LI><a href="#[50]">DMA2_Stream3_IRQHandler</a> from stm32f4xx_it.o(i.DMA2_Stream3_IRQHandler) referenced from startup_stm32f405xx.o(RESET)
 <LI><a href="#[51]">DMA2_Stream4_IRQHandler</a> from startup_stm32f405xx.o(.text) referenced from startup_stm32f405xx.o(RESET)
 <LI><a href="#[57]">DMA2_Stream5_IRQHandler</a> from stm32f4xx_it.o(i.DMA2_Stream5_IRQHandler) referenced from startup_stm32f405xx.o(RESET)
 <LI><a href="#[58]">DMA2_Stream6_IRQHandler</a> from startup_stm32f405xx.o(.text) referenced from startup_stm32f405xx.o(RESET)
 <LI><a href="#[59]">DMA2_Stream7_IRQHandler</a> from stm32f4xx_it.o(i.DMA2_Stream7_IRQHandler) referenced from startup_stm32f405xx.o(RESET)
 <LI><a href="#[12]">DebugMon_Handler</a> from stm32f4xx_it.o(i.DebugMon_Handler) referenced from startup_stm32f405xx.o(RESET)
 <LI><a href="#[1b]">EXTI0_IRQHandler</a> from startup_stm32f405xx.o(.text) referenced from startup_stm32f405xx.o(RESET)
 <LI><a href="#[3d]">EXTI15_10_IRQHandler</a> from startup_stm32f405xx.o(.text) referenced from startup_stm32f405xx.o(RESET)
 <LI><a href="#[1c]">EXTI1_IRQHandler</a> from startup_stm32f405xx.o(.text) referenced from startup_stm32f405xx.o(RESET)
 <LI><a href="#[1d]">EXTI2_IRQHandler</a> from startup_stm32f405xx.o(.text) referenced from startup_stm32f405xx.o(RESET)
 <LI><a href="#[1e]">EXTI3_IRQHandler</a> from startup_stm32f405xx.o(.text) referenced from startup_stm32f405xx.o(RESET)
 <LI><a href="#[1f]">EXTI4_IRQHandler</a> from startup_stm32f405xx.o(.text) referenced from startup_stm32f405xx.o(RESET)
 <LI><a href="#[2c]">EXTI9_5_IRQHandler</a> from startup_stm32f405xx.o(.text) referenced from startup_stm32f405xx.o(RESET)
 <LI><a href="#[19]">FLASH_IRQHandler</a> from startup_stm32f405xx.o(.text) referenced from startup_stm32f405xx.o(RESET)
 <LI><a href="#[45]">FMC_IRQHandler</a> from startup_stm32f405xx.o(.text) referenced from startup_stm32f405xx.o(RESET)
 <LI><a href="#[62]">FPU_IRQHandler</a> from startup_stm32f405xx.o(.text) referenced from startup_stm32f405xx.o(RESET)
 <LI><a href="#[61]">HASH_RNG_IRQHandler</a> from startup_stm32f405xx.o(.text) referenced from startup_stm32f405xx.o(RESET)
 <LI><a href="#[d]">HardFault_Handler</a> from stm32f4xx_it.o(i.HardFault_Handler) referenced from startup_stm32f405xx.o(RESET)
 <LI><a href="#[35]">I2C1_ER_IRQHandler</a> from startup_stm32f405xx.o(.text) referenced from startup_stm32f405xx.o(RESET)
 <LI><a href="#[34]">I2C1_EV_IRQHandler</a> from startup_stm32f405xx.o(.text) referenced from startup_stm32f405xx.o(RESET)
 <LI><a href="#[37]">I2C2_ER_IRQHandler</a> from startup_stm32f405xx.o(.text) referenced from startup_stm32f405xx.o(RESET)
 <LI><a href="#[36]">I2C2_EV_IRQHandler</a> from startup_stm32f405xx.o(.text) referenced from startup_stm32f405xx.o(RESET)
 <LI><a href="#[5c]">I2C3_ER_IRQHandler</a> from startup_stm32f405xx.o(.text) referenced from startup_stm32f405xx.o(RESET)
 <LI><a href="#[5b]">I2C3_EV_IRQHandler</a> from startup_stm32f405xx.o(.text) referenced from startup_stm32f405xx.o(RESET)
 <LI><a href="#[e]">MemManage_Handler</a> from stm32f4xx_it.o(i.MemManage_Handler) referenced from startup_stm32f405xx.o(RESET)
 <LI><a href="#[c]">NMI_Handler</a> from stm32f4xx_it.o(i.NMI_Handler) referenced from startup_stm32f405xx.o(RESET)
 <LI><a href="#[56]">OTG_FS_IRQHandler</a> from startup_stm32f405xx.o(.text) referenced from startup_stm32f405xx.o(RESET)
 <LI><a href="#[3f]">OTG_FS_WKUP_IRQHandler</a> from startup_stm32f405xx.o(.text) referenced from startup_stm32f405xx.o(RESET)
 <LI><a href="#[5e]">OTG_HS_EP1_IN_IRQHandler</a> from startup_stm32f405xx.o(.text) referenced from startup_stm32f405xx.o(RESET)
 <LI><a href="#[5d]">OTG_HS_EP1_OUT_IRQHandler</a> from startup_stm32f405xx.o(.text) referenced from startup_stm32f405xx.o(RESET)
 <LI><a href="#[60]">OTG_HS_IRQHandler</a> from startup_stm32f405xx.o(.text) referenced from startup_stm32f405xx.o(RESET)
 <LI><a href="#[5f]">OTG_HS_WKUP_IRQHandler</a> from startup_stm32f405xx.o(.text) referenced from startup_stm32f405xx.o(RESET)
 <LI><a href="#[16]">PVD_IRQHandler</a> from startup_stm32f405xx.o(.text) referenced from startup_stm32f405xx.o(RESET)
 <LI><a href="#[13]">PendSV_Handler</a> from stm32f4xx_it.o(i.PendSV_Handler) referenced from startup_stm32f405xx.o(RESET)
 <LI><a href="#[1a]">RCC_IRQHandler</a> from startup_stm32f405xx.o(.text) referenced from startup_stm32f405xx.o(RESET)
 <LI><a href="#[3e]">RTC_Alarm_IRQHandler</a> from startup_stm32f405xx.o(.text) referenced from startup_stm32f405xx.o(RESET)
 <LI><a href="#[18]">RTC_WKUP_IRQHandler</a> from startup_stm32f405xx.o(.text) referenced from startup_stm32f405xx.o(RESET)
 <LI><a href="#[b]">Reset_Handler</a> from startup_stm32f405xx.o(.text) referenced from startup_stm32f405xx.o(RESET)
 <LI><a href="#[46]">SDIO_IRQHandler</a> from startup_stm32f405xx.o(.text) referenced from startup_stm32f405xx.o(RESET)
 <LI><a href="#[38]">SPI1_IRQHandler</a> from stm32f4xx_it.o(i.SPI1_IRQHandler) referenced from startup_stm32f405xx.o(RESET)
 <LI><a href="#[39]">SPI2_IRQHandler</a> from startup_stm32f405xx.o(.text) referenced from startup_stm32f405xx.o(RESET)
 <LI><a href="#[48]">SPI3_IRQHandler</a> from startup_stm32f405xx.o(.text) referenced from startup_stm32f405xx.o(RESET)
 <LI><a href="#[6c]">SPI_DMAAbortOnError</a> from stm32f4xx_hal_spi.o(i.SPI_DMAAbortOnError) referenced from stm32f4xx_hal_spi.o(i.HAL_SPI_IRQHandler)
 <LI><a href="#[6f]">SPI_DMAError</a> from stm32f4xx_hal_spi.o(i.SPI_DMAError) referenced from stm32f4xx_hal_spi.o(i.HAL_SPI_Receive_DMA)
 <LI><a href="#[6f]">SPI_DMAError</a> from stm32f4xx_hal_spi.o(i.SPI_DMAError) referenced from stm32f4xx_hal_spi.o(i.HAL_SPI_TransmitReceive_DMA)
 <LI><a href="#[6d]">SPI_DMAHalfReceiveCplt</a> from stm32f4xx_hal_spi.o(i.SPI_DMAHalfReceiveCplt) referenced from stm32f4xx_hal_spi.o(i.HAL_SPI_Receive_DMA)
 <LI><a href="#[6d]">SPI_DMAHalfReceiveCplt</a> from stm32f4xx_hal_spi.o(i.SPI_DMAHalfReceiveCplt) referenced from stm32f4xx_hal_spi.o(i.HAL_SPI_TransmitReceive_DMA)
 <LI><a href="#[70]">SPI_DMAHalfTransmitReceiveCplt</a> from stm32f4xx_hal_spi.o(i.SPI_DMAHalfTransmitReceiveCplt) referenced from stm32f4xx_hal_spi.o(i.HAL_SPI_TransmitReceive_DMA)
 <LI><a href="#[6e]">SPI_DMAReceiveCplt</a> from stm32f4xx_hal_spi.o(i.SPI_DMAReceiveCplt) referenced from stm32f4xx_hal_spi.o(i.HAL_SPI_Receive_DMA)
 <LI><a href="#[6e]">SPI_DMAReceiveCplt</a> from stm32f4xx_hal_spi.o(i.SPI_DMAReceiveCplt) referenced from stm32f4xx_hal_spi.o(i.HAL_SPI_TransmitReceive_DMA)
 <LI><a href="#[71]">SPI_DMATransmitReceiveCplt</a> from stm32f4xx_hal_spi.o(i.SPI_DMATransmitReceiveCplt) referenced from stm32f4xx_hal_spi.o(i.HAL_SPI_TransmitReceive_DMA)
 <LI><a href="#[11]">SVC_Handler</a> from stm32f4xx_it.o(i.SVC_Handler) referenced from startup_stm32f405xx.o(RESET)
 <LI><a href="#[14]">SysTick_Handler</a> from stm32f4xx_it.o(i.SysTick_Handler) referenced from startup_stm32f405xx.o(RESET)
 <LI><a href="#[64]">SystemInit</a> from system_stm32f4xx.o(i.SystemInit) referenced from startup_stm32f405xx.o(.text)
 <LI><a href="#[17]">TAMP_STAMP_IRQHandler</a> from startup_stm32f405xx.o(.text) referenced from startup_stm32f405xx.o(RESET)
 <LI><a href="#[2d]">TIM1_BRK_TIM9_IRQHandler</a> from startup_stm32f405xx.o(.text) referenced from startup_stm32f405xx.o(RESET)
 <LI><a href="#[30]">TIM1_CC_IRQHandler</a> from startup_stm32f405xx.o(.text) referenced from startup_stm32f405xx.o(RESET)
 <LI><a href="#[2f]">TIM1_TRG_COM_TIM11_IRQHandler</a> from startup_stm32f405xx.o(.text) referenced from startup_stm32f405xx.o(RESET)
 <LI><a href="#[2e]">TIM1_UP_TIM10_IRQHandler</a> from startup_stm32f405xx.o(.text) referenced from startup_stm32f405xx.o(RESET)
 <LI><a href="#[31]">TIM2_IRQHandler</a> from startup_stm32f405xx.o(.text) referenced from startup_stm32f405xx.o(RESET)
 <LI><a href="#[32]">TIM3_IRQHandler</a> from startup_stm32f405xx.o(.text) referenced from startup_stm32f405xx.o(RESET)
 <LI><a href="#[33]">TIM4_IRQHandler</a> from startup_stm32f405xx.o(.text) referenced from startup_stm32f405xx.o(RESET)
 <LI><a href="#[47]">TIM5_IRQHandler</a> from startup_stm32f405xx.o(.text) referenced from startup_stm32f405xx.o(RESET)
 <LI><a href="#[4b]">TIM6_DAC_IRQHandler</a> from stm32f4xx_it.o(i.TIM6_DAC_IRQHandler) referenced from startup_stm32f405xx.o(RESET)
 <LI><a href="#[4c]">TIM7_IRQHandler</a> from startup_stm32f405xx.o(.text) referenced from startup_stm32f405xx.o(RESET)
 <LI><a href="#[40]">TIM8_BRK_TIM12_IRQHandler</a> from startup_stm32f405xx.o(.text) referenced from startup_stm32f405xx.o(RESET)
 <LI><a href="#[43]">TIM8_CC_IRQHandler</a> from startup_stm32f405xx.o(.text) referenced from startup_stm32f405xx.o(RESET)
 <LI><a href="#[42]">TIM8_TRG_COM_TIM14_IRQHandler</a> from startup_stm32f405xx.o(.text) referenced from startup_stm32f405xx.o(RESET)
 <LI><a href="#[41]">TIM8_UP_TIM13_IRQHandler</a> from startup_stm32f405xx.o(.text) referenced from startup_stm32f405xx.o(RESET)
 <LI><a href="#[49]">UART4_IRQHandler</a> from startup_stm32f405xx.o(.text) referenced from startup_stm32f405xx.o(RESET)
 <LI><a href="#[4a]">UART5_IRQHandler</a> from startup_stm32f405xx.o(.text) referenced from startup_stm32f405xx.o(RESET)
 <LI><a href="#[72]">UART_DMAAbortOnError</a> from stm32f4xx_hal_uart.o(i.UART_DMAAbortOnError) referenced from stm32f4xx_hal_uart.o(i.HAL_UART_IRQHandler)
 <LI><a href="#[75]">UART_DMAError</a> from stm32f4xx_hal_uart.o(i.UART_DMAError) referenced from stm32f4xx_hal_uart.o(i.HAL_UART_Transmit_DMA)
 <LI><a href="#[75]">UART_DMAError</a> from stm32f4xx_hal_uart.o(i.UART_DMAError) referenced from stm32f4xx_hal_uart.o(i.UART_Start_Receive_DMA)
 <LI><a href="#[76]">UART_DMAReceiveCplt</a> from stm32f4xx_hal_uart.o(i.UART_DMAReceiveCplt) referenced from stm32f4xx_hal_uart.o(i.UART_Start_Receive_DMA)
 <LI><a href="#[77]">UART_DMARxHalfCplt</a> from stm32f4xx_hal_uart.o(i.UART_DMARxHalfCplt) referenced from stm32f4xx_hal_uart.o(i.UART_Start_Receive_DMA)
 <LI><a href="#[73]">UART_DMATransmitCplt</a> from stm32f4xx_hal_uart.o(i.UART_DMATransmitCplt) referenced from stm32f4xx_hal_uart.o(i.HAL_UART_Transmit_DMA)
 <LI><a href="#[74]">UART_DMATxHalfCplt</a> from stm32f4xx_hal_uart.o(i.UART_DMATxHalfCplt) referenced from stm32f4xx_hal_uart.o(i.HAL_UART_Transmit_DMA)
 <LI><a href="#[3a]">USART1_IRQHandler</a> from stm32f4xx_it.o(i.USART1_IRQHandler) referenced from startup_stm32f405xx.o(RESET)
 <LI><a href="#[3b]">USART2_IRQHandler</a> from stm32f4xx_it.o(i.USART2_IRQHandler) referenced from startup_stm32f405xx.o(RESET)
 <LI><a href="#[3c]">USART3_IRQHandler</a> from startup_stm32f405xx.o(.text) referenced from startup_stm32f405xx.o(RESET)
 <LI><a href="#[5a]">USART6_IRQHandler</a> from stm32f4xx_it.o(i.USART6_IRQHandler) referenced from startup_stm32f405xx.o(RESET)
 <LI><a href="#[10]">UsageFault_Handler</a> from stm32f4xx_it.o(i.UsageFault_Handler) referenced from startup_stm32f405xx.o(RESET)
 <LI><a href="#[15]">WWDG_IRQHandler</a> from startup_stm32f405xx.o(.text) referenced from startup_stm32f405xx.o(RESET)
 <LI><a href="#[65]">__main</a> from entry.o(.ARM.Collect$$$$00000000) referenced from startup_stm32f405xx.o(.text)
 <LI><a href="#[67]">_sbackspace</a> from _sgetc.o(.text) referenced from strtod.o(.text)
 <LI><a href="#[66]">_sgetc</a> from _sgetc.o(.text) referenced from strtod.o(.text)
 <LI><a href="#[7e]">axis_brake</a> from servo_axis.o(i.axis_brake) referenced from servo_axis.o(i.dev_servo_axis_init)
 <LI><a href="#[89]">axis_calibrate_current_bias</a> from servo_axis.o(i.axis_calibrate_current_bias) referenced from servo_axis.o(i.dev_servo_axis_init)
 <LI><a href="#[8a]">axis_check_soft_limit</a> from servo_axis.o(i.axis_check_soft_limit) referenced from servo_axis.o(i.dev_servo_axis_init)
 <LI><a href="#[7c]">axis_clear_all</a> from servo_axis.o(i.axis_clear_all) referenced from servo_axis.o(i.dev_servo_axis_init)
 <LI><a href="#[85]">axis_clear_fault</a> from servo_axis.o(i.axis_clear_fault) referenced from servo_axis.o(i.dev_servo_axis_init)
 <LI><a href="#[7b]">axis_clear_loops</a> from servo_axis.o(i.axis_clear_loops) referenced from servo_axis.o(i.dev_servo_axis_init)
 <LI><a href="#[7d]">axis_enable</a> from servo_axis.o(i.axis_enable) referenced from servo_axis.o(i.dev_servo_axis_init)
 <LI><a href="#[82]">axis_get_angle</a> from servo_axis.o(i.axis_get_angle) referenced from servo_axis.o(i.dev_servo_axis_init)
 <LI><a href="#[88]">axis_get_dir</a> from servo_axis.o(i.axis_get_dir) referenced from servo_axis.o(i.dev_servo_axis_init)
 <LI><a href="#[84]">axis_get_fault</a> from servo_axis.o(i.axis_get_fault) referenced from servo_axis.o(i.dev_servo_axis_init)
 <LI><a href="#[83]">axis_get_vel</a> from servo_axis.o(i.axis_get_vel) referenced from servo_axis.o(i.dev_servo_axis_init)
 <LI><a href="#[7a]">axis_run_loop</a> from servo_axis.o(i.axis_run_loop) referenced from servo_axis.o(i.dev_servo_axis_init)
 <LI><a href="#[86]">axis_set_couple</a> from servo_axis.o(i.axis_set_couple) referenced from servo_axis.o(i.dev_servo_axis_init)
 <LI><a href="#[87]">axis_set_dir</a> from servo_axis.o(i.axis_set_dir) referenced from servo_axis.o(i.dev_servo_axis_init)
 <LI><a href="#[7f]">axis_set_pos_tgt</a> from servo_axis.o(i.axis_set_pos_tgt) referenced from servo_axis.o(i.dev_servo_axis_init)
 <LI><a href="#[80]">axis_set_vel_tgt</a> from servo_axis.o(i.axis_set_vel_tgt) referenced from servo_axis.o(i.dev_servo_axis_init)
 <LI><a href="#[81]">axis_set_zero</a> from servo_axis.o(i.axis_set_zero) referenced from servo_axis.o(i.dev_servo_axis_init)
 <LI><a href="#[79]">axis_sync_feedback</a> from servo_axis.o(i.axis_sync_feedback) referenced from servo_axis.o(i.dev_servo_axis_init)
 <LI><a href="#[8b]">axis_update_in_place</a> from servo_axis.o(i.axis_update_in_place) referenced from servo_axis.o(i.dev_servo_axis_init)
 <LI><a href="#[78]">axis_update_sensor</a> from servo_axis.o(i.axis_update_sensor) referenced from servo_axis.o(i.dev_servo_axis_init)
 <LI><a href="#[9c]">fw_get_cur_mA</a> from servo_module.o(i.fw_get_cur_mA) referenced from servo_module.o(.constdata)
 <LI><a href="#[9d]">fw_get_enc_raw</a> from servo_module.o(i.fw_get_enc_raw) referenced from servo_module.o(.constdata)
 <LI><a href="#[9e]">fw_set_cur_mA</a> from servo_module.o(i.fw_set_cur_mA) referenced from servo_module.o(.constdata)
 <LI><a href="#[9f]">gd_get_cur_mA</a> from servo_module.o(i.gd_get_cur_mA) referenced from servo_module.o(.constdata)
 <LI><a href="#[a0]">gd_get_enc_raw</a> from servo_module.o(i.gd_get_enc_raw) referenced from servo_module.o(.constdata)
 <LI><a href="#[a1]">gd_hard_en</a> from servo_module.o(i.gd_hard_en) referenced from servo_module.o(.constdata)
 <LI><a href="#[a2]">gd_set_pwm</a> from servo_module.o(i.gd_set_pwm) referenced from servo_module.o(.constdata)
 <LI><a href="#[68]">isspace</a> from isspace_o.o(.text) referenced from strtod.o(.text)
 <LI><a href="#[63]">main</a> from main.o(i.main) referenced from entry9a.o(.ARM.Collect$$$$0000000B)
 <LI><a href="#[93]">servo_emerg_brake</a> from servo_controller.o(i.servo_emerg_brake) referenced from servo_controller.o(i.dev_servo_init)
 <LI><a href="#[95]">servo_get_axis</a> from servo_controller.o(i.servo_get_axis) referenced from servo_controller.o(i.dev_servo_init)
 <LI><a href="#[94]">servo_get_state</a> from servo_controller.o(i.servo_get_state) referenced from servo_controller.o(i.dev_servo_init)
 <LI><a href="#[8d]">servo_set_cmd</a> from servo_controller.o(i.servo_set_cmd) referenced from servo_controller.o(i.dev_servo_init)
 <LI><a href="#[96]">servo_set_current</a> from servo_controller.o(i.servo_set_current) referenced from servo_controller.o(i.dev_servo_init)
 <LI><a href="#[92]">servo_set_geo</a> from servo_controller.o(i.servo_set_geo) referenced from servo_controller.o(i.dev_servo_init)
 <LI><a href="#[91]">servo_set_miss</a> from servo_controller.o(i.servo_set_miss) referenced from servo_controller.o(i.dev_servo_init)
 <LI><a href="#[8e]">servo_set_mode</a> from servo_controller.o(i.servo_set_mode) referenced from servo_controller.o(i.dev_servo_init)
 <LI><a href="#[8f]">servo_set_position</a> from servo_controller.o(i.servo_set_position) referenced from servo_controller.o(i.dev_servo_init)
 <LI><a href="#[90]">servo_set_velocity</a> from servo_controller.o(i.servo_set_velocity) referenced from servo_controller.o(i.dev_servo_init)
 <LI><a href="#[8c]">servo_update</a> from servo_controller.o(i.servo_update) referenced from servo_controller.o(i.dev_servo_init)
 <LI><a href="#[9a]">test_excitation</a> from servo_test.o(i.test_excitation) referenced from servo_test.o(i.dev_servo_test_init)
 <LI><a href="#[9b]">test_is_running</a> from servo_test.o(i.test_is_running) referenced from servo_test.o(i.dev_servo_test_init)
 <LI><a href="#[97]">test_start</a> from servo_test.o(i.test_start) referenced from servo_test.o(i.dev_servo_test_init)
 <LI><a href="#[98]">test_stop</a> from servo_test.o(i.test_stop) referenced from servo_test.o(i.dev_servo_test_init)
 <LI><a href="#[99]">test_tick</a> from servo_test.o(i.test_tick) referenced from servo_test.o(i.dev_servo_test_init)
</UL>
<P>
<H3>
Global Symbols
</H3>
<P><STRONG><a name="[65]"></a>__main</STRONG> (Thumb, 0 bytes, Stack size unknown bytes, entry.o(.ARM.Collect$$$$00000000))
<BR>[Address Reference Count : 1]<UL><LI> startup_stm32f405xx.o(.text)
</UL>
<P><STRONG><a name="[201]"></a>_main_stk</STRONG> (Thumb, 0 bytes, Stack size unknown bytes, entry2.o(.ARM.Collect$$$$00000001))

<P><STRONG><a name="[a3]"></a>_main_scatterload</STRONG> (Thumb, 0 bytes, Stack size unknown bytes, entry5.o(.ARM.Collect$$$$00000004))
<BR><BR>[Calls]<UL><LI><a href="#[a4]">&gt;&gt;</a>&nbsp;&nbsp;&nbsp;__scatterload
</UL>

<P><STRONG><a name="[c5]"></a>__main_after_scatterload</STRONG> (Thumb, 0 bytes, Stack size unknown bytes, entry5.o(.ARM.Collect$$$$00000004))
<BR><BR>[Called By]<UL><LI><a href="#[a4]">&gt;&gt;</a>&nbsp;&nbsp;&nbsp;__scatterload
</UL>

<P><STRONG><a name="[202]"></a>_main_clock</STRONG> (Thumb, 0 bytes, Stack size unknown bytes, entry7b.o(.ARM.Collect$$$$00000008))

<P><STRONG><a name="[203]"></a>_main_cpp_init</STRONG> (Thumb, 0 bytes, Stack size unknown bytes, entry8b.o(.ARM.Collect$$$$0000000A))

<P><STRONG><a name="[204]"></a>_main_init</STRONG> (Thumb, 0 bytes, Stack size unknown bytes, entry9a.o(.ARM.Collect$$$$0000000B))

<P><STRONG><a name="[205]"></a>__rt_final_cpp</STRONG> (Thumb, 0 bytes, Stack size unknown bytes, entry10a.o(.ARM.Collect$$$$0000000D))

<P><STRONG><a name="[206]"></a>__rt_final_exit</STRONG> (Thumb, 0 bytes, Stack size unknown bytes, entry11a.o(.ARM.Collect$$$$0000000F))

<P><STRONG><a name="[b]"></a>Reset_Handler</STRONG> (Thumb, 8 bytes, Stack size 0 bytes, startup_stm32f405xx.o(.text))
<BR>[Address Reference Count : 1]<UL><LI> startup_stm32f405xx.o(RESET)
</UL>
<P><STRONG><a name="[27]"></a>ADC_IRQHandler</STRONG> (Thumb, 0 bytes, Stack size 0 bytes, startup_stm32f405xx.o(.text))
<BR><BR>[Calls]<UL><LI><a href="#[27]">&gt;&gt;</a>&nbsp;&nbsp;&nbsp;ADC_IRQHandler
</UL>
<BR>[Called By]<UL><LI><a href="#[27]">&gt;&gt;</a>&nbsp;&nbsp;&nbsp;ADC_IRQHandler
</UL>
<BR>[Address Reference Count : 1]<UL><LI> startup_stm32f405xx.o(RESET)
</UL>
<P><STRONG><a name="[29]"></a>CAN1_RX0_IRQHandler</STRONG> (Thumb, 0 bytes, Stack size 0 bytes, startup_stm32f405xx.o(.text))
<BR>[Address Reference Count : 1]<UL><LI> startup_stm32f405xx.o(RESET)
</UL>
<P><STRONG><a name="[2a]"></a>CAN1_RX1_IRQHandler</STRONG> (Thumb, 0 bytes, Stack size 0 bytes, startup_stm32f405xx.o(.text))
<BR>[Address Reference Count : 1]<UL><LI> startup_stm32f405xx.o(RESET)
</UL>
<P><STRONG><a name="[2b]"></a>CAN1_SCE_IRQHandler</STRONG> (Thumb, 0 bytes, Stack size 0 bytes, startup_stm32f405xx.o(.text))
<BR>[Address Reference Count : 1]<UL><LI> startup_stm32f405xx.o(RESET)
</UL>
<P><STRONG><a name="[28]"></a>CAN1_TX_IRQHandler</STRONG> (Thumb, 0 bytes, Stack size 0 bytes, startup_stm32f405xx.o(.text))
<BR>[Address Reference Count : 1]<UL><LI> startup_stm32f405xx.o(RESET)
</UL>
<P><STRONG><a name="[53]"></a>CAN2_RX0_IRQHandler</STRONG> (Thumb, 0 bytes, Stack size 0 bytes, startup_stm32f405xx.o(.text))
<BR>[Address Reference Count : 1]<UL><LI> startup_stm32f405xx.o(RESET)
</UL>
<P><STRONG><a name="[54]"></a>CAN2_RX1_IRQHandler</STRONG> (Thumb, 0 bytes, Stack size 0 bytes, startup_stm32f405xx.o(.text))
<BR>[Address Reference Count : 1]<UL><LI> startup_stm32f405xx.o(RESET)
</UL>
<P><STRONG><a name="[55]"></a>CAN2_SCE_IRQHandler</STRONG> (Thumb, 0 bytes, Stack size 0 bytes, startup_stm32f405xx.o(.text))
<BR>[Address Reference Count : 1]<UL><LI> startup_stm32f405xx.o(RESET)
</UL>
<P><STRONG><a name="[52]"></a>CAN2_TX_IRQHandler</STRONG> (Thumb, 0 bytes, Stack size 0 bytes, startup_stm32f405xx.o(.text))
<BR>[Address Reference Count : 1]<UL><LI> startup_stm32f405xx.o(RESET)
</UL>
<P><STRONG><a name="[20]"></a>DMA1_Stream0_IRQHandler</STRONG> (Thumb, 0 bytes, Stack size 0 bytes, startup_stm32f405xx.o(.text))
<BR>[Address Reference Count : 1]<UL><LI> startup_stm32f405xx.o(RESET)
</UL>
<P><STRONG><a name="[21]"></a>DMA1_Stream1_IRQHandler</STRONG> (Thumb, 0 bytes, Stack size 0 bytes, startup_stm32f405xx.o(.text))
<BR>[Address Reference Count : 1]<UL><LI> startup_stm32f405xx.o(RESET)
</UL>
<P><STRONG><a name="[22]"></a>DMA1_Stream2_IRQHandler</STRONG> (Thumb, 0 bytes, Stack size 0 bytes, startup_stm32f405xx.o(.text))
<BR>[Address Reference Count : 1]<UL><LI> startup_stm32f405xx.o(RESET)
</UL>
<P><STRONG><a name="[23]"></a>DMA1_Stream3_IRQHandler</STRONG> (Thumb, 0 bytes, Stack size 0 bytes, startup_stm32f405xx.o(.text))
<BR>[Address Reference Count : 1]<UL><LI> startup_stm32f405xx.o(RESET)
</UL>
<P><STRONG><a name="[24]"></a>DMA1_Stream4_IRQHandler</STRONG> (Thumb, 0 bytes, Stack size 0 bytes, startup_stm32f405xx.o(.text))
<BR>[Address Reference Count : 1]<UL><LI> startup_stm32f405xx.o(RESET)
</UL>
<P><STRONG><a name="[44]"></a>DMA1_Stream7_IRQHandler</STRONG> (Thumb, 0 bytes, Stack size 0 bytes, startup_stm32f405xx.o(.text))
<BR>[Address Reference Count : 1]<UL><LI> startup_stm32f405xx.o(RESET)
</UL>
<P><STRONG><a name="[51]"></a>DMA2_Stream4_IRQHandler</STRONG> (Thumb, 0 bytes, Stack size 0 bytes, startup_stm32f405xx.o(.text))
<BR>[Address Reference Count : 1]<UL><LI> startup_stm32f405xx.o(RESET)
</UL>
<P><STRONG><a name="[58]"></a>DMA2_Stream6_IRQHandler</STRONG> (Thumb, 0 bytes, Stack size 0 bytes, startup_stm32f405xx.o(.text))
<BR>[Address Reference Count : 1]<UL><LI> startup_stm32f405xx.o(RESET)
</UL>
<P><STRONG><a name="[1b]"></a>EXTI0_IRQHandler</STRONG> (Thumb, 0 bytes, Stack size 0 bytes, startup_stm32f405xx.o(.text))
<BR>[Address Reference Count : 1]<UL><LI> startup_stm32f405xx.o(RESET)
</UL>
<P><STRONG><a name="[3d]"></a>EXTI15_10_IRQHandler</STRONG> (Thumb, 0 bytes, Stack size 0 bytes, startup_stm32f405xx.o(.text))
<BR>[Address Reference Count : 1]<UL><LI> startup_stm32f405xx.o(RESET)
</UL>
<P><STRONG><a name="[1c]"></a>EXTI1_IRQHandler</STRONG> (Thumb, 0 bytes, Stack size 0 bytes, startup_stm32f405xx.o(.text))
<BR>[Address Reference Count : 1]<UL><LI> startup_stm32f405xx.o(RESET)
</UL>
<P><STRONG><a name="[1d]"></a>EXTI2_IRQHandler</STRONG> (Thumb, 0 bytes, Stack size 0 bytes, startup_stm32f405xx.o(.text))
<BR>[Address Reference Count : 1]<UL><LI> startup_stm32f405xx.o(RESET)
</UL>
<P><STRONG><a name="[1e]"></a>EXTI3_IRQHandler</STRONG> (Thumb, 0 bytes, Stack size 0 bytes, startup_stm32f405xx.o(.text))
<BR>[Address Reference Count : 1]<UL><LI> startup_stm32f405xx.o(RESET)
</UL>
<P><STRONG><a name="[1f]"></a>EXTI4_IRQHandler</STRONG> (Thumb, 0 bytes, Stack size 0 bytes, startup_stm32f405xx.o(.text))
<BR>[Address Reference Count : 1]<UL><LI> startup_stm32f405xx.o(RESET)
</UL>
<P><STRONG><a name="[2c]"></a>EXTI9_5_IRQHandler</STRONG> (Thumb, 0 bytes, Stack size 0 bytes, startup_stm32f405xx.o(.text))
<BR>[Address Reference Count : 1]<UL><LI> startup_stm32f405xx.o(RESET)
</UL>
<P><STRONG><a name="[19]"></a>FLASH_IRQHandler</STRONG> (Thumb, 0 bytes, Stack size 0 bytes, startup_stm32f405xx.o(.text))
<BR>[Address Reference Count : 1]<UL><LI> startup_stm32f405xx.o(RESET)
</UL>
<P><STRONG><a name="[45]"></a>FMC_IRQHandler</STRONG> (Thumb, 0 bytes, Stack size 0 bytes, startup_stm32f405xx.o(.text))
<BR>[Address Reference Count : 1]<UL><LI> startup_stm32f405xx.o(RESET)
</UL>
<P><STRONG><a name="[62]"></a>FPU_IRQHandler</STRONG> (Thumb, 0 bytes, Stack size 0 bytes, startup_stm32f405xx.o(.text))
<BR>[Address Reference Count : 1]<UL><LI> startup_stm32f405xx.o(RESET)
</UL>
<P><STRONG><a name="[61]"></a>HASH_RNG_IRQHandler</STRONG> (Thumb, 0 bytes, Stack size 0 bytes, startup_stm32f405xx.o(.text))
<BR>[Address Reference Count : 1]<UL><LI> startup_stm32f405xx.o(RESET)
</UL>
<P><STRONG><a name="[35]"></a>I2C1_ER_IRQHandler</STRONG> (Thumb, 0 bytes, Stack size 0 bytes, startup_stm32f405xx.o(.text))
<BR>[Address Reference Count : 1]<UL><LI> startup_stm32f405xx.o(RESET)
</UL>
<P><STRONG><a name="[34]"></a>I2C1_EV_IRQHandler</STRONG> (Thumb, 0 bytes, Stack size 0 bytes, startup_stm32f405xx.o(.text))
<BR>[Address Reference Count : 1]<UL><LI> startup_stm32f405xx.o(RESET)
</UL>
<P><STRONG><a name="[37]"></a>I2C2_ER_IRQHandler</STRONG> (Thumb, 0 bytes, Stack size 0 bytes, startup_stm32f405xx.o(.text))
<BR>[Address Reference Count : 1]<UL><LI> startup_stm32f405xx.o(RESET)
</UL>
<P><STRONG><a name="[36]"></a>I2C2_EV_IRQHandler</STRONG> (Thumb, 0 bytes, Stack size 0 bytes, startup_stm32f405xx.o(.text))
<BR>[Address Reference Count : 1]<UL><LI> startup_stm32f405xx.o(RESET)
</UL>
<P><STRONG><a name="[5c]"></a>I2C3_ER_IRQHandler</STRONG> (Thumb, 0 bytes, Stack size 0 bytes, startup_stm32f405xx.o(.text))
<BR>[Address Reference Count : 1]<UL><LI> startup_stm32f405xx.o(RESET)
</UL>
<P><STRONG><a name="[5b]"></a>I2C3_EV_IRQHandler</STRONG> (Thumb, 0 bytes, Stack size 0 bytes, startup_stm32f405xx.o(.text))
<BR>[Address Reference Count : 1]<UL><LI> startup_stm32f405xx.o(RESET)
</UL>
<P><STRONG><a name="[56]"></a>OTG_FS_IRQHandler</STRONG> (Thumb, 0 bytes, Stack size 0 bytes, startup_stm32f405xx.o(.text))
<BR>[Address Reference Count : 1]<UL><LI> startup_stm32f405xx.o(RESET)
</UL>
<P><STRONG><a name="[3f]"></a>OTG_FS_WKUP_IRQHandler</STRONG> (Thumb, 0 bytes, Stack size 0 bytes, startup_stm32f405xx.o(.text))
<BR>[Address Reference Count : 1]<UL><LI> startup_stm32f405xx.o(RESET)
</UL>
<P><STRONG><a name="[5e]"></a>OTG_HS_EP1_IN_IRQHandler</STRONG> (Thumb, 0 bytes, Stack size 0 bytes, startup_stm32f405xx.o(.text))
<BR>[Address Reference Count : 1]<UL><LI> startup_stm32f405xx.o(RESET)
</UL>
<P><STRONG><a name="[5d]"></a>OTG_HS_EP1_OUT_IRQHandler</STRONG> (Thumb, 0 bytes, Stack size 0 bytes, startup_stm32f405xx.o(.text))
<BR>[Address Reference Count : 1]<UL><LI> startup_stm32f405xx.o(RESET)
</UL>
<P><STRONG><a name="[60]"></a>OTG_HS_IRQHandler</STRONG> (Thumb, 0 bytes, Stack size 0 bytes, startup_stm32f405xx.o(.text))
<BR>[Address Reference Count : 1]<UL><LI> startup_stm32f405xx.o(RESET)
</UL>
<P><STRONG><a name="[5f]"></a>OTG_HS_WKUP_IRQHandler</STRONG> (Thumb, 0 bytes, Stack size 0 bytes, startup_stm32f405xx.o(.text))
<BR>[Address Reference Count : 1]<UL><LI> startup_stm32f405xx.o(RESET)
</UL>
<P><STRONG><a name="[16]"></a>PVD_IRQHandler</STRONG> (Thumb, 0 bytes, Stack size 0 bytes, startup_stm32f405xx.o(.text))
<BR>[Address Reference Count : 1]<UL><LI> startup_stm32f405xx.o(RESET)
</UL>
<P><STRONG><a name="[1a]"></a>RCC_IRQHandler</STRONG> (Thumb, 0 bytes, Stack size 0 bytes, startup_stm32f405xx.o(.text))
<BR>[Address Reference Count : 1]<UL><LI> startup_stm32f405xx.o(RESET)
</UL>
<P><STRONG><a name="[3e]"></a>RTC_Alarm_IRQHandler</STRONG> (Thumb, 0 bytes, Stack size 0 bytes, startup_stm32f405xx.o(.text))
<BR>[Address Reference Count : 1]<UL><LI> startup_stm32f405xx.o(RESET)
</UL>
<P><STRONG><a name="[18]"></a>RTC_WKUP_IRQHandler</STRONG> (Thumb, 0 bytes, Stack size 0 bytes, startup_stm32f405xx.o(.text))
<BR>[Address Reference Count : 1]<UL><LI> startup_stm32f405xx.o(RESET)
</UL>
<P><STRONG><a name="[46]"></a>SDIO_IRQHandler</STRONG> (Thumb, 0 bytes, Stack size 0 bytes, startup_stm32f405xx.o(.text))
<BR>[Address Reference Count : 1]<UL><LI> startup_stm32f405xx.o(RESET)
</UL>
<P><STRONG><a name="[39]"></a>SPI2_IRQHandler</STRONG> (Thumb, 0 bytes, Stack size 0 bytes, startup_stm32f405xx.o(.text))
<BR>[Address Reference Count : 1]<UL><LI> startup_stm32f405xx.o(RESET)
</UL>
<P><STRONG><a name="[48]"></a>SPI3_IRQHandler</STRONG> (Thumb, 0 bytes, Stack size 0 bytes, startup_stm32f405xx.o(.text))
<BR>[Address Reference Count : 1]<UL><LI> startup_stm32f405xx.o(RESET)
</UL>
<P><STRONG><a name="[17]"></a>TAMP_STAMP_IRQHandler</STRONG> (Thumb, 0 bytes, Stack size 0 bytes, startup_stm32f405xx.o(.text))
<BR>[Address Reference Count : 1]<UL><LI> startup_stm32f405xx.o(RESET)
</UL>
<P><STRONG><a name="[2d]"></a>TIM1_BRK_TIM9_IRQHandler</STRONG> (Thumb, 0 bytes, Stack size 0 bytes, startup_stm32f405xx.o(.text))
<BR>[Address Reference Count : 1]<UL><LI> startup_stm32f405xx.o(RESET)
</UL>
<P><STRONG><a name="[30]"></a>TIM1_CC_IRQHandler</STRONG> (Thumb, 0 bytes, Stack size 0 bytes, startup_stm32f405xx.o(.text))
<BR>[Address Reference Count : 1]<UL><LI> startup_stm32f405xx.o(RESET)
</UL>
<P><STRONG><a name="[2f]"></a>TIM1_TRG_COM_TIM11_IRQHandler</STRONG> (Thumb, 0 bytes, Stack size 0 bytes, startup_stm32f405xx.o(.text))
<BR>[Address Reference Count : 1]<UL><LI> startup_stm32f405xx.o(RESET)
</UL>
<P><STRONG><a name="[2e]"></a>TIM1_UP_TIM10_IRQHandler</STRONG> (Thumb, 0 bytes, Stack size 0 bytes, startup_stm32f405xx.o(.text))
<BR>[Address Reference Count : 1]<UL><LI> startup_stm32f405xx.o(RESET)
</UL>
<P><STRONG><a name="[31]"></a>TIM2_IRQHandler</STRONG> (Thumb, 0 bytes, Stack size 0 bytes, startup_stm32f405xx.o(.text))
<BR>[Address Reference Count : 1]<UL><LI> startup_stm32f405xx.o(RESET)
</UL>
<P><STRONG><a name="[32]"></a>TIM3_IRQHandler</STRONG> (Thumb, 0 bytes, Stack size 0 bytes, startup_stm32f405xx.o(.text))
<BR>[Address Reference Count : 1]<UL><LI> startup_stm32f405xx.o(RESET)
</UL>
<P><STRONG><a name="[33]"></a>TIM4_IRQHandler</STRONG> (Thumb, 0 bytes, Stack size 0 bytes, startup_stm32f405xx.o(.text))
<BR>[Address Reference Count : 1]<UL><LI> startup_stm32f405xx.o(RESET)
</UL>
<P><STRONG><a name="[47]"></a>TIM5_IRQHandler</STRONG> (Thumb, 0 bytes, Stack size 0 bytes, startup_stm32f405xx.o(.text))
<BR>[Address Reference Count : 1]<UL><LI> startup_stm32f405xx.o(RESET)
</UL>
<P><STRONG><a name="[4c]"></a>TIM7_IRQHandler</STRONG> (Thumb, 0 bytes, Stack size 0 bytes, startup_stm32f405xx.o(.text))
<BR>[Address Reference Count : 1]<UL><LI> startup_stm32f405xx.o(RESET)
</UL>
<P><STRONG><a name="[40]"></a>TIM8_BRK_TIM12_IRQHandler</STRONG> (Thumb, 0 bytes, Stack size 0 bytes, startup_stm32f405xx.o(.text))
<BR>[Address Reference Count : 1]<UL><LI> startup_stm32f405xx.o(RESET)
</UL>
<P><STRONG><a name="[43]"></a>TIM8_CC_IRQHandler</STRONG> (Thumb, 0 bytes, Stack size 0 bytes, startup_stm32f405xx.o(.text))
<BR>[Address Reference Count : 1]<UL><LI> startup_stm32f405xx.o(RESET)
</UL>
<P><STRONG><a name="[42]"></a>TIM8_TRG_COM_TIM14_IRQHandler</STRONG> (Thumb, 0 bytes, Stack size 0 bytes, startup_stm32f405xx.o(.text))
<BR>[Address Reference Count : 1]<UL><LI> startup_stm32f405xx.o(RESET)
</UL>
<P><STRONG><a name="[41]"></a>TIM8_UP_TIM13_IRQHandler</STRONG> (Thumb, 0 bytes, Stack size 0 bytes, startup_stm32f405xx.o(.text))
<BR>[Address Reference Count : 1]<UL><LI> startup_stm32f405xx.o(RESET)
</UL>
<P><STRONG><a name="[49]"></a>UART4_IRQHandler</STRONG> (Thumb, 0 bytes, Stack size 0 bytes, startup_stm32f405xx.o(.text))
<BR>[Address Reference Count : 1]<UL><LI> startup_stm32f405xx.o(RESET)
</UL>
<P><STRONG><a name="[4a]"></a>UART5_IRQHandler</STRONG> (Thumb, 0 bytes, Stack size 0 bytes, startup_stm32f405xx.o(.text))
<BR>[Address Reference Count : 1]<UL><LI> startup_stm32f405xx.o(RESET)
</UL>
<P><STRONG><a name="[3c]"></a>USART3_IRQHandler</STRONG> (Thumb, 0 bytes, Stack size 0 bytes, startup_stm32f405xx.o(.text))
<BR>[Address Reference Count : 1]<UL><LI> startup_stm32f405xx.o(RESET)
</UL>
<P><STRONG><a name="[15]"></a>WWDG_IRQHandler</STRONG> (Thumb, 0 bytes, Stack size 0 bytes, startup_stm32f405xx.o(.text))
<BR>[Address Reference Count : 1]<UL><LI> startup_stm32f405xx.o(RESET)
</UL>
<P><STRONG><a name="[a5]"></a>__aeabi_uldivmod</STRONG> (Thumb, 98 bytes, Stack size 40 bytes, uldiv.o(.text))
<BR><BR>[Stack]<UL><LI>Max Depth = 40<LI>Call Chain = __aeabi_uldivmod
</UL>
<BR>[Calls]<UL><LI><a href="#[a6]">&gt;&gt;</a>&nbsp;&nbsp;&nbsp;__aeabi_llsr
<LI><a href="#[a7]">&gt;&gt;</a>&nbsp;&nbsp;&nbsp;__aeabi_llsl
</UL>
<BR>[Called By]<UL><LI><a href="#[11a]">&gt;&gt;</a>&nbsp;&nbsp;&nbsp;HAL_RCC_GetSysClockFreq
<LI><a href="#[14f]">&gt;&gt;</a>&nbsp;&nbsp;&nbsp;UART_SetConfig
</UL>

<P><STRONG><a name="[152]"></a>__aeabi_memcpy</STRONG> (Thumb, 36 bytes, Stack size 0 bytes, memcpya.o(.text))
<BR><BR>[Called By]<UL><LI><a href="#[151]">&gt;&gt;</a>&nbsp;&nbsp;&nbsp;HAL_UART_RxCpltCallback
<LI><a href="#[179]">&gt;&gt;</a>&nbsp;&nbsp;&nbsp;RtkNmea_Rx_GetSentence
<LI><a href="#[1e7]">&gt;&gt;</a>&nbsp;&nbsp;&nbsp;rtk_queue_push
<LI><a href="#[16e]">&gt;&gt;</a>&nbsp;&nbsp;&nbsp;rtk_sentence_id
</UL>

<P><STRONG><a name="[fe]"></a>__aeabi_memcpy4</STRONG> (Thumb, 0 bytes, Stack size 0 bytes, memcpya.o(.text))
<BR><BR>[Called By]<UL><LI><a href="#[e2]">&gt;&gt;</a>&nbsp;&nbsp;&nbsp;servo_module_init
<LI><a href="#[100]">&gt;&gt;</a>&nbsp;&nbsp;&nbsp;Triangle_Fun_Cal
<LI><a href="#[101]">&gt;&gt;</a>&nbsp;&nbsp;&nbsp;OrientLoadCal
<LI><a href="#[151]">&gt;&gt;</a>&nbsp;&nbsp;&nbsp;HAL_UART_RxCpltCallback
<LI><a href="#[ef]">&gt;&gt;</a>&nbsp;&nbsp;&nbsp;GEO
<LI><a href="#[db]">&gt;&gt;</a>&nbsp;&nbsp;&nbsp;SEND_IMAGE_CMD_Handle
<LI><a href="#[1df]">&gt;&gt;</a>&nbsp;&nbsp;&nbsp;dev_servo_axis_load_default_param
<LI><a href="#[1dd]">&gt;&gt;</a>&nbsp;&nbsp;&nbsp;dev_servo_axis_init
<LI><a href="#[8d]">&gt;&gt;</a>&nbsp;&nbsp;&nbsp;servo_set_cmd
<LI><a href="#[94]">&gt;&gt;</a>&nbsp;&nbsp;&nbsp;servo_get_state
<LI><a href="#[97]">&gt;&gt;</a>&nbsp;&nbsp;&nbsp;test_start
</UL>

<P><STRONG><a name="[207]"></a>__aeabi_memcpy8</STRONG> (Thumb, 0 bytes, Stack size 0 bytes, memcpya.o(.text), UNUSED)

<P><STRONG><a name="[a9]"></a>__aeabi_memset</STRONG> (Thumb, 14 bytes, Stack size 0 bytes, memseta.o(.text), UNUSED)
<BR><BR>[Called By]<UL><LI><a href="#[aa]">&gt;&gt;</a>&nbsp;&nbsp;&nbsp;_memset$wrapper
<LI><a href="#[a8]">&gt;&gt;</a>&nbsp;&nbsp;&nbsp;__aeabi_memclr
</UL>

<P><STRONG><a name="[208]"></a>__aeabi_memset4</STRONG> (Thumb, 0 bytes, Stack size 0 bytes, memseta.o(.text), UNUSED)

<P><STRONG><a name="[209]"></a>__aeabi_memset8</STRONG> (Thumb, 0 bytes, Stack size 0 bytes, memseta.o(.text), UNUSED)

<P><STRONG><a name="[a8]"></a>__aeabi_memclr</STRONG> (Thumb, 4 bytes, Stack size 0 bytes, memseta.o(.text), UNUSED)
<BR><BR>[Calls]<UL><LI><a href="#[a9]">&gt;&gt;</a>&nbsp;&nbsp;&nbsp;__aeabi_memset
</UL>

<P><STRONG><a name="[ed]"></a>__aeabi_memclr4</STRONG> (Thumb, 0 bytes, Stack size 0 bytes, memseta.o(.text))
<BR><BR>[Called By]<UL><LI><a href="#[108]">&gt;&gt;</a>&nbsp;&nbsp;&nbsp;HAL_ADC_MspInit
<LI><a href="#[15a]">&gt;&gt;</a>&nbsp;&nbsp;&nbsp;MX_TIM3_Init
<LI><a href="#[158]">&gt;&gt;</a>&nbsp;&nbsp;&nbsp;MX_GPIO_Init
<LI><a href="#[188]">&gt;&gt;</a>&nbsp;&nbsp;&nbsp;SystemClock_Config
<LI><a href="#[e0]">&gt;&gt;</a>&nbsp;&nbsp;&nbsp;RtkNmea_Rx_Init
<LI><a href="#[5]">&gt;&gt;</a>&nbsp;&nbsp;&nbsp;CMD_REC_Trace
<LI><a href="#[a]">&gt;&gt;</a>&nbsp;&nbsp;&nbsp;CMD_REC_Stepmove
<LI><a href="#[2]">&gt;&gt;</a>&nbsp;&nbsp;&nbsp;CMD_REC_Speed_Move
<LI><a href="#[3]">&gt;&gt;</a>&nbsp;&nbsp;&nbsp;CMD_REC_PLACE_Move
<LI><a href="#[6]">&gt;&gt;</a>&nbsp;&nbsp;&nbsp;CMD_REC_Collect
<LI><a href="#[1]">&gt;&gt;</a>&nbsp;&nbsp;&nbsp;CMD_REC_Brake
<LI><a href="#[14e]">&gt;&gt;</a>&nbsp;&nbsp;&nbsp;HAL_UART_MspInit
<LI><a href="#[13a]">&gt;&gt;</a>&nbsp;&nbsp;&nbsp;HAL_TIM_MspPostInit
<LI><a href="#[125]">&gt;&gt;</a>&nbsp;&nbsp;&nbsp;HAL_SPI_MspInit
<LI><a href="#[1dd]">&gt;&gt;</a>&nbsp;&nbsp;&nbsp;dev_servo_axis_init
<LI><a href="#[1e0]">&gt;&gt;</a>&nbsp;&nbsp;&nbsp;dev_servo_init
</UL>

<P><STRONG><a name="[20a]"></a>__aeabi_memclr8</STRONG> (Thumb, 0 bytes, Stack size 0 bytes, memseta.o(.text), UNUSED)

<P><STRONG><a name="[aa]"></a>_memset$wrapper</STRONG> (Thumb, 18 bytes, Stack size 8 bytes, memseta.o(.text), UNUSED)
<BR><BR>[Calls]<UL><LI><a href="#[a9]">&gt;&gt;</a>&nbsp;&nbsp;&nbsp;__aeabi_memset
</UL>

<P><STRONG><a name="[170]"></a>strstr</STRONG> (Thumb, 36 bytes, Stack size 12 bytes, strstr.o(.text))
<BR><BR>[Stack]<UL><LI>Max Depth = 12<LI>Call Chain = strstr
</UL>
<BR>[Called By]<UL><LI><a href="#[d8]">&gt;&gt;</a>&nbsp;&nbsp;&nbsp;RtkNmea_Rx_Process
<LI><a href="#[16a]">&gt;&gt;</a>&nbsp;&nbsp;&nbsp;RtkNmea_ParseSentence
</UL>

<P><STRONG><a name="[17e]"></a>strchr</STRONG> (Thumb, 20 bytes, Stack size 0 bytes, strchr.o(.text))
<BR><BR>[Called By]<UL><LI><a href="#[16c]">&gt;&gt;</a>&nbsp;&nbsp;&nbsp;RtkNmea_VerifyChecksum
<LI><a href="#[1eb]">&gt;&gt;</a>&nbsp;&nbsp;&nbsp;rtk_strip_checksum_field
<LI><a href="#[16e]">&gt;&gt;</a>&nbsp;&nbsp;&nbsp;rtk_sentence_id
</UL>

<P><STRONG><a name="[16b]"></a>strlen</STRONG> (Thumb, 14 bytes, Stack size 0 bytes, strlen.o(.text))
<BR><BR>[Called By]<UL><LI><a href="#[1e7]">&gt;&gt;</a>&nbsp;&nbsp;&nbsp;rtk_queue_push
<LI><a href="#[16a]">&gt;&gt;</a>&nbsp;&nbsp;&nbsp;RtkNmea_ParseSentence
</UL>

<P><STRONG><a name="[16d]"></a>strcpy</STRONG> (Thumb, 18 bytes, Stack size 0 bytes, strcpy.o(.text))
<BR><BR>[Called By]<UL><LI><a href="#[16a]">&gt;&gt;</a>&nbsp;&nbsp;&nbsp;RtkNmea_ParseSentence
</UL>

<P><STRONG><a name="[ab]"></a>strtol</STRONG> (Thumb, 112 bytes, Stack size 32 bytes, strtol.o(.text))
<BR><BR>[Stack]<UL><LI>Max Depth = 72<LI>Call Chain = strtol &rArr; _strtoul
</UL>
<BR>[Calls]<UL><LI><a href="#[ad]">&gt;&gt;</a>&nbsp;&nbsp;&nbsp;_strtoul
<LI><a href="#[ae]">&gt;&gt;</a>&nbsp;&nbsp;&nbsp;__aeabi_errno_addr
<LI><a href="#[ac]">&gt;&gt;</a>&nbsp;&nbsp;&nbsp;__rt_ctype_table
</UL>
<BR>[Called By]<UL><LI><a href="#[1ec]">&gt;&gt;</a>&nbsp;&nbsp;&nbsp;rtk_parse_int
</UL>

<P><STRONG><a name="[af]"></a>__aeabi_dadd</STRONG> (Thumb, 322 bytes, Stack size 48 bytes, dadd.o(.text))
<BR><BR>[Stack]<UL><LI>Max Depth = 88<LI>Call Chain = __aeabi_dadd &rArr; _double_epilogue &rArr; _double_round
</UL>
<BR>[Calls]<UL><LI><a href="#[b0]">&gt;&gt;</a>&nbsp;&nbsp;&nbsp;__aeabi_lasr
<LI><a href="#[a7]">&gt;&gt;</a>&nbsp;&nbsp;&nbsp;__aeabi_llsl
<LI><a href="#[b2]">&gt;&gt;</a>&nbsp;&nbsp;&nbsp;_double_round
<LI><a href="#[b1]">&gt;&gt;</a>&nbsp;&nbsp;&nbsp;_double_epilogue
</UL>
<BR>[Called By]<UL><LI><a href="#[ec]">&gt;&gt;</a>&nbsp;&nbsp;&nbsp;commandprocess
<LI><a href="#[ff]">&gt;&gt;</a>&nbsp;&nbsp;&nbsp;TGT
<LI><a href="#[b4]">&gt;&gt;</a>&nbsp;&nbsp;&nbsp;__aeabi_drsub
<LI><a href="#[167]">&gt;&gt;</a>&nbsp;&nbsp;&nbsp;RtkNmea_DdmToDeg
<LI><a href="#[b3]">&gt;&gt;</a>&nbsp;&nbsp;&nbsp;__aeabi_dsub
<LI><a href="#[103]">&gt;&gt;</a>&nbsp;&nbsp;&nbsp;GdAxisEvDis
<LI><a href="#[f9]">&gt;&gt;</a>&nbsp;&nbsp;&nbsp;FwAxisEvDis
<LI><a href="#[1d5]">&gt;&gt;</a>&nbsp;&nbsp;&nbsp;gdvloop
<LI><a href="#[1c8]">&gt;&gt;</a>&nbsp;&nbsp;&nbsp;gdtloop_TV1
<LI><a href="#[1c5]">&gt;&gt;</a>&nbsp;&nbsp;&nbsp;gdploop
<LI><a href="#[1ba]">&gt;&gt;</a>&nbsp;&nbsp;&nbsp;gdiloop
<LI><a href="#[1d4]">&gt;&gt;</a>&nbsp;&nbsp;&nbsp;gdgeo
<LI><a href="#[1b9]">&gt;&gt;</a>&nbsp;&nbsp;&nbsp;gdevloop
<LI><a href="#[1d6]">&gt;&gt;</a>&nbsp;&nbsp;&nbsp;gdaloop
<LI><a href="#[1d9]">&gt;&gt;</a>&nbsp;&nbsp;&nbsp;fwvloop
<LI><a href="#[1c9]">&gt;&gt;</a>&nbsp;&nbsp;&nbsp;fwtloop_TV1
<LI><a href="#[1c7]">&gt;&gt;</a>&nbsp;&nbsp;&nbsp;fwploop
<LI><a href="#[1d1]">&gt;&gt;</a>&nbsp;&nbsp;&nbsp;fwiloop
<LI><a href="#[1d8]">&gt;&gt;</a>&nbsp;&nbsp;&nbsp;fwgeo
<LI><a href="#[1c2]">&gt;&gt;</a>&nbsp;&nbsp;&nbsp;fwevloop
<LI><a href="#[1da]">&gt;&gt;</a>&nbsp;&nbsp;&nbsp;fwaloop
<LI><a href="#[105]">&gt;&gt;</a>&nbsp;&nbsp;&nbsp;GdGyroButter
<LI><a href="#[104]">&gt;&gt;</a>&nbsp;&nbsp;&nbsp;GdCurrentButter
<LI><a href="#[fb]">&gt;&gt;</a>&nbsp;&nbsp;&nbsp;FwGyroButter
<LI><a href="#[fa]">&gt;&gt;</a>&nbsp;&nbsp;&nbsp;FwCurrentButter
<LI><a href="#[18a]">&gt;&gt;</a>&nbsp;&nbsp;&nbsp;__hardfp_pow
<LI><a href="#[163]">&gt;&gt;</a>&nbsp;&nbsp;&nbsp;__hardfp_atan
<LI><a href="#[199]">&gt;&gt;</a>&nbsp;&nbsp;&nbsp;__kernel_sin
<LI><a href="#[198]">&gt;&gt;</a>&nbsp;&nbsp;&nbsp;__ieee754_rem_pio2
<LI><a href="#[193]">&gt;&gt;</a>&nbsp;&nbsp;&nbsp;__kernel_poly
<LI><a href="#[194]">&gt;&gt;</a>&nbsp;&nbsp;&nbsp;__mathlib_dbl_infnan2
<LI><a href="#[18f]">&gt;&gt;</a>&nbsp;&nbsp;&nbsp;__mathlib_dbl_infnan
</UL>

<P><STRONG><a name="[b3]"></a>__aeabi_dsub</STRONG> (Thumb, 6 bytes, Stack size 0 bytes, dadd.o(.text))
<BR><BR>[Stack]<UL><LI>Max Depth = 88<LI>Call Chain = __aeabi_dsub &rArr; __aeabi_dadd &rArr; _double_epilogue &rArr; _double_round
</UL>
<BR>[Calls]<UL><LI><a href="#[af]">&gt;&gt;</a>&nbsp;&nbsp;&nbsp;__aeabi_dadd
</UL>
<BR>[Called By]<UL><LI><a href="#[ec]">&gt;&gt;</a>&nbsp;&nbsp;&nbsp;commandprocess
<LI><a href="#[ff]">&gt;&gt;</a>&nbsp;&nbsp;&nbsp;TGT
<LI><a href="#[103]">&gt;&gt;</a>&nbsp;&nbsp;&nbsp;GdAxisEvDis
<LI><a href="#[f9]">&gt;&gt;</a>&nbsp;&nbsp;&nbsp;FwAxisEvDis
<LI><a href="#[1d5]">&gt;&gt;</a>&nbsp;&nbsp;&nbsp;gdvloop
<LI><a href="#[1c8]">&gt;&gt;</a>&nbsp;&nbsp;&nbsp;gdtloop_TV1
<LI><a href="#[1c5]">&gt;&gt;</a>&nbsp;&nbsp;&nbsp;gdploop
<LI><a href="#[1ba]">&gt;&gt;</a>&nbsp;&nbsp;&nbsp;gdiloop
<LI><a href="#[1d4]">&gt;&gt;</a>&nbsp;&nbsp;&nbsp;gdgeo
<LI><a href="#[1b9]">&gt;&gt;</a>&nbsp;&nbsp;&nbsp;gdevloop
<LI><a href="#[1d6]">&gt;&gt;</a>&nbsp;&nbsp;&nbsp;gdaloop
<LI><a href="#[1d9]">&gt;&gt;</a>&nbsp;&nbsp;&nbsp;fwvloop
<LI><a href="#[1c9]">&gt;&gt;</a>&nbsp;&nbsp;&nbsp;fwtloop_TV1
<LI><a href="#[1c7]">&gt;&gt;</a>&nbsp;&nbsp;&nbsp;fwploop
<LI><a href="#[1d1]">&gt;&gt;</a>&nbsp;&nbsp;&nbsp;fwiloop
<LI><a href="#[1d8]">&gt;&gt;</a>&nbsp;&nbsp;&nbsp;fwgeo
<LI><a href="#[1c2]">&gt;&gt;</a>&nbsp;&nbsp;&nbsp;fwevloop
<LI><a href="#[1da]">&gt;&gt;</a>&nbsp;&nbsp;&nbsp;fwaloop
<LI><a href="#[105]">&gt;&gt;</a>&nbsp;&nbsp;&nbsp;GdGyroButter
<LI><a href="#[104]">&gt;&gt;</a>&nbsp;&nbsp;&nbsp;GdCurrentButter
<LI><a href="#[fb]">&gt;&gt;</a>&nbsp;&nbsp;&nbsp;FwGyroButter
<LI><a href="#[fa]">&gt;&gt;</a>&nbsp;&nbsp;&nbsp;FwCurrentButter
<LI><a href="#[18a]">&gt;&gt;</a>&nbsp;&nbsp;&nbsp;__hardfp_pow
<LI><a href="#[164]">&gt;&gt;</a>&nbsp;&nbsp;&nbsp;__hardfp_atan2
<LI><a href="#[163]">&gt;&gt;</a>&nbsp;&nbsp;&nbsp;__hardfp_atan
<LI><a href="#[199]">&gt;&gt;</a>&nbsp;&nbsp;&nbsp;__kernel_sin
<LI><a href="#[198]">&gt;&gt;</a>&nbsp;&nbsp;&nbsp;__ieee754_rem_pio2
<LI><a href="#[19a]">&gt;&gt;</a>&nbsp;&nbsp;&nbsp;__kernel_cos
</UL>

<P><STRONG><a name="[b4]"></a>__aeabi_drsub</STRONG> (Thumb, 6 bytes, Stack size 0 bytes, dadd.o(.text))
<BR><BR>[Stack]<UL><LI>Max Depth = 88<LI>Call Chain = __aeabi_drsub &rArr; __aeabi_dadd &rArr; _double_epilogue &rArr; _double_round
</UL>
<BR>[Calls]<UL><LI><a href="#[af]">&gt;&gt;</a>&nbsp;&nbsp;&nbsp;__aeabi_dadd
</UL>
<BR>[Called By]<UL><LI><a href="#[ff]">&gt;&gt;</a>&nbsp;&nbsp;&nbsp;TGT
<LI><a href="#[167]">&gt;&gt;</a>&nbsp;&nbsp;&nbsp;RtkNmea_DdmToDeg
<LI><a href="#[18a]">&gt;&gt;</a>&nbsp;&nbsp;&nbsp;__hardfp_pow
<LI><a href="#[19f]">&gt;&gt;</a>&nbsp;&nbsp;&nbsp;__hardfp_fmod
<LI><a href="#[164]">&gt;&gt;</a>&nbsp;&nbsp;&nbsp;__hardfp_atan2
<LI><a href="#[163]">&gt;&gt;</a>&nbsp;&nbsp;&nbsp;__hardfp_atan
<LI><a href="#[199]">&gt;&gt;</a>&nbsp;&nbsp;&nbsp;__kernel_sin
<LI><a href="#[198]">&gt;&gt;</a>&nbsp;&nbsp;&nbsp;__ieee754_rem_pio2
<LI><a href="#[19a]">&gt;&gt;</a>&nbsp;&nbsp;&nbsp;__kernel_cos
</UL>

<P><STRONG><a name="[b5]"></a>__aeabi_dmul</STRONG> (Thumb, 228 bytes, Stack size 48 bytes, dmul.o(.text))
<BR><BR>[Stack]<UL><LI>Max Depth = 88<LI>Call Chain = __aeabi_dmul &rArr; _double_epilogue &rArr; _double_round
</UL>
<BR>[Calls]<UL><LI><a href="#[b1]">&gt;&gt;</a>&nbsp;&nbsp;&nbsp;_double_epilogue
</UL>
<BR>[Called By]<UL><LI><a href="#[ec]">&gt;&gt;</a>&nbsp;&nbsp;&nbsp;commandprocess
<LI><a href="#[100]">&gt;&gt;</a>&nbsp;&nbsp;&nbsp;Triangle_Fun_Cal
<LI><a href="#[ff]">&gt;&gt;</a>&nbsp;&nbsp;&nbsp;TGT
<LI><a href="#[165]">&gt;&gt;</a>&nbsp;&nbsp;&nbsp;Orient_Convert
<LI><a href="#[101]">&gt;&gt;</a>&nbsp;&nbsp;&nbsp;OrientLoadCal
<LI><a href="#[fd]">&gt;&gt;</a>&nbsp;&nbsp;&nbsp;deg__
<LI><a href="#[9]">&gt;&gt;</a>&nbsp;&nbsp;&nbsp;CMD_REC_Revise
<LI><a href="#[4]">&gt;&gt;</a>&nbsp;&nbsp;&nbsp;CMD_REC_Guide
<LI><a href="#[167]">&gt;&gt;</a>&nbsp;&nbsp;&nbsp;RtkNmea_DdmToDeg
<LI><a href="#[103]">&gt;&gt;</a>&nbsp;&nbsp;&nbsp;GdAxisEvDis
<LI><a href="#[fc]">&gt;&gt;</a>&nbsp;&nbsp;&nbsp;FweAccDis
<LI><a href="#[f9]">&gt;&gt;</a>&nbsp;&nbsp;&nbsp;FwAxisEvDis
<LI><a href="#[1ad]">&gt;&gt;</a>&nbsp;&nbsp;&nbsp;gdbmqdispose
<LI><a href="#[1bb]">&gt;&gt;</a>&nbsp;&nbsp;&nbsp;gd_en
<LI><a href="#[1ac]">&gt;&gt;</a>&nbsp;&nbsp;&nbsp;fwbmqdispose
<LI><a href="#[1c3]">&gt;&gt;</a>&nbsp;&nbsp;&nbsp;fw_en
<LI><a href="#[1ae]">&gt;&gt;</a>&nbsp;&nbsp;&nbsp;fbdispose
<LI><a href="#[1af]">&gt;&gt;</a>&nbsp;&nbsp;&nbsp;allprocess
<LI><a href="#[f2]">&gt;&gt;</a>&nbsp;&nbsp;&nbsp;CurrentInit
<LI><a href="#[1d5]">&gt;&gt;</a>&nbsp;&nbsp;&nbsp;gdvloop
<LI><a href="#[1c8]">&gt;&gt;</a>&nbsp;&nbsp;&nbsp;gdtloop_TV1
<LI><a href="#[1c5]">&gt;&gt;</a>&nbsp;&nbsp;&nbsp;gdploop
<LI><a href="#[1ba]">&gt;&gt;</a>&nbsp;&nbsp;&nbsp;gdiloop
<LI><a href="#[1d4]">&gt;&gt;</a>&nbsp;&nbsp;&nbsp;gdgeo
<LI><a href="#[1b9]">&gt;&gt;</a>&nbsp;&nbsp;&nbsp;gdevloop
<LI><a href="#[1d6]">&gt;&gt;</a>&nbsp;&nbsp;&nbsp;gdaloop
<LI><a href="#[1d9]">&gt;&gt;</a>&nbsp;&nbsp;&nbsp;fwvloop
<LI><a href="#[1c9]">&gt;&gt;</a>&nbsp;&nbsp;&nbsp;fwtloop_TV1
<LI><a href="#[1c7]">&gt;&gt;</a>&nbsp;&nbsp;&nbsp;fwploop
<LI><a href="#[1d1]">&gt;&gt;</a>&nbsp;&nbsp;&nbsp;fwiloop
<LI><a href="#[1d8]">&gt;&gt;</a>&nbsp;&nbsp;&nbsp;fwgeo
<LI><a href="#[1c2]">&gt;&gt;</a>&nbsp;&nbsp;&nbsp;fwevloop
<LI><a href="#[1da]">&gt;&gt;</a>&nbsp;&nbsp;&nbsp;fwaloop
<LI><a href="#[106]">&gt;&gt;</a>&nbsp;&nbsp;&nbsp;GdeAccDis
<LI><a href="#[105]">&gt;&gt;</a>&nbsp;&nbsp;&nbsp;GdGyroButter
<LI><a href="#[104]">&gt;&gt;</a>&nbsp;&nbsp;&nbsp;GdCurrentButter
<LI><a href="#[102]">&gt;&gt;</a>&nbsp;&nbsp;&nbsp;GdAccDis
<LI><a href="#[fb]">&gt;&gt;</a>&nbsp;&nbsp;&nbsp;FwGyroButter
<LI><a href="#[fa]">&gt;&gt;</a>&nbsp;&nbsp;&nbsp;FwCurrentButter
<LI><a href="#[f7]">&gt;&gt;</a>&nbsp;&nbsp;&nbsp;FwAccDis
<LI><a href="#[18a]">&gt;&gt;</a>&nbsp;&nbsp;&nbsp;__hardfp_pow
<LI><a href="#[163]">&gt;&gt;</a>&nbsp;&nbsp;&nbsp;__hardfp_atan
<LI><a href="#[c6]">&gt;&gt;</a>&nbsp;&nbsp;&nbsp;_fp_value
<LI><a href="#[199]">&gt;&gt;</a>&nbsp;&nbsp;&nbsp;__kernel_sin
<LI><a href="#[198]">&gt;&gt;</a>&nbsp;&nbsp;&nbsp;__ieee754_rem_pio2
<LI><a href="#[193]">&gt;&gt;</a>&nbsp;&nbsp;&nbsp;__kernel_poly
<LI><a href="#[191]">&gt;&gt;</a>&nbsp;&nbsp;&nbsp;__mathlib_dbl_underflow
<LI><a href="#[1a2]">&gt;&gt;</a>&nbsp;&nbsp;&nbsp;__mathlib_dbl_overflow
<LI><a href="#[19a]">&gt;&gt;</a>&nbsp;&nbsp;&nbsp;__kernel_cos
</UL>

<P><STRONG><a name="[b6]"></a>__aeabi_ddiv</STRONG> (Thumb, 222 bytes, Stack size 32 bytes, ddiv.o(.text))
<BR><BR>[Stack]<UL><LI>Max Depth = 40<LI>Call Chain = __aeabi_ddiv &rArr; _double_round
</UL>
<BR>[Calls]<UL><LI><a href="#[b2]">&gt;&gt;</a>&nbsp;&nbsp;&nbsp;_double_round
</UL>
<BR>[Called By]<UL><LI><a href="#[ff]">&gt;&gt;</a>&nbsp;&nbsp;&nbsp;TGT
<LI><a href="#[165]">&gt;&gt;</a>&nbsp;&nbsp;&nbsp;Orient_Convert
<LI><a href="#[101]">&gt;&gt;</a>&nbsp;&nbsp;&nbsp;OrientLoadCal
<LI><a href="#[fd]">&gt;&gt;</a>&nbsp;&nbsp;&nbsp;deg__
<LI><a href="#[167]">&gt;&gt;</a>&nbsp;&nbsp;&nbsp;RtkNmea_DdmToDeg
<LI><a href="#[103]">&gt;&gt;</a>&nbsp;&nbsp;&nbsp;GdAxisEvDis
<LI><a href="#[fc]">&gt;&gt;</a>&nbsp;&nbsp;&nbsp;FweAccDis
<LI><a href="#[f9]">&gt;&gt;</a>&nbsp;&nbsp;&nbsp;FwAxisEvDis
<LI><a href="#[1ad]">&gt;&gt;</a>&nbsp;&nbsp;&nbsp;gdbmqdispose
<LI><a href="#[1d6]">&gt;&gt;</a>&nbsp;&nbsp;&nbsp;gdaloop
<LI><a href="#[1da]">&gt;&gt;</a>&nbsp;&nbsp;&nbsp;fwaloop
<LI><a href="#[106]">&gt;&gt;</a>&nbsp;&nbsp;&nbsp;GdeAccDis
<LI><a href="#[105]">&gt;&gt;</a>&nbsp;&nbsp;&nbsp;GdGyroButter
<LI><a href="#[104]">&gt;&gt;</a>&nbsp;&nbsp;&nbsp;GdCurrentButter
<LI><a href="#[102]">&gt;&gt;</a>&nbsp;&nbsp;&nbsp;GdAccDis
<LI><a href="#[fb]">&gt;&gt;</a>&nbsp;&nbsp;&nbsp;FwGyroButter
<LI><a href="#[fa]">&gt;&gt;</a>&nbsp;&nbsp;&nbsp;FwCurrentButter
<LI><a href="#[f7]">&gt;&gt;</a>&nbsp;&nbsp;&nbsp;FwAccDis
<LI><a href="#[18a]">&gt;&gt;</a>&nbsp;&nbsp;&nbsp;__hardfp_pow
<LI><a href="#[164]">&gt;&gt;</a>&nbsp;&nbsp;&nbsp;__hardfp_atan2
<LI><a href="#[163]">&gt;&gt;</a>&nbsp;&nbsp;&nbsp;__hardfp_atan
<LI><a href="#[c6]">&gt;&gt;</a>&nbsp;&nbsp;&nbsp;_fp_value
<LI><a href="#[197]">&gt;&gt;</a>&nbsp;&nbsp;&nbsp;__mathlib_dbl_invalid
<LI><a href="#[1a1]">&gt;&gt;</a>&nbsp;&nbsp;&nbsp;__mathlib_dbl_divzero
</UL>

<P><STRONG><a name="[b7]"></a>__aeabi_i2d</STRONG> (Thumb, 34 bytes, Stack size 16 bytes, dflti.o(.text))
<BR><BR>[Stack]<UL><LI>Max Depth = 56<LI>Call Chain = __aeabi_i2d &rArr; _double_epilogue &rArr; _double_round
</UL>
<BR>[Calls]<UL><LI><a href="#[b1]">&gt;&gt;</a>&nbsp;&nbsp;&nbsp;_double_epilogue
</UL>
<BR>[Called By]<UL><LI><a href="#[ec]">&gt;&gt;</a>&nbsp;&nbsp;&nbsp;commandprocess
<LI><a href="#[4]">&gt;&gt;</a>&nbsp;&nbsp;&nbsp;CMD_REC_Guide
<LI><a href="#[167]">&gt;&gt;</a>&nbsp;&nbsp;&nbsp;RtkNmea_DdmToDeg
<LI><a href="#[1ad]">&gt;&gt;</a>&nbsp;&nbsp;&nbsp;gdbmqdispose
<LI><a href="#[1ac]">&gt;&gt;</a>&nbsp;&nbsp;&nbsp;fwbmqdispose
<LI><a href="#[1ae]">&gt;&gt;</a>&nbsp;&nbsp;&nbsp;fbdispose
<LI><a href="#[1af]">&gt;&gt;</a>&nbsp;&nbsp;&nbsp;allprocess
<LI><a href="#[104]">&gt;&gt;</a>&nbsp;&nbsp;&nbsp;GdCurrentButter
<LI><a href="#[fa]">&gt;&gt;</a>&nbsp;&nbsp;&nbsp;FwCurrentButter
<LI><a href="#[18a]">&gt;&gt;</a>&nbsp;&nbsp;&nbsp;__hardfp_pow
<LI><a href="#[198]">&gt;&gt;</a>&nbsp;&nbsp;&nbsp;__ieee754_rem_pio2
</UL>

<P><STRONG><a name="[b8]"></a>__aeabi_ui2d</STRONG> (Thumb, 26 bytes, Stack size 16 bytes, dfltui.o(.text))
<BR><BR>[Stack]<UL><LI>Max Depth = 56<LI>Call Chain = __aeabi_ui2d &rArr; _double_epilogue &rArr; _double_round
</UL>
<BR>[Calls]<UL><LI><a href="#[b1]">&gt;&gt;</a>&nbsp;&nbsp;&nbsp;_double_epilogue
</UL>
<BR>[Called By]<UL><LI><a href="#[f2]">&gt;&gt;</a>&nbsp;&nbsp;&nbsp;CurrentInit
<LI><a href="#[198]">&gt;&gt;</a>&nbsp;&nbsp;&nbsp;__ieee754_rem_pio2
</UL>

<P><STRONG><a name="[b9]"></a>__aeabi_d2iz</STRONG> (Thumb, 62 bytes, Stack size 16 bytes, dfixi.o(.text))
<BR><BR>[Stack]<UL><LI>Max Depth = 16<LI>Call Chain = __aeabi_d2iz
</UL>
<BR>[Calls]<UL><LI><a href="#[a6]">&gt;&gt;</a>&nbsp;&nbsp;&nbsp;__aeabi_llsr
</UL>
<BR>[Called By]<UL><LI><a href="#[167]">&gt;&gt;</a>&nbsp;&nbsp;&nbsp;RtkNmea_DdmToDeg
<LI><a href="#[104]">&gt;&gt;</a>&nbsp;&nbsp;&nbsp;GdCurrentButter
<LI><a href="#[fa]">&gt;&gt;</a>&nbsp;&nbsp;&nbsp;FwCurrentButter
<LI><a href="#[198]">&gt;&gt;</a>&nbsp;&nbsp;&nbsp;__ieee754_rem_pio2
<LI><a href="#[19a]">&gt;&gt;</a>&nbsp;&nbsp;&nbsp;__kernel_cos
</UL>

<P><STRONG><a name="[ba]"></a>__aeabi_d2uiz</STRONG> (Thumb, 50 bytes, Stack size 8 bytes, dfixui.o(.text))
<BR><BR>[Stack]<UL><LI>Max Depth = 8<LI>Call Chain = __aeabi_d2uiz
</UL>
<BR>[Calls]<UL><LI><a href="#[a6]">&gt;&gt;</a>&nbsp;&nbsp;&nbsp;__aeabi_llsr
</UL>
<BR>[Called By]<UL><LI><a href="#[f5]">&gt;&gt;</a>&nbsp;&nbsp;&nbsp;FW_PWM
</UL>

<P><STRONG><a name="[f1]"></a>__aeabi_f2d</STRONG> (Thumb, 38 bytes, Stack size 0 bytes, f2d.o(.text))
<BR><BR>[Called By]<UL><LI><a href="#[ec]">&gt;&gt;</a>&nbsp;&nbsp;&nbsp;commandprocess
<LI><a href="#[100]">&gt;&gt;</a>&nbsp;&nbsp;&nbsp;Triangle_Fun_Cal
<LI><a href="#[ff]">&gt;&gt;</a>&nbsp;&nbsp;&nbsp;TGT
<LI><a href="#[165]">&gt;&gt;</a>&nbsp;&nbsp;&nbsp;Orient_Convert
<LI><a href="#[101]">&gt;&gt;</a>&nbsp;&nbsp;&nbsp;OrientLoadCal
<LI><a href="#[ef]">&gt;&gt;</a>&nbsp;&nbsp;&nbsp;GEO
<LI><a href="#[9]">&gt;&gt;</a>&nbsp;&nbsp;&nbsp;CMD_REC_Revise
<LI><a href="#[103]">&gt;&gt;</a>&nbsp;&nbsp;&nbsp;GdAxisEvDis
<LI><a href="#[fc]">&gt;&gt;</a>&nbsp;&nbsp;&nbsp;FweAccDis
<LI><a href="#[f9]">&gt;&gt;</a>&nbsp;&nbsp;&nbsp;FwAxisEvDis
<LI><a href="#[1ad]">&gt;&gt;</a>&nbsp;&nbsp;&nbsp;gdbmqdispose
<LI><a href="#[1bb]">&gt;&gt;</a>&nbsp;&nbsp;&nbsp;gd_en
<LI><a href="#[1c3]">&gt;&gt;</a>&nbsp;&nbsp;&nbsp;fw_en
<LI><a href="#[f5]">&gt;&gt;</a>&nbsp;&nbsp;&nbsp;FW_PWM
<LI><a href="#[f2]">&gt;&gt;</a>&nbsp;&nbsp;&nbsp;CurrentInit
<LI><a href="#[1d5]">&gt;&gt;</a>&nbsp;&nbsp;&nbsp;gdvloop
<LI><a href="#[1c8]">&gt;&gt;</a>&nbsp;&nbsp;&nbsp;gdtloop_TV1
<LI><a href="#[1c5]">&gt;&gt;</a>&nbsp;&nbsp;&nbsp;gdploop
<LI><a href="#[1ba]">&gt;&gt;</a>&nbsp;&nbsp;&nbsp;gdiloop
<LI><a href="#[1d4]">&gt;&gt;</a>&nbsp;&nbsp;&nbsp;gdgeo
<LI><a href="#[1b9]">&gt;&gt;</a>&nbsp;&nbsp;&nbsp;gdevloop
<LI><a href="#[1d6]">&gt;&gt;</a>&nbsp;&nbsp;&nbsp;gdaloop
<LI><a href="#[1d9]">&gt;&gt;</a>&nbsp;&nbsp;&nbsp;fwvloop
<LI><a href="#[1c9]">&gt;&gt;</a>&nbsp;&nbsp;&nbsp;fwtloop_TV1
<LI><a href="#[1c7]">&gt;&gt;</a>&nbsp;&nbsp;&nbsp;fwploop
<LI><a href="#[1d1]">&gt;&gt;</a>&nbsp;&nbsp;&nbsp;fwiloop
<LI><a href="#[1d8]">&gt;&gt;</a>&nbsp;&nbsp;&nbsp;fwgeo
<LI><a href="#[1c2]">&gt;&gt;</a>&nbsp;&nbsp;&nbsp;fwevloop
<LI><a href="#[1da]">&gt;&gt;</a>&nbsp;&nbsp;&nbsp;fwaloop
<LI><a href="#[106]">&gt;&gt;</a>&nbsp;&nbsp;&nbsp;GdeAccDis
<LI><a href="#[105]">&gt;&gt;</a>&nbsp;&nbsp;&nbsp;GdGyroButter
<LI><a href="#[104]">&gt;&gt;</a>&nbsp;&nbsp;&nbsp;GdCurrentButter
<LI><a href="#[102]">&gt;&gt;</a>&nbsp;&nbsp;&nbsp;GdAccDis
<LI><a href="#[fb]">&gt;&gt;</a>&nbsp;&nbsp;&nbsp;FwGyroButter
<LI><a href="#[fa]">&gt;&gt;</a>&nbsp;&nbsp;&nbsp;FwCurrentButter
<LI><a href="#[f7]">&gt;&gt;</a>&nbsp;&nbsp;&nbsp;FwAccDis
</UL>

<P><STRONG><a name="[e3]"></a>__aeabi_cdcmpeq</STRONG> (Thumb, 0 bytes, Stack size 0 bytes, cdcmple.o(.text))
<BR><BR>[Called By]<UL><LI><a href="#[d9]">&gt;&gt;</a>&nbsp;&nbsp;&nbsp;APP_RtkNmea_Apply
</UL>

<P><STRONG><a name="[1e1]"></a>__aeabi_cdcmple</STRONG> (Thumb, 48 bytes, Stack size 0 bytes, cdcmple.o(.text))
<BR><BR>[Called By]<UL><LI><a href="#[1ad]">&gt;&gt;</a>&nbsp;&nbsp;&nbsp;gdbmqdispose
<LI><a href="#[1d5]">&gt;&gt;</a>&nbsp;&nbsp;&nbsp;gdvloop
<LI><a href="#[1b9]">&gt;&gt;</a>&nbsp;&nbsp;&nbsp;gdevloop
<LI><a href="#[1d9]">&gt;&gt;</a>&nbsp;&nbsp;&nbsp;fwvloop
<LI><a href="#[1c7]">&gt;&gt;</a>&nbsp;&nbsp;&nbsp;fwploop
<LI><a href="#[1c2]">&gt;&gt;</a>&nbsp;&nbsp;&nbsp;fwevloop
</UL>

<P><STRONG><a name="[f8]"></a>__aeabi_cdrcmple</STRONG> (Thumb, 48 bytes, Stack size 0 bytes, cdrcmple.o(.text))
<BR><BR>[Called By]<UL><LI><a href="#[ff]">&gt;&gt;</a>&nbsp;&nbsp;&nbsp;TGT
<LI><a href="#[103]">&gt;&gt;</a>&nbsp;&nbsp;&nbsp;GdAxisEvDis
<LI><a href="#[fc]">&gt;&gt;</a>&nbsp;&nbsp;&nbsp;FweAccDis
<LI><a href="#[f9]">&gt;&gt;</a>&nbsp;&nbsp;&nbsp;FwAxisEvDis
<LI><a href="#[1ad]">&gt;&gt;</a>&nbsp;&nbsp;&nbsp;gdbmqdispose
<LI><a href="#[1bb]">&gt;&gt;</a>&nbsp;&nbsp;&nbsp;gd_en
<LI><a href="#[1c3]">&gt;&gt;</a>&nbsp;&nbsp;&nbsp;fw_en
<LI><a href="#[1d5]">&gt;&gt;</a>&nbsp;&nbsp;&nbsp;gdvloop
<LI><a href="#[1c8]">&gt;&gt;</a>&nbsp;&nbsp;&nbsp;gdtloop_TV1
<LI><a href="#[1b9]">&gt;&gt;</a>&nbsp;&nbsp;&nbsp;gdevloop
<LI><a href="#[1d6]">&gt;&gt;</a>&nbsp;&nbsp;&nbsp;gdaloop
<LI><a href="#[1d9]">&gt;&gt;</a>&nbsp;&nbsp;&nbsp;fwvloop
<LI><a href="#[1c9]">&gt;&gt;</a>&nbsp;&nbsp;&nbsp;fwtloop_TV1
<LI><a href="#[1c7]">&gt;&gt;</a>&nbsp;&nbsp;&nbsp;fwploop
<LI><a href="#[1c2]">&gt;&gt;</a>&nbsp;&nbsp;&nbsp;fwevloop
<LI><a href="#[1da]">&gt;&gt;</a>&nbsp;&nbsp;&nbsp;fwaloop
<LI><a href="#[106]">&gt;&gt;</a>&nbsp;&nbsp;&nbsp;GdeAccDis
<LI><a href="#[105]">&gt;&gt;</a>&nbsp;&nbsp;&nbsp;GdGyroButter
<LI><a href="#[104]">&gt;&gt;</a>&nbsp;&nbsp;&nbsp;GdCurrentButter
<LI><a href="#[102]">&gt;&gt;</a>&nbsp;&nbsp;&nbsp;GdAccDis
<LI><a href="#[fb]">&gt;&gt;</a>&nbsp;&nbsp;&nbsp;FwGyroButter
<LI><a href="#[fa]">&gt;&gt;</a>&nbsp;&nbsp;&nbsp;FwCurrentButter
<LI><a href="#[f7]">&gt;&gt;</a>&nbsp;&nbsp;&nbsp;FwAccDis
<LI><a href="#[18a]">&gt;&gt;</a>&nbsp;&nbsp;&nbsp;__hardfp_pow
</UL>

<P><STRONG><a name="[bb]"></a>__aeabi_d2f</STRONG> (Thumb, 56 bytes, Stack size 8 bytes, d2f.o(.text))
<BR><BR>[Stack]<UL><LI>Max Depth = 8<LI>Call Chain = __aeabi_d2f
</UL>
<BR>[Calls]<UL><LI><a href="#[bc]">&gt;&gt;</a>&nbsp;&nbsp;&nbsp;_float_round
</UL>
<BR>[Called By]<UL><LI><a href="#[ec]">&gt;&gt;</a>&nbsp;&nbsp;&nbsp;commandprocess
<LI><a href="#[100]">&gt;&gt;</a>&nbsp;&nbsp;&nbsp;Triangle_Fun_Cal
<LI><a href="#[ff]">&gt;&gt;</a>&nbsp;&nbsp;&nbsp;TGT
<LI><a href="#[165]">&gt;&gt;</a>&nbsp;&nbsp;&nbsp;Orient_Convert
<LI><a href="#[101]">&gt;&gt;</a>&nbsp;&nbsp;&nbsp;OrientLoadCal
<LI><a href="#[9]">&gt;&gt;</a>&nbsp;&nbsp;&nbsp;CMD_REC_Revise
<LI><a href="#[4]">&gt;&gt;</a>&nbsp;&nbsp;&nbsp;CMD_REC_Guide
<LI><a href="#[d9]">&gt;&gt;</a>&nbsp;&nbsp;&nbsp;APP_RtkNmea_Apply
<LI><a href="#[1ea]">&gt;&gt;</a>&nbsp;&nbsp;&nbsp;rtk_parse_float
<LI><a href="#[103]">&gt;&gt;</a>&nbsp;&nbsp;&nbsp;GdAxisEvDis
<LI><a href="#[fc]">&gt;&gt;</a>&nbsp;&nbsp;&nbsp;FweAccDis
<LI><a href="#[f9]">&gt;&gt;</a>&nbsp;&nbsp;&nbsp;FwAxisEvDis
<LI><a href="#[1ad]">&gt;&gt;</a>&nbsp;&nbsp;&nbsp;gdbmqdispose
<LI><a href="#[1bb]">&gt;&gt;</a>&nbsp;&nbsp;&nbsp;gd_en
<LI><a href="#[1ac]">&gt;&gt;</a>&nbsp;&nbsp;&nbsp;fwbmqdispose
<LI><a href="#[1ae]">&gt;&gt;</a>&nbsp;&nbsp;&nbsp;fbdispose
<LI><a href="#[1af]">&gt;&gt;</a>&nbsp;&nbsp;&nbsp;allprocess
<LI><a href="#[f2]">&gt;&gt;</a>&nbsp;&nbsp;&nbsp;CurrentInit
<LI><a href="#[1d5]">&gt;&gt;</a>&nbsp;&nbsp;&nbsp;gdvloop
<LI><a href="#[1c8]">&gt;&gt;</a>&nbsp;&nbsp;&nbsp;gdtloop_TV1
<LI><a href="#[1c5]">&gt;&gt;</a>&nbsp;&nbsp;&nbsp;gdploop
<LI><a href="#[1ba]">&gt;&gt;</a>&nbsp;&nbsp;&nbsp;gdiloop
<LI><a href="#[1d4]">&gt;&gt;</a>&nbsp;&nbsp;&nbsp;gdgeo
<LI><a href="#[1b9]">&gt;&gt;</a>&nbsp;&nbsp;&nbsp;gdevloop
<LI><a href="#[1d6]">&gt;&gt;</a>&nbsp;&nbsp;&nbsp;gdaloop
<LI><a href="#[1d9]">&gt;&gt;</a>&nbsp;&nbsp;&nbsp;fwvloop
<LI><a href="#[1c9]">&gt;&gt;</a>&nbsp;&nbsp;&nbsp;fwtloop_TV1
<LI><a href="#[1c7]">&gt;&gt;</a>&nbsp;&nbsp;&nbsp;fwploop
<LI><a href="#[1d1]">&gt;&gt;</a>&nbsp;&nbsp;&nbsp;fwiloop
<LI><a href="#[1d8]">&gt;&gt;</a>&nbsp;&nbsp;&nbsp;fwgeo
<LI><a href="#[1c2]">&gt;&gt;</a>&nbsp;&nbsp;&nbsp;fwevloop
<LI><a href="#[1da]">&gt;&gt;</a>&nbsp;&nbsp;&nbsp;fwaloop
<LI><a href="#[106]">&gt;&gt;</a>&nbsp;&nbsp;&nbsp;GdeAccDis
<LI><a href="#[105]">&gt;&gt;</a>&nbsp;&nbsp;&nbsp;GdGyroButter
<LI><a href="#[104]">&gt;&gt;</a>&nbsp;&nbsp;&nbsp;GdCurrentButter
<LI><a href="#[102]">&gt;&gt;</a>&nbsp;&nbsp;&nbsp;GdAccDis
<LI><a href="#[fb]">&gt;&gt;</a>&nbsp;&nbsp;&nbsp;FwGyroButter
<LI><a href="#[fa]">&gt;&gt;</a>&nbsp;&nbsp;&nbsp;FwCurrentButter
<LI><a href="#[f7]">&gt;&gt;</a>&nbsp;&nbsp;&nbsp;FwAccDis
<LI><a href="#[c8]">&gt;&gt;</a>&nbsp;&nbsp;&nbsp;_scanf_really_real
</UL>

<P><STRONG><a name="[a7]"></a>__aeabi_llsl</STRONG> (Thumb, 30 bytes, Stack size 0 bytes, llshl.o(.text))
<BR><BR>[Called By]<UL><LI><a href="#[af]">&gt;&gt;</a>&nbsp;&nbsp;&nbsp;__aeabi_dadd
<LI><a href="#[a5]">&gt;&gt;</a>&nbsp;&nbsp;&nbsp;__aeabi_uldivmod
<LI><a href="#[b1]">&gt;&gt;</a>&nbsp;&nbsp;&nbsp;_double_epilogue
</UL>

<P><STRONG><a name="[20b]"></a>_ll_shift_l</STRONG> (Thumb, 0 bytes, Stack size 0 bytes, llshl.o(.text), UNUSED)

<P><STRONG><a name="[a6]"></a>__aeabi_llsr</STRONG> (Thumb, 32 bytes, Stack size 0 bytes, llushr.o(.text))
<BR><BR>[Called By]<UL><LI><a href="#[b9]">&gt;&gt;</a>&nbsp;&nbsp;&nbsp;__aeabi_d2iz
<LI><a href="#[ba]">&gt;&gt;</a>&nbsp;&nbsp;&nbsp;__aeabi_d2uiz
<LI><a href="#[a5]">&gt;&gt;</a>&nbsp;&nbsp;&nbsp;__aeabi_uldivmod
<LI><a href="#[c3]">&gt;&gt;</a>&nbsp;&nbsp;&nbsp;_dsqrt
<LI><a href="#[b1]">&gt;&gt;</a>&nbsp;&nbsp;&nbsp;_double_epilogue
</UL>

<P><STRONG><a name="[20c]"></a>_ll_ushift_r</STRONG> (Thumb, 0 bytes, Stack size 0 bytes, llushr.o(.text), UNUSED)

<P><STRONG><a name="[b0]"></a>__aeabi_lasr</STRONG> (Thumb, 36 bytes, Stack size 0 bytes, llsshr.o(.text))
<BR><BR>[Called By]<UL><LI><a href="#[af]">&gt;&gt;</a>&nbsp;&nbsp;&nbsp;__aeabi_dadd
</UL>

<P><STRONG><a name="[20d]"></a>_ll_sshift_r</STRONG> (Thumb, 0 bytes, Stack size 0 bytes, llsshr.o(.text), UNUSED)

<P><STRONG><a name="[ac]"></a>__rt_ctype_table</STRONG> (Thumb, 4 bytes, Stack size 0 bytes, ctype_o.o(.text))
<BR><BR>[Called By]<UL><LI><a href="#[68]">&gt;&gt;</a>&nbsp;&nbsp;&nbsp;isspace
<LI><a href="#[ab]">&gt;&gt;</a>&nbsp;&nbsp;&nbsp;strtol
</UL>

<P><STRONG><a name="[68]"></a>isspace</STRONG> (Thumb, 18 bytes, Stack size 8 bytes, isspace_o.o(.text))
<BR><BR>[Stack]<UL><LI>Max Depth = 8<LI>Call Chain = isspace
</UL>
<BR>[Calls]<UL><LI><a href="#[ac]">&gt;&gt;</a>&nbsp;&nbsp;&nbsp;__rt_ctype_table
</UL>
<BR>[Address Reference Count : 1]<UL><LI> strtod.o(.text)
</UL>
<P><STRONG><a name="[ad]"></a>_strtoul</STRONG> (Thumb, 158 bytes, Stack size 40 bytes, _strtoul.o(.text))
<BR><BR>[Stack]<UL><LI>Max Depth = 40<LI>Call Chain = _strtoul
</UL>
<BR>[Calls]<UL><LI><a href="#[bd]">&gt;&gt;</a>&nbsp;&nbsp;&nbsp;_chval
<LI><a href="#[ae]">&gt;&gt;</a>&nbsp;&nbsp;&nbsp;__aeabi_errno_addr
</UL>
<BR>[Called By]<UL><LI><a href="#[ab]">&gt;&gt;</a>&nbsp;&nbsp;&nbsp;strtol
</UL>

<P><STRONG><a name="[c0]"></a>__strtod_int</STRONG> (Thumb, 90 bytes, Stack size 40 bytes, strtod.o(.text))
<BR><BR>[Stack]<UL><LI>Max Depth = 200<LI>Call Chain = __strtod_int &rArr; _local_sscanf &rArr; _scanf_real
</UL>
<BR>[Calls]<UL><LI><a href="#[be]">&gt;&gt;</a>&nbsp;&nbsp;&nbsp;_local_sscanf
</UL>
<BR>[Called By]<UL><LI><a href="#[169]">&gt;&gt;</a>&nbsp;&nbsp;&nbsp;__hardfp_strtod
</UL>

<P><STRONG><a name="[20e]"></a>__I$use$fp</STRONG> (Thumb, 0 bytes, Stack size 0 bytes, iusefp.o(.text), UNUSED)

<P><STRONG><a name="[bc]"></a>_float_round</STRONG> (Thumb, 18 bytes, Stack size 0 bytes, fepilogue.o(.text))
<BR><BR>[Called By]<UL><LI><a href="#[bb]">&gt;&gt;</a>&nbsp;&nbsp;&nbsp;__aeabi_d2f
</UL>

<P><STRONG><a name="[c2]"></a>_float_epilogue</STRONG> (Thumb, 92 bytes, Stack size 4 bytes, fepilogue.o(.text))
<BR><BR>[Stack]<UL><LI>Max Depth = 4<LI>Call Chain = _float_epilogue
</UL>
<BR>[Called By]<UL><LI><a href="#[c1]">&gt;&gt;</a>&nbsp;&nbsp;&nbsp;_frem
</UL>

<P><STRONG><a name="[c1]"></a>_frem</STRONG> (Thumb, 82 bytes, Stack size 16 bytes, frem.o(.text))
<BR><BR>[Stack]<UL><LI>Max Depth = 20<LI>Call Chain = _frem &rArr; _float_epilogue
</UL>
<BR>[Calls]<UL><LI><a href="#[c2]">&gt;&gt;</a>&nbsp;&nbsp;&nbsp;_float_epilogue
</UL>
<BR>[Called By]<UL><LI><a href="#[1a0]">&gt;&gt;</a>&nbsp;&nbsp;&nbsp;__hardfp_fmodf
</UL>

<P><STRONG><a name="[b2]"></a>_double_round</STRONG> (Thumb, 30 bytes, Stack size 8 bytes, depilogue.o(.text))
<BR><BR>[Stack]<UL><LI>Max Depth = 8<LI>Call Chain = _double_round
</UL>
<BR>[Called By]<UL><LI><a href="#[b6]">&gt;&gt;</a>&nbsp;&nbsp;&nbsp;__aeabi_ddiv
<LI><a href="#[af]">&gt;&gt;</a>&nbsp;&nbsp;&nbsp;__aeabi_dadd
<LI><a href="#[c3]">&gt;&gt;</a>&nbsp;&nbsp;&nbsp;_dsqrt
<LI><a href="#[b1]">&gt;&gt;</a>&nbsp;&nbsp;&nbsp;_double_epilogue
</UL>

<P><STRONG><a name="[b1]"></a>_double_epilogue</STRONG> (Thumb, 156 bytes, Stack size 32 bytes, depilogue.o(.text))
<BR><BR>[Stack]<UL><LI>Max Depth = 40<LI>Call Chain = _double_epilogue &rArr; _double_round
</UL>
<BR>[Calls]<UL><LI><a href="#[a6]">&gt;&gt;</a>&nbsp;&nbsp;&nbsp;__aeabi_llsr
<LI><a href="#[a7]">&gt;&gt;</a>&nbsp;&nbsp;&nbsp;__aeabi_llsl
<LI><a href="#[b2]">&gt;&gt;</a>&nbsp;&nbsp;&nbsp;_double_round
</UL>
<BR>[Called By]<UL><LI><a href="#[b7]">&gt;&gt;</a>&nbsp;&nbsp;&nbsp;__aeabi_i2d
<LI><a href="#[b5]">&gt;&gt;</a>&nbsp;&nbsp;&nbsp;__aeabi_dmul
<LI><a href="#[af]">&gt;&gt;</a>&nbsp;&nbsp;&nbsp;__aeabi_dadd
<LI><a href="#[b8]">&gt;&gt;</a>&nbsp;&nbsp;&nbsp;__aeabi_ui2d
<LI><a href="#[c4]">&gt;&gt;</a>&nbsp;&nbsp;&nbsp;_drem
<LI><a href="#[c7]">&gt;&gt;</a>&nbsp;&nbsp;&nbsp;__aeabi_ul2d
</UL>

<P><STRONG><a name="[1a4]"></a>__ARM_scalbn</STRONG> (Thumb, 46 bytes, Stack size 16 bytes, dscalb.o(.text))
<BR><BR>[Stack]<UL><LI>Max Depth = 16<LI>Call Chain = __ARM_scalbn
</UL>
<BR>[Called By]<UL><LI><a href="#[18a]">&gt;&gt;</a>&nbsp;&nbsp;&nbsp;__hardfp_pow
</UL>

<P><STRONG><a name="[20f]"></a>scalbn</STRONG> (Thumb, 0 bytes, Stack size 16 bytes, dscalb.o(.text), UNUSED)

<P><STRONG><a name="[c3]"></a>_dsqrt</STRONG> (Thumb, 162 bytes, Stack size 32 bytes, dsqrt.o(.text))
<BR><BR>[Stack]<UL><LI>Max Depth = 40<LI>Call Chain = _dsqrt &rArr; _double_round
</UL>
<BR>[Calls]<UL><LI><a href="#[a6]">&gt;&gt;</a>&nbsp;&nbsp;&nbsp;__aeabi_llsr
<LI><a href="#[b2]">&gt;&gt;</a>&nbsp;&nbsp;&nbsp;_double_round
</UL>
<BR>[Called By]<UL><LI><a href="#[1a3]">&gt;&gt;</a>&nbsp;&nbsp;&nbsp;sqrt
<LI><a href="#[162]">&gt;&gt;</a>&nbsp;&nbsp;&nbsp;__hardfp_sqrt
</UL>

<P><STRONG><a name="[c4]"></a>_drem</STRONG> (Thumb, 134 bytes, Stack size 48 bytes, drem.o(.text))
<BR><BR>[Stack]<UL><LI>Max Depth = 88<LI>Call Chain = _drem &rArr; _double_epilogue &rArr; _double_round
</UL>
<BR>[Calls]<UL><LI><a href="#[b1]">&gt;&gt;</a>&nbsp;&nbsp;&nbsp;_double_epilogue
</UL>
<BR>[Called By]<UL><LI><a href="#[19f]">&gt;&gt;</a>&nbsp;&nbsp;&nbsp;__hardfp_fmod
</UL>

<P><STRONG><a name="[a4]"></a>__scatterload</STRONG> (Thumb, 28 bytes, Stack size 0 bytes, init.o(.text))
<BR><BR>[Calls]<UL><LI><a href="#[c5]">&gt;&gt;</a>&nbsp;&nbsp;&nbsp;__main_after_scatterload
</UL>
<BR>[Called By]<UL><LI><a href="#[a3]">&gt;&gt;</a>&nbsp;&nbsp;&nbsp;_main_scatterload
</UL>

<P><STRONG><a name="[210]"></a>__scatterload_rt2</STRONG> (Thumb, 0 bytes, Stack size 0 bytes, init.o(.text), UNUSED)

<P><STRONG><a name="[bd]"></a>_chval</STRONG> (Thumb, 28 bytes, Stack size 0 bytes, _chval.o(.text))
<BR><BR>[Called By]<UL><LI><a href="#[ad]">&gt;&gt;</a>&nbsp;&nbsp;&nbsp;_strtoul
</UL>

<P><STRONG><a name="[bf]"></a>_scanf_real</STRONG> (Thumb, 0 bytes, Stack size 104 bytes, scanf_fp.o(.text))
<BR><BR>[Stack]<UL><LI>Max Depth = 104<LI>Call Chain = _scanf_real
</UL>
<BR>[Called By]<UL><LI><a href="#[be]">&gt;&gt;</a>&nbsp;&nbsp;&nbsp;_local_sscanf
</UL>

<P><STRONG><a name="[c8]"></a>_scanf_really_real</STRONG> (Thumb, 556 bytes, Stack size 104 bytes, scanf_fp.o(.text), UNUSED)
<BR><BR>[Calls]<UL><LI><a href="#[bb]">&gt;&gt;</a>&nbsp;&nbsp;&nbsp;__aeabi_d2f
<LI><a href="#[c9]">&gt;&gt;</a>&nbsp;&nbsp;&nbsp;_is_digit
<LI><a href="#[c6]">&gt;&gt;</a>&nbsp;&nbsp;&nbsp;_fp_value
</UL>

<P><STRONG><a name="[66]"></a>_sgetc</STRONG> (Thumb, 30 bytes, Stack size 0 bytes, _sgetc.o(.text))
<BR>[Address Reference Count : 1]<UL><LI> strtod.o(.text)
</UL>
<P><STRONG><a name="[67]"></a>_sbackspace</STRONG> (Thumb, 34 bytes, Stack size 0 bytes, _sgetc.o(.text))
<BR>[Address Reference Count : 1]<UL><LI> strtod.o(.text)
</UL>
<P><STRONG><a name="[c7]"></a>__aeabi_ul2d</STRONG> (Thumb, 24 bytes, Stack size 16 bytes, dfltul.o(.text), UNUSED)
<BR><BR>[Calls]<UL><LI><a href="#[b1]">&gt;&gt;</a>&nbsp;&nbsp;&nbsp;_double_epilogue
</UL>
<BR>[Called By]<UL><LI><a href="#[c6]">&gt;&gt;</a>&nbsp;&nbsp;&nbsp;_fp_value
</UL>

<P><STRONG><a name="[211]"></a>__decompress</STRONG> (Thumb, 0 bytes, Stack size unknown bytes, __dczerorl2.o(.text), UNUSED)

<P><STRONG><a name="[212]"></a>__decompress1</STRONG> (Thumb, 86 bytes, Stack size unknown bytes, __dczerorl2.o(.text), UNUSED)

<P><STRONG><a name="[d0]"></a>ADC_restart</STRONG> (Thumb, 20 bytes, Stack size 8 bytes, app.o(i.ADC_restart))
<BR><BR>[Stack]<UL><LI>Max Depth = 84<LI>Call Chain = ADC_restart &rArr; HAL_ADC_Start_DMA &rArr; HAL_DMA_Start_IT &rArr; DMA_SetConfig
</UL>
<BR>[Calls]<UL><LI><a href="#[d2]">&gt;&gt;</a>&nbsp;&nbsp;&nbsp;HAL_ADC_Stop_DMA
<LI><a href="#[d3]">&gt;&gt;</a>&nbsp;&nbsp;&nbsp;HAL_ADC_Start_DMA
</UL>
<BR>[Called By]<UL><LI><a href="#[cd]">&gt;&gt;</a>&nbsp;&nbsp;&nbsp;ADC_GET_Handle
</UL>

<P><STRONG><a name="[d4]"></a>APP_Ctrl_System_Handle</STRONG> (Thumb, 154 bytes, Stack size 8 bytes, app.o(i.APP_Ctrl_System_Handle))
<BR><BR>[Stack]<UL><LI>Max Depth = 688<LI>Call Chain = APP_Ctrl_System_Handle &rArr; RtkNmea_Rx_Process &rArr; RtkNmea_ParseSentence &rArr; rtk_parse_gga &rArr; RtkNmea_DdmToDeg &rArr; __hardfp_strtod &rArr; __strtod_int &rArr; _local_sscanf &rArr; _scanf_real
</UL>
<BR>[Calls]<UL><LI><a href="#[da]">&gt;&gt;</a>&nbsp;&nbsp;&nbsp;alldeal
<LI><a href="#[d8]">&gt;&gt;</a>&nbsp;&nbsp;&nbsp;RtkNmea_Rx_Process
<LI><a href="#[dd]">&gt;&gt;</a>&nbsp;&nbsp;&nbsp;HAL_SPI_Receive_DMA
<LI><a href="#[d5]">&gt;&gt;</a>&nbsp;&nbsp;&nbsp;USER_Ctrl_LedFun
<LI><a href="#[db]">&gt;&gt;</a>&nbsp;&nbsp;&nbsp;SEND_IMAGE_CMD_Handle
<LI><a href="#[dc]">&gt;&gt;</a>&nbsp;&nbsp;&nbsp;SEND_CONTROL_CMD_Handle
<LI><a href="#[d6]">&gt;&gt;</a>&nbsp;&nbsp;&nbsp;RECEIVE_IMAGE_CMD_Handle
<LI><a href="#[d7]">&gt;&gt;</a>&nbsp;&nbsp;&nbsp;RECEIVE_FW_CMD_Handle
<LI><a href="#[4]">&gt;&gt;</a>&nbsp;&nbsp;&nbsp;CMD_REC_Guide
<LI><a href="#[d9]">&gt;&gt;</a>&nbsp;&nbsp;&nbsp;APP_RtkNmea_Apply
<LI><a href="#[cd]">&gt;&gt;</a>&nbsp;&nbsp;&nbsp;ADC_GET_Handle
</UL>
<BR>[Called By]<UL><LI><a href="#[63]">&gt;&gt;</a>&nbsp;&nbsp;&nbsp;main
</UL>

<P><STRONG><a name="[de]"></a>APP_Ctrl_System_Init</STRONG> (Thumb, 110 bytes, Stack size 8 bytes, app.o(i.APP_Ctrl_System_Init))
<BR><BR>[Stack]<UL><LI>Max Depth = 192<LI>Call Chain = APP_Ctrl_System_Init &rArr; servo_module_init &rArr; dev_servo_init &rArr; dev_servo_axis_init &rArr; dev_servo_axis_load_default_param
</UL>
<BR>[Calls]<UL><LI><a href="#[e2]">&gt;&gt;</a>&nbsp;&nbsp;&nbsp;servo_module_init
<LI><a href="#[e0]">&gt;&gt;</a>&nbsp;&nbsp;&nbsp;RtkNmea_Rx_Init
<LI><a href="#[df]">&gt;&gt;</a>&nbsp;&nbsp;&nbsp;HAL_UART_Receive_DMA
<LI><a href="#[e1]">&gt;&gt;</a>&nbsp;&nbsp;&nbsp;HAL_TIM_Base_Start_IT
<LI><a href="#[d3]">&gt;&gt;</a>&nbsp;&nbsp;&nbsp;HAL_ADC_Start_DMA
</UL>
<BR>[Called By]<UL><LI><a href="#[63]">&gt;&gt;</a>&nbsp;&nbsp;&nbsp;main
</UL>

<P><STRONG><a name="[e5]"></a>APP_Uart_ClearHwErrors</STRONG> (Thumb, 138 bytes, Stack size 8 bytes, app.o(i.APP_Uart_ClearHwErrors))
<BR><BR>[Stack]<UL><LI>Max Depth = 8<LI>Call Chain = APP_Uart_ClearHwErrors
</UL>
<BR>[Called By]<UL><LI><a href="#[e4]">&gt;&gt;</a>&nbsp;&nbsp;&nbsp;APP_Uart_RxDmaRestart
</UL>

<P><STRONG><a name="[e4]"></a>APP_Uart_RxDmaRestart</STRONG> (Thumb, 62 bytes, Stack size 16 bytes, app.o(i.APP_Uart_RxDmaRestart))
<BR><BR>[Stack]<UL><LI>Max Depth = 108<LI>Call Chain = APP_Uart_RxDmaRestart &rArr; HAL_UART_Receive_DMA &rArr; UART_Start_Receive_DMA &rArr; HAL_DMA_Start_IT &rArr; DMA_SetConfig
</UL>
<BR>[Calls]<UL><LI><a href="#[df]">&gt;&gt;</a>&nbsp;&nbsp;&nbsp;HAL_UART_Receive_DMA
<LI><a href="#[e5]">&gt;&gt;</a>&nbsp;&nbsp;&nbsp;APP_Uart_ClearHwErrors
</UL>
<BR>[Called By]<UL><LI><a href="#[151]">&gt;&gt;</a>&nbsp;&nbsp;&nbsp;HAL_UART_RxCpltCallback
<LI><a href="#[176]">&gt;&gt;</a>&nbsp;&nbsp;&nbsp;rtk_rx_dma_restart
<LI><a href="#[3b]">&gt;&gt;</a>&nbsp;&nbsp;&nbsp;USART2_IRQHandler
<LI><a href="#[3a]">&gt;&gt;</a>&nbsp;&nbsp;&nbsp;USART1_IRQHandler
</UL>

<P><STRONG><a name="[e9]"></a>APP_Uart_TxCompletePoll</STRONG> (Thumb, 96 bytes, Stack size 0 bytes, app.o(i.APP_Uart_TxCompletePoll))
<BR><BR>[Called By]<UL><LI><a href="#[e8]">&gt;&gt;</a>&nbsp;&nbsp;&nbsp;APP_Uart_TxRecoverIfStuck
<LI><a href="#[3b]">&gt;&gt;</a>&nbsp;&nbsp;&nbsp;USART2_IRQHandler
<LI><a href="#[3a]">&gt;&gt;</a>&nbsp;&nbsp;&nbsp;USART1_IRQHandler
</UL>

<P><STRONG><a name="[129]"></a>BmqData_Dispose</STRONG> (Thumb, 38 bytes, Stack size 0 bytes, app.o(i.BmqData_Dispose))
<BR><BR>[Called By]<UL><LI><a href="#[128]">&gt;&gt;</a>&nbsp;&nbsp;&nbsp;HAL_SPI_RxCpltCallback
</UL>

<P><STRONG><a name="[f]"></a>BusFault_Handler</STRONG> (Thumb, 4 bytes, Stack size 0 bytes, stm32f4xx_it.o(i.BusFault_Handler))
<BR>[Address Reference Count : 1]<UL><LI> startup_stm32f405xx.o(RESET)
</UL>
<P><STRONG><a name="[cf]"></a>CLEAR_ADC_STATE_Flag</STRONG> (Thumb, 8 bytes, Stack size 0 bytes, app.o(i.CLEAR_ADC_STATE_Flag))
<BR><BR>[Called By]<UL><LI><a href="#[cd]">&gt;&gt;</a>&nbsp;&nbsp;&nbsp;ADC_GET_Handle
</UL>

<P><STRONG><a name="[f2]"></a>CurrentInit</STRONG> (Thumb, 198 bytes, Stack size 24 bytes, sf_20240116.o(i.CurrentInit))
<BR><BR>[Stack]<UL><LI>Max Depth = 112<LI>Call Chain = CurrentInit &rArr; __aeabi_dmul &rArr; _double_epilogue &rArr; _double_round
</UL>
<BR>[Calls]<UL><LI><a href="#[f1]">&gt;&gt;</a>&nbsp;&nbsp;&nbsp;__aeabi_f2d
<LI><a href="#[b5]">&gt;&gt;</a>&nbsp;&nbsp;&nbsp;__aeabi_dmul
<LI><a href="#[bb]">&gt;&gt;</a>&nbsp;&nbsp;&nbsp;__aeabi_d2f
<LI><a href="#[b8]">&gt;&gt;</a>&nbsp;&nbsp;&nbsp;__aeabi_ui2d
</UL>
<BR>[Called By]<UL><LI><a href="#[da]">&gt;&gt;</a>&nbsp;&nbsp;&nbsp;alldeal
</UL>

<P><STRONG><a name="[25]"></a>DMA1_Stream5_IRQHandler</STRONG> (Thumb, 10 bytes, Stack size 8 bytes, stm32f4xx_it.o(i.DMA1_Stream5_IRQHandler))
<BR><BR>[Stack]<UL><LI>Max Depth = 32<LI>Call Chain = DMA1_Stream5_IRQHandler &rArr; HAL_DMA_IRQHandler
</UL>
<BR>[Calls]<UL><LI><a href="#[f3]">&gt;&gt;</a>&nbsp;&nbsp;&nbsp;HAL_DMA_IRQHandler
</UL>
<BR>[Address Reference Count : 1]<UL><LI> startup_stm32f405xx.o(RESET)
</UL>
<P><STRONG><a name="[26]"></a>DMA1_Stream6_IRQHandler</STRONG> (Thumb, 10 bytes, Stack size 8 bytes, stm32f4xx_it.o(i.DMA1_Stream6_IRQHandler))
<BR><BR>[Stack]<UL><LI>Max Depth = 32<LI>Call Chain = DMA1_Stream6_IRQHandler &rArr; HAL_DMA_IRQHandler
</UL>
<BR>[Calls]<UL><LI><a href="#[f3]">&gt;&gt;</a>&nbsp;&nbsp;&nbsp;HAL_DMA_IRQHandler
</UL>
<BR>[Address Reference Count : 1]<UL><LI> startup_stm32f405xx.o(RESET)
</UL>
<P><STRONG><a name="[4d]"></a>DMA2_Stream0_IRQHandler</STRONG> (Thumb, 14 bytes, Stack size 8 bytes, stm32f4xx_it.o(i.DMA2_Stream0_IRQHandler))
<BR><BR>[Stack]<UL><LI>Max Depth = 32<LI>Call Chain = DMA2_Stream0_IRQHandler &rArr; HAL_DMA_IRQHandler
</UL>
<BR>[Calls]<UL><LI><a href="#[f4]">&gt;&gt;</a>&nbsp;&nbsp;&nbsp;SET_ADC_STATE_Flag
<LI><a href="#[f3]">&gt;&gt;</a>&nbsp;&nbsp;&nbsp;HAL_DMA_IRQHandler
</UL>
<BR>[Address Reference Count : 1]<UL><LI> startup_stm32f405xx.o(RESET)
</UL>
<P><STRONG><a name="[4e]"></a>DMA2_Stream1_IRQHandler</STRONG> (Thumb, 10 bytes, Stack size 8 bytes, stm32f4xx_it.o(i.DMA2_Stream1_IRQHandler))
<BR><BR>[Stack]<UL><LI>Max Depth = 32<LI>Call Chain = DMA2_Stream1_IRQHandler &rArr; HAL_DMA_IRQHandler
</UL>
<BR>[Calls]<UL><LI><a href="#[f3]">&gt;&gt;</a>&nbsp;&nbsp;&nbsp;HAL_DMA_IRQHandler
</UL>
<BR>[Address Reference Count : 1]<UL><LI> startup_stm32f405xx.o(RESET)
</UL>
<P><STRONG><a name="[4f]"></a>DMA2_Stream2_IRQHandler</STRONG> (Thumb, 10 bytes, Stack size 8 bytes, stm32f4xx_it.o(i.DMA2_Stream2_IRQHandler))
<BR><BR>[Stack]<UL><LI>Max Depth = 32<LI>Call Chain = DMA2_Stream2_IRQHandler &rArr; HAL_DMA_IRQHandler
</UL>
<BR>[Calls]<UL><LI><a href="#[f3]">&gt;&gt;</a>&nbsp;&nbsp;&nbsp;HAL_DMA_IRQHandler
</UL>
<BR>[Address Reference Count : 1]<UL><LI> startup_stm32f405xx.o(RESET)
</UL>
<P><STRONG><a name="[50]"></a>DMA2_Stream3_IRQHandler</STRONG> (Thumb, 10 bytes, Stack size 8 bytes, stm32f4xx_it.o(i.DMA2_Stream3_IRQHandler))
<BR><BR>[Stack]<UL><LI>Max Depth = 32<LI>Call Chain = DMA2_Stream3_IRQHandler &rArr; HAL_DMA_IRQHandler
</UL>
<BR>[Calls]<UL><LI><a href="#[f3]">&gt;&gt;</a>&nbsp;&nbsp;&nbsp;HAL_DMA_IRQHandler
</UL>
<BR>[Address Reference Count : 1]<UL><LI> startup_stm32f405xx.o(RESET)
</UL>
<P><STRONG><a name="[57]"></a>DMA2_Stream5_IRQHandler</STRONG> (Thumb, 10 bytes, Stack size 8 bytes, stm32f4xx_it.o(i.DMA2_Stream5_IRQHandler))
[...]
<BR><BR>[Called By]<UL><LI><a href="#[1ed]">&gt;&gt;</a>&nbsp;&nbsp;&nbsp;servo_module_api_go_mode
</UL>

<P><STRONG><a name="[1ed]"></a>servo_module_api_go_mode</STRONG> (Thumb, 28 bytes, Stack size 8 bytes, servo_module.o(i.servo_module_api_go_mode))
<BR><BR>[Stack]<UL><LI>Max Depth = 8<LI>Call Chain = servo_module_api_go_mode
</UL>
<BR>[Calls]<UL><LI><a href="#[1ee]">&gt;&gt;</a>&nbsp;&nbsp;&nbsp;servo_mode_is_supported
</UL>
<BR>[Called By]<UL><LI><a href="#[ee]">&gt;&gt;</a>&nbsp;&nbsp;&nbsp;servo_module_on_command
</UL>

<P><STRONG><a name="[1ef]"></a>servo_tune_init</STRONG> (Thumb, 22 bytes, Stack size 8 bytes, servo_module.o(i.servo_tune_init))
<BR><BR>[Stack]<UL><LI>Max Depth = 32<LI>Call Chain = servo_tune_init &rArr; servo_tune_sync &rArr; dev_servo_axis_get_param
</UL>
<BR>[Calls]<UL><LI><a href="#[1f4]">&gt;&gt;</a>&nbsp;&nbsp;&nbsp;servo_tune_sync
</UL>
<BR>[Called By]<UL><LI><a href="#[e2]">&gt;&gt;</a>&nbsp;&nbsp;&nbsp;servo_module_init
</UL>

<P><STRONG><a name="[1f9]"></a>mode_afollow_handler</STRONG> (Thumb, 126 bytes, Stack size 8 bytes, servo_controller.o(i.mode_afollow_handler))
<BR><BR>[Stack]<UL><LI>Max Depth = 8<LI>Call Chain = mode_afollow_handler
</UL>
<BR>[Called By]<UL><LI><a href="#[8c]">&gt;&gt;</a>&nbsp;&nbsp;&nbsp;servo_update
</UL>

<P><STRONG><a name="[1f7]"></a>mode_brake_handler</STRONG> (Thumb, 42 bytes, Stack size 8 bytes, servo_controller.o(i.mode_brake_handler))
<BR><BR>[Stack]<UL><LI>Max Depth = 8<LI>Call Chain = mode_brake_handler
</UL>
<BR>[Called By]<UL><LI><a href="#[8c]">&gt;&gt;</a>&nbsp;&nbsp;&nbsp;servo_update
</UL>

<P><STRONG><a name="[1fe]"></a>mode_current_handler</STRONG> (Thumb, 96 bytes, Stack size 16 bytes, servo_controller.o(i.mode_current_handler))
<BR><BR>[Stack]<UL><LI>Max Depth = 16<LI>Call Chain = mode_current_handler
</UL>
<BR>[Called By]<UL><LI><a href="#[8c]">&gt;&gt;</a>&nbsp;&nbsp;&nbsp;servo_update
</UL>

<P><STRONG><a name="[1f8]"></a>mode_enbrake_handler</STRONG> (Thumb, 110 bytes, Stack size 8 bytes, servo_controller.o(i.mode_enbrake_handler))
<BR><BR>[Stack]<UL><LI>Max Depth = 8<LI>Call Chain = mode_enbrake_handler
</UL>
<BR>[Called By]<UL><LI><a href="#[8c]">&gt;&gt;</a>&nbsp;&nbsp;&nbsp;servo_update
</UL>

<P><STRONG><a name="[1fd]"></a>mode_geo_handler</STRONG> (Thumb, 198 bytes, Stack size 16 bytes, servo_controller.o(i.mode_geo_handler))
<BR><BR>[Stack]<UL><LI>Max Depth = 16<LI>Call Chain = mode_geo_handler
</UL>
<BR>[Called By]<UL><LI><a href="#[8c]">&gt;&gt;</a>&nbsp;&nbsp;&nbsp;servo_update
</UL>

<P><STRONG><a name="[1e5]"></a>mode_track_handler</STRONG> (Thumb, 294 bytes, Stack size 24 bytes, servo_controller.o(i.mode_track_handler))
<BR><BR>[Stack]<UL><LI>Max Depth = 24<LI>Call Chain = mode_track_handler
</UL>
<BR>[Calls]<UL><LI><a href="#[1e6]">&gt;&gt;</a>&nbsp;&nbsp;&nbsp;servo_clampf
</UL>
<BR>[Called By]<UL><LI><a href="#[8c]">&gt;&gt;</a>&nbsp;&nbsp;&nbsp;servo_update
</UL>

<P><STRONG><a name="[1fa]"></a>mode_vmotion_handler</STRONG> (Thumb, 364 bytes, Stack size 40 bytes, servo_controller.o(i.mode_vmotion_handler))
<BR><BR>[Stack]<UL><LI>Max Depth = 40<LI>Call Chain = mode_vmotion_handler
</UL>
<BR>[Called By]<UL><LI><a href="#[8c]">&gt;&gt;</a>&nbsp;&nbsp;&nbsp;servo_update
</UL>

<P><STRONG><a name="[1f6]"></a>mode_voltage_handler</STRONG> (Thumb, 50 bytes, Stack size 8 bytes, servo_controller.o(i.mode_voltage_handler))
<BR><BR>[Stack]<UL><LI>Max Depth = 8<LI>Call Chain = mode_voltage_handler
</UL>
<BR>[Called By]<UL><LI><a href="#[8c]">&gt;&gt;</a>&nbsp;&nbsp;&nbsp;servo_update
</UL>

<P><STRONG><a name="[1fc]"></a>mode_withdraw_handler</STRONG> (Thumb, 110 bytes, Stack size 8 bytes, servo_controller.o(i.mode_withdraw_handler))
<BR><BR>[Stack]<UL><LI>Max Depth = 8<LI>Call Chain = mode_withdraw_handler
</UL>
<BR>[Called By]<UL><LI><a href="#[8c]">&gt;&gt;</a>&nbsp;&nbsp;&nbsp;servo_update
</UL>

<P><STRONG><a name="[1fb]"></a>mode_zero_handler</STRONG> (Thumb, 110 bytes, Stack size 8 bytes, servo_controller.o(i.mode_zero_handler))
<BR><BR>[Stack]<UL><LI>Max Depth = 8<LI>Call Chain = mode_zero_handler
</UL>
<BR>[Called By]<UL><LI><a href="#[8c]">&gt;&gt;</a>&nbsp;&nbsp;&nbsp;servo_update
</UL>

<P><STRONG><a name="[1e6]"></a>servo_clampf</STRONG> (Thumb, 66 bytes, Stack size 0 bytes, servo_controller.o(i.servo_clampf))
<BR><BR>[Called By]<UL><LI><a href="#[91]">&gt;&gt;</a>&nbsp;&nbsp;&nbsp;servo_set_miss
<LI><a href="#[1e5]">&gt;&gt;</a>&nbsp;&nbsp;&nbsp;mode_track_handler
</UL>

<P><STRONG><a name="[93]"></a>servo_emerg_brake</STRONG> (Thumb, 58 bytes, Stack size 8 bytes, servo_controller.o(i.servo_emerg_brake))
<BR><BR>[Stack]<UL><LI>Max Depth = 8<LI>Call Chain = servo_emerg_brake
</UL>
<BR>[Address Reference Count : 1]<UL><LI> servo_controller.o(i.dev_servo_init)
</UL>
<P><STRONG><a name="[95]"></a>servo_get_axis</STRONG> (Thumb, 28 bytes, Stack size 0 bytes, servo_controller.o(i.servo_get_axis))
<BR>[Address Reference Count : 1]<UL><LI> servo_controller.o(i.dev_servo_init)
</UL>
<P><STRONG><a name="[94]"></a>servo_get_state</STRONG> (Thumb, 132 bytes, Stack size 16 bytes, servo_controller.o(i.servo_get_state))
<BR><BR>[Stack]<UL><LI>Max Depth = 16<LI>Call Chain = servo_get_state
</UL>
<BR>[Calls]<UL><LI><a href="#[fe]">&gt;&gt;</a>&nbsp;&nbsp;&nbsp;__aeabi_memcpy4
</UL>
<BR>[Address Reference Count : 1]<UL><LI> servo_controller.o(i.dev_servo_init)
</UL>
<P><STRONG><a name="[1f3]"></a>servo_refresh_couple</STRONG> (Thumb, 94 bytes, Stack size 24 bytes, servo_controller.o(i.servo_refresh_couple))
<BR><BR>[Stack]<UL><LI>Max Depth = 52<LI>Call Chain = servo_refresh_couple &rArr; __hardfp_cosf &rArr; __mathlib_rredf2
</UL>
<BR>[Calls]<UL><LI><a href="#[19b]">&gt;&gt;</a>&nbsp;&nbsp;&nbsp;__hardfp_cosf
</UL>
<BR>[Called By]<UL><LI><a href="#[8c]">&gt;&gt;</a>&nbsp;&nbsp;&nbsp;servo_update
</UL>

<P><STRONG><a name="[8d]"></a>servo_set_cmd</STRONG> (Thumb, 34 bytes, Stack size 16 bytes, servo_controller.o(i.servo_set_cmd))
<BR><BR>[Stack]<UL><LI>Max Depth = 16<LI>Call Chain = servo_set_cmd
</UL>
<BR>[Calls]<UL><LI><a href="#[fe]">&gt;&gt;</a>&nbsp;&nbsp;&nbsp;__aeabi_memcpy4
</UL>
<BR>[Address Reference Count : 1]<UL><LI> servo_controller.o(i.dev_servo_init)
</UL>
<P><STRONG><a name="[96]"></a>servo_set_current</STRONG> (Thumb, 24 bytes, Stack size 0 bytes, servo_controller.o(i.servo_set_current))
<BR>[Address Reference Count : 1]<UL><LI> servo_controller.o(i.dev_servo_init)
</UL>
<P><STRONG><a name="[92]"></a>servo_set_geo</STRONG> (Thumb, 28 bytes, Stack size 0 bytes, servo_controller.o(i.servo_set_geo))
<BR>[Address Reference Count : 1]<UL><LI> servo_controller.o(i.dev_servo_init)
</UL>
<P><STRONG><a name="[91]"></a>servo_set_miss</STRONG> (Thumb, 80 bytes, Stack size 24 bytes, servo_controller.o(i.servo_set_miss))
<BR><BR>[Stack]<UL><LI>Max Depth = 24<LI>Call Chain = servo_set_miss
</UL>
<BR>[Calls]<UL><LI><a href="#[1e6]">&gt;&gt;</a>&nbsp;&nbsp;&nbsp;servo_clampf
</UL>
<BR>[Address Reference Count : 1]<UL><LI> servo_controller.o(i.dev_servo_init)
</UL>
<P><STRONG><a name="[8e]"></a>servo_set_mode</STRONG> (Thumb, 12 bytes, Stack size 0 bytes, servo_controller.o(i.servo_set_mode))
<BR>[Address Reference Count : 1]<UL><LI> servo_controller.o(i.dev_servo_init)
</UL>
<P><STRONG><a name="[8f]"></a>servo_set_position</STRONG> (Thumb, 20 bytes, Stack size 0 bytes, servo_controller.o(i.servo_set_position))
<BR>[Address Reference Count : 1]<UL><LI> servo_controller.o(i.dev_servo_init)
</UL>
<P><STRONG><a name="[90]"></a>servo_set_velocity</STRONG> (Thumb, 20 bytes, Stack size 0 bytes, servo_controller.o(i.servo_set_velocity))
<BR>[Address Reference Count : 1]<UL><LI> servo_controller.o(i.dev_servo_init)
</UL>
<P><STRONG><a name="[8c]"></a>servo_update</STRONG> (Thumb, 228 bytes, Stack size 8 bytes, servo_controller.o(i.servo_update))
<BR><BR>[Stack]<UL><LI>Max Depth = 60<LI>Call Chain = servo_update &rArr; servo_refresh_couple &rArr; __hardfp_cosf &rArr; __mathlib_rredf2
</UL>
<BR>[Calls]<UL><LI><a href="#[1ff]">&gt;&gt;</a>&nbsp;&nbsp;&nbsp;servo_update_motion_state
<LI><a href="#[1f3]">&gt;&gt;</a>&nbsp;&nbsp;&nbsp;servo_refresh_couple
<LI><a href="#[1fb]">&gt;&gt;</a>&nbsp;&nbsp;&nbsp;mode_zero_handler
<LI><a href="#[1fc]">&gt;&gt;</a>&nbsp;&nbsp;&nbsp;mode_withdraw_handler
<LI><a href="#[1f6]">&gt;&gt;</a>&nbsp;&nbsp;&nbsp;mode_voltage_handler
<LI><a href="#[1fa]">&gt;&gt;</a>&nbsp;&nbsp;&nbsp;mode_vmotion_handler
<LI><a href="#[1e5]">&gt;&gt;</a>&nbsp;&nbsp;&nbsp;mode_track_handler
<LI><a href="#[1fd]">&gt;&gt;</a>&nbsp;&nbsp;&nbsp;mode_geo_handler
<LI><a href="#[1f8]">&gt;&gt;</a>&nbsp;&nbsp;&nbsp;mode_enbrake_handler
<LI><a href="#[1fe]">&gt;&gt;</a>&nbsp;&nbsp;&nbsp;mode_current_handler
<LI><a href="#[1f7]">&gt;&gt;</a>&nbsp;&nbsp;&nbsp;mode_brake_handler
<LI><a href="#[1f9]">&gt;&gt;</a>&nbsp;&nbsp;&nbsp;mode_afollow_handler
</UL>
<BR>[Address Reference Count : 1]<UL><LI> servo_controller.o(i.dev_servo_init)
</UL>
<P><STRONG><a name="[1ff]"></a>servo_update_motion_state</STRONG> (Thumb, 172 bytes, Stack size 0 bytes, servo_controller.o(i.servo_update_motion_state))
<BR><BR>[Called By]<UL><LI><a href="#[8c]">&gt;&gt;</a>&nbsp;&nbsp;&nbsp;servo_update
</UL>

<P><STRONG><a name="[7e]"></a>axis_brake</STRONG> (Thumb, 92 bytes, Stack size 8 bytes, servo_axis.o(i.axis_brake))
<BR><BR>[Stack]<UL><LI>Max Depth = 8<LI>Call Chain = axis_brake
</UL>
<BR>[Address Reference Count : 1]<UL><LI> servo_axis.o(i.dev_servo_axis_init)
</UL>
<P><STRONG><a name="[89]"></a>axis_calibrate_current_bias</STRONG> (Thumb, 134 bytes, Stack size 8 bytes, servo_axis.o(i.axis_calibrate_current_bias))
<BR><BR>[Stack]<UL><LI>Max Depth = 8<LI>Call Chain = axis_calibrate_current_bias
</UL>
<BR>[Address Reference Count : 1]<UL><LI> servo_axis.o(i.dev_servo_axis_init)
</UL>
<P><STRONG><a name="[1d2]"></a>axis_check_protect</STRONG> (Thumb, 150 bytes, Stack size 8 bytes, servo_axis.o(i.axis_check_protect))
<BR><BR>[Stack]<UL><LI>Max Depth = 8<LI>Call Chain = axis_check_protect
</UL>
<BR>[Called By]<UL><LI><a href="#[7d]">&gt;&gt;</a>&nbsp;&nbsp;&nbsp;axis_enable
</UL>

<P><STRONG><a name="[8a]"></a>axis_check_soft_limit</STRONG> (Thumb, 126 bytes, Stack size 0 bytes, servo_axis.o(i.axis_check_soft_limit))
<BR><BR>[Called By]<UL><LI><a href="#[78]">&gt;&gt;</a>&nbsp;&nbsp;&nbsp;axis_update_sensor
</UL>
<BR>[Address Reference Count : 1]<UL><LI> servo_axis.o(i.dev_servo_axis_init)
</UL>
<P><STRONG><a name="[7c]"></a>axis_clear_all</STRONG> (Thumb, 28 bytes, Stack size 8 bytes, servo_axis.o(i.axis_clear_all))
<BR><BR>[Stack]<UL><LI>Max Depth = 12<LI>Call Chain = axis_clear_all &rArr; clr_gd_all
</UL>
<BR>[Calls]<UL><LI><a href="#[1b2]">&gt;&gt;</a>&nbsp;&nbsp;&nbsp;clr_gd_all
<LI><a href="#[1b1]">&gt;&gt;</a>&nbsp;&nbsp;&nbsp;clr_fw_all
</UL>
<BR>[Address Reference Count : 1]<UL><LI> servo_axis.o(i.dev_servo_axis_init)
</UL>
<P><STRONG><a name="[85]"></a>axis_clear_fault</STRONG> (Thumb, 36 bytes, Stack size 0 bytes, servo_axis.o(i.axis_clear_fault))
<BR>[Address Reference Count : 1]<UL><LI> servo_axis.o(i.dev_servo_axis_init)
</UL>
<P><STRONG><a name="[7b]"></a>axis_clear_loops</STRONG> (Thumb, 158 bytes, Stack size 16 bytes, servo_axis.o(i.axis_clear_loops))
<BR><BR>[Stack]<UL><LI>Max Depth = 16<LI>Call Chain = axis_clear_loops
</UL>
<BR>[Calls]<UL><LI><a href="#[1c4]">&gt;&gt;</a>&nbsp;&nbsp;&nbsp;clr_gddg
<LI><a href="#[1b7]">&gt;&gt;</a>&nbsp;&nbsp;&nbsp;clr_gd_v
<LI><a href="#[1b6]">&gt;&gt;</a>&nbsp;&nbsp;&nbsp;clr_gd_t_3
<LI><a href="#[1b5]">&gt;&gt;</a>&nbsp;&nbsp;&nbsp;clr_gd_t_2
<LI><a href="#[1b4]">&gt;&gt;</a>&nbsp;&nbsp;&nbsp;clr_gd_t_1
<LI><a href="#[1ca]">&gt;&gt;</a>&nbsp;&nbsp;&nbsp;clr_gd_p
<LI><a href="#[1cc]">&gt;&gt;</a>&nbsp;&nbsp;&nbsp;clr_gd_i
<LI><a href="#[1b3]">&gt;&gt;</a>&nbsp;&nbsp;&nbsp;clr_gd_g
<LI><a href="#[1cb]">&gt;&gt;</a>&nbsp;&nbsp;&nbsp;clr_gd_ev
<LI><a href="#[1b8]">&gt;&gt;</a>&nbsp;&nbsp;&nbsp;clr_gd_a
<LI><a href="#[1c6]">&gt;&gt;</a>&nbsp;&nbsp;&nbsp;clr_fwdg
<LI><a href="#[1c0]">&gt;&gt;</a>&nbsp;&nbsp;&nbsp;clr_fw_v
<LI><a href="#[1bf]">&gt;&gt;</a>&nbsp;&nbsp;&nbsp;clr_fw_t_3
<LI><a href="#[1be]">&gt;&gt;</a>&nbsp;&nbsp;&nbsp;clr_fw_t_2
<LI><a href="#[1bd]">&gt;&gt;</a>&nbsp;&nbsp;&nbsp;clr_fw_t_1
<LI><a href="#[1cd]">&gt;&gt;</a>&nbsp;&nbsp;&nbsp;clr_fw_p
<LI><a href="#[1cf]">&gt;&gt;</a>&nbsp;&nbsp;&nbsp;clr_fw_i
<LI><a href="#[1bc]">&gt;&gt;</a>&nbsp;&nbsp;&nbsp;clr_fw_g
<LI><a href="#[1ce]">&gt;&gt;</a>&nbsp;&nbsp;&nbsp;clr_fw_ev
<LI><a href="#[1c1]">&gt;&gt;</a>&nbsp;&nbsp;&nbsp;clr_fw_a
</UL>
<BR>[Address Reference Count : 1]<UL><LI> servo_axis.o(i.dev_servo_axis_init)
</UL>
<P><STRONG><a name="[1d0]"></a>axis_close_current_loop</STRONG> (Thumb, 134 bytes, Stack size 16 bytes, servo_axis.o(i.axis_close_current_loop))
<BR><BR>[Stack]<UL><LI>Max Depth = 192<LI>Call Chain = axis_close_current_loop &rArr; gdiloop &rArr; __aeabi_dmul &rArr; _double_epilogue &rArr; _double_round
</UL>
<BR>[Calls]<UL><LI><a href="#[1ba]">&gt;&gt;</a>&nbsp;&nbsp;&nbsp;gdiloop
<LI><a href="#[1d1]">&gt;&gt;</a>&nbsp;&nbsp;&nbsp;fwiloop
</UL>
<BR>[Called By]<UL><LI><a href="#[7a]">&gt;&gt;</a>&nbsp;&nbsp;&nbsp;axis_run_loop
</UL>

<P><STRONG><a name="[7d]"></a>axis_enable</STRONG> (Thumb, 164 bytes, Stack size 16 bytes, servo_axis.o(i.axis_enable))
<BR><BR>[Stack]<UL><LI>Max Depth = 24<LI>Call Chain = axis_enable &rArr; axis_check_protect
</UL>
<BR>[Calls]<UL><LI><a href="#[1d2]">&gt;&gt;</a>&nbsp;&nbsp;&nbsp;axis_check_protect
</UL>
<BR>[Address Reference Count : 1]<UL><LI> servo_axis.o(i.dev_servo_axis_init)
</UL>
<P><STRONG><a name="[82]"></a>axis_get_angle</STRONG> (Thumb, 14 bytes, Stack size 0 bytes, servo_axis.o(i.axis_get_angle))
<BR>[Address Reference Count : 1]<UL><LI> servo_axis.o(i.dev_servo_axis_init)
</UL>
<P><STRONG><a name="[88]"></a>axis_get_dir</STRONG> (Thumb, 14 bytes, Stack size 0 bytes, servo_axis.o(i.axis_get_dir))
<BR>[Address Reference Count : 1]<UL><LI> servo_axis.o(i.dev_servo_axis_init)
</UL>
<P><STRONG><a name="[84]"></a>axis_get_fault</STRONG> (Thumb, 16 bytes, Stack size 0 bytes, servo_axis.o(i.axis_get_fault))
<BR>[Address Reference Count : 1]<UL><LI> servo_axis.o(i.dev_servo_axis_init)
</UL>
<P><STRONG><a name="[83]"></a>axis_get_vel</STRONG> (Thumb, 14 bytes, Stack size 0 bytes, servo_axis.o(i.axis_get_vel))
<BR>[Address Reference Count : 1]<UL><LI> servo_axis.o(i.dev_servo_axis_init)
</UL>
<P><STRONG><a name="[1de]"></a>axis_load_default_config</STRONG> (Thumb, 174 bytes, Stack size 0 bytes, servo_axis.o(i.axis_load_default_config))
<BR><BR>[Called By]<UL><LI><a href="#[1dd]">&gt;&gt;</a>&nbsp;&nbsp;&nbsp;dev_servo_axis_init
</UL>

<P><STRONG><a name="[1d3]"></a>axis_process_gyro</STRONG> (Thumb, 506 bytes, Stack size 32 bytes, servo_axis.o(i.axis_process_gyro))
<BR><BR>[Stack]<UL><LI>Max Depth = 216<LI>Call Chain = axis_process_gyro &rArr; GdGyroButter &rArr; __aeabi_dmul &rArr; _double_epilogue &rArr; _double_round
</UL>
<BR>[Calls]<UL><LI><a href="#[105]">&gt;&gt;</a>&nbsp;&nbsp;&nbsp;GdGyroButter
<LI><a href="#[104]">&gt;&gt;</a>&nbsp;&nbsp;&nbsp;GdCurrentButter
<LI><a href="#[102]">&gt;&gt;</a>&nbsp;&nbsp;&nbsp;GdAccDis
<LI><a href="#[fb]">&gt;&gt;</a>&nbsp;&nbsp;&nbsp;FwGyroButter
<LI><a href="#[fa]">&gt;&gt;</a>&nbsp;&nbsp;&nbsp;FwCurrentButter
<LI><a href="#[f7]">&gt;&gt;</a>&nbsp;&nbsp;&nbsp;FwAccDis
</UL>
<BR>[Called By]<UL><LI><a href="#[78]">&gt;&gt;</a>&nbsp;&nbsp;&nbsp;axis_update_sensor
</UL>

<P><STRONG><a name="[7a]"></a>axis_run_loop</STRONG> (Thumb, 2220 bytes, Stack size 72 bytes, servo_axis.o(i.axis_run_loop))
<BR><BR>[Stack]<UL><LI>Max Depth = 312<LI>Call Chain = axis_run_loop &rArr; fwploop &rArr; __hardfp_fmod &rArr; __aeabi_drsub &rArr; __aeabi_dadd &rArr; _double_epilogue &rArr; _double_round
</UL>
<BR>[Calls]<UL><LI><a href="#[1d5]">&gt;&gt;</a>&nbsp;&nbsp;&nbsp;gdvloop
<LI><a href="#[1c8]">&gt;&gt;</a>&nbsp;&nbsp;&nbsp;gdtloop_TV1
<LI><a href="#[1c5]">&gt;&gt;</a>&nbsp;&nbsp;&nbsp;gdploop
<LI><a href="#[1d4]">&gt;&gt;</a>&nbsp;&nbsp;&nbsp;gdgeo
<LI><a href="#[1b9]">&gt;&gt;</a>&nbsp;&nbsp;&nbsp;gdevloop
<LI><a href="#[1d6]">&gt;&gt;</a>&nbsp;&nbsp;&nbsp;gdaloop
<LI><a href="#[1d9]">&gt;&gt;</a>&nbsp;&nbsp;&nbsp;fwvloop
<LI><a href="#[1c9]">&gt;&gt;</a>&nbsp;&nbsp;&nbsp;fwtloop_TV1
<LI><a href="#[1c7]">&gt;&gt;</a>&nbsp;&nbsp;&nbsp;fwploop
<LI><a href="#[1d8]">&gt;&gt;</a>&nbsp;&nbsp;&nbsp;fwgeo
<LI><a href="#[1c2]">&gt;&gt;</a>&nbsp;&nbsp;&nbsp;fwevloop
<LI><a href="#[1da]">&gt;&gt;</a>&nbsp;&nbsp;&nbsp;fwaloop
<LI><a href="#[1d7]">&gt;&gt;</a>&nbsp;&nbsp;&nbsp;axis_voltage_open_loop
<LI><a href="#[1d0]">&gt;&gt;</a>&nbsp;&nbsp;&nbsp;axis_close_current_loop
</UL>
<BR>[Address Reference Count : 1]<UL><LI> servo_axis.o(i.dev_servo_axis_init)
</UL>
<P><STRONG><a name="[86]"></a>axis_set_couple</STRONG> (Thumb, 12 bytes, Stack size 0 bytes, servo_axis.o(i.axis_set_couple))
<BR>[Address Reference Count : 1]<UL><LI> servo_axis.o(i.dev_servo_axis_init)
</UL>
<P><STRONG><a name="[87]"></a>axis_set_dir</STRONG> (Thumb, 12 bytes, Stack size 0 bytes, servo_axis.o(i.axis_set_dir))
<BR>[Address Reference Count : 1]<UL><LI> servo_axis.o(i.dev_servo_axis_init)
</UL>
<P><STRONG><a name="[7f]"></a>axis_set_pos_tgt</STRONG> (Thumb, 62 bytes, Stack size 0 bytes, servo_axis.o(i.axis_set_pos_tgt))
<BR>[Address Reference Count : 1]<UL><LI> servo_axis.o(i.dev_servo_axis_init)
</UL>
<P><STRONG><a name="[80]"></a>axis_set_vel_tgt</STRONG> (Thumb, 12 bytes, Stack size 0 bytes, servo_axis.o(i.axis_set_vel_tgt))
<BR>[Address Reference Count : 1]<UL><LI> servo_axis.o(i.dev_servo_axis_init)
</UL>
<P><STRONG><a name="[81]"></a>axis_set_zero</STRONG> (Thumb, 112 bytes, Stack size 16 bytes, servo_axis.o(i.axis_set_zero))
<BR><BR>[Stack]<UL><LI>Max Depth = 52<LI>Call Chain = axis_set_zero &rArr; __hardfp_fmodf &rArr; _frem &rArr; _float_epilogue
</UL>
<BR>[Calls]<UL><LI><a href="#[1a0]">&gt;&gt;</a>&nbsp;&nbsp;&nbsp;__hardfp_fmodf
</UL>
<BR>[Address Reference Count : 1]<UL><LI> servo_axis.o(i.dev_servo_axis_init)
</UL>
<P><STRONG><a name="[79]"></a>axis_sync_feedback</STRONG> (Thumb, 82 bytes, Stack size 0 bytes, servo_axis.o(i.axis_sync_feedback))
<BR>[Address Reference Count : 1]<UL><LI> servo_axis.o(i.dev_servo_axis_init)
</UL>
<P><STRONG><a name="[8b]"></a>axis_update_in_place</STRONG> (Thumb, 84 bytes, Stack size 0 bytes, servo_axis.o(i.axis_update_in_place))
<BR>[Address Reference Count : 1]<UL><LI> servo_axis.o(i.dev_servo_axis_init)
</UL>
<P><STRONG><a name="[78]"></a>axis_update_sensor</STRONG> (Thumb, 24 bytes, Stack size 8 bytes, servo_axis.o(i.axis_update_sensor))
<BR><BR>[Stack]<UL><LI>Max Depth = 224<LI>Call Chain = axis_update_sensor &rArr; axis_process_gyro &rArr; GdGyroButter &rArr; __aeabi_dmul &rArr; _double_epilogue &rArr; _double_round
</UL>
<BR>[Calls]<UL><LI><a href="#[1d3]">&gt;&gt;</a>&nbsp;&nbsp;&nbsp;axis_process_gyro
<LI><a href="#[8a]">&gt;&gt;</a>&nbsp;&nbsp;&nbsp;axis_check_soft_limit
</UL>
<BR>[Address Reference Count : 1]<UL><LI> servo_axis.o(i.dev_servo_axis_init)
</UL>
<P><STRONG><a name="[1d7]"></a>axis_voltage_open_loop</STRONG> (Thumb, 74 bytes, Stack size 0 bytes, servo_axis.o(i.axis_voltage_open_loop))
<BR><BR>[Called By]<UL><LI><a href="#[7a]">&gt;&gt;</a>&nbsp;&nbsp;&nbsp;axis_run_loop
</UL>

<P><STRONG><a name="[be]"></a>_local_sscanf</STRONG> (Thumb, 54 bytes, Stack size 56 bytes, strtod.o(.text))
<BR><BR>[Stack]<UL><LI>Max Depth = 160<LI>Call Chain = _local_sscanf &rArr; _scanf_real
</UL>
<BR>[Calls]<UL><LI><a href="#[bf]">&gt;&gt;</a>&nbsp;&nbsp;&nbsp;_scanf_real
</UL>
<BR>[Called By]<UL><LI><a href="#[c0]">&gt;&gt;</a>&nbsp;&nbsp;&nbsp;__strtod_int
</UL>

<P><STRONG><a name="[c6]"></a>_fp_value</STRONG> (Thumb, 256 bytes, Stack size 56 bytes, scanf_fp.o(.text), UNUSED)
<BR><BR>[Calls]<UL><LI><a href="#[b5]">&gt;&gt;</a>&nbsp;&nbsp;&nbsp;__aeabi_dmul
<LI><a href="#[b6]">&gt;&gt;</a>&nbsp;&nbsp;&nbsp;__aeabi_ddiv
<LI><a href="#[c7]">&gt;&gt;</a>&nbsp;&nbsp;&nbsp;__aeabi_ul2d
</UL>
<BR>[Called By]<UL><LI><a href="#[c8]">&gt;&gt;</a>&nbsp;&nbsp;&nbsp;_scanf_really_real
</UL>
<P>
<H3>
Undefined Global Symbols
</H3><HR></body></html>
