Component: ARM Compiler 5.06 update 4 (build 422) Tool: armlink [4d35d2]

==============================================================================

Section Cross References

    startup_stm32f405xx.o(RESET) refers to startup_stm32f405xx.o(STACK) for __initial_sp
    startup_stm32f405xx.o(RESET) refers to startup_stm32f405xx.o(.text) for Reset_Handler
    startup_stm32f405xx.o(RESET) refers to stm32f4xx_it.o(i.NMI_Handler) for NMI_Handler
    startup_stm32f405xx.o(RESET) refers to stm32f4xx_it.o(i.HardFault_Handler) for HardFault_Handler
    startup_stm32f405xx.o(RESET) refers to stm32f4xx_it.o(i.MemManage_Handler) for MemManage_Handler
    startup_stm32f405xx.o(RESET) refers to stm32f4xx_it.o(i.BusFault_Handler) for BusFault_Handler
    startup_stm32f405xx.o(RESET) refers to stm32f4xx_it.o(i.UsageFault_Handler) for UsageFault_Handler
    startup_stm32f405xx.o(RESET) refers to stm32f4xx_it.o(i.SVC_Handler) for SVC_Handler
    startup_stm32f405xx.o(RESET) refers to stm32f4xx_it.o(i.DebugMon_Handler) for DebugMon_Handler
    startup_stm32f405xx.o(RESET) refers to stm32f4xx_it.o(i.PendSV_Handler) for PendSV_Handler
    startup_stm32f405xx.o(RESET) refers to stm32f4xx_it.o(i.SysTick_Handler) for SysTick_Handler
    startup_stm32f405xx.o(RESET) refers to stm32f4xx_it.o(i.DMA1_Stream5_IRQHandler) for DMA1_Stream5_IRQHandler
    startup_stm32f405xx.o(RESET) refers to stm32f4xx_it.o(i.DMA1_Stream6_IRQHandler) for DMA1_Stream6_IRQHandler
    startup_stm32f405xx.o(RESET) refers to stm32f4xx_it.o(i.SPI1_IRQHandler) for SPI1_IRQHandler
    startup_stm32f405xx.o(RESET) refers to stm32f4xx_it.o(i.USART1_IRQHandler) for USART1_IRQHandler
    startup_stm32f405xx.o(RESET) refers to stm32f4xx_it.o(i.USART2_IRQHandler) for USART2_IRQHandler
    startup_stm32f405xx.o(RESET) refers to stm32f4xx_it.o(i.TIM6_DAC_IRQHandler) for TIM6_DAC_IRQHandler
    startup_stm32f405xx.o(RESET) refers to stm32f4xx_it.o(i.DMA2_Stream0_IRQHandler) for DMA2_Stream0_IRQHandler
    startup_stm32f405xx.o(RESET) refers to stm32f4xx_it.o(i.DMA2_Stream1_IRQHandler) for DMA2_Stream1_IRQHandler
    startup_stm32f405xx.o(RESET) refers to stm32f4xx_it.o(i.DMA2_Stream2_IRQHandler) for DMA2_Stream2_IRQHandler
    startup_stm32f405xx.o(RESET) refers to stm32f4xx_it.o(i.DMA2_Stream3_IRQHandler) for DMA2_Stream3_IRQHandler
    startup_stm32f405xx.o(RESET) refers to stm32f4xx_it.o(i.DMA2_Stream5_IRQHandler) for DMA2_Stream5_IRQHandler
    startup_stm32f405xx.o(RESET) refers to stm32f4xx_it.o(i.DMA2_Stream7_IRQHandler) for DMA2_Stream7_IRQHandler
    startup_stm32f405xx.o(RESET) refers to stm32f4xx_it.o(i.USART6_IRQHandler) for USART6_IRQHandler
    startup_stm32f405xx.o(.text) refers to system_stm32f4xx.o(i.SystemInit) for SystemInit
    startup_stm32f405xx.o(.text) refers to entry.o(.ARM.Collect$$$$00000000) for __main
    app.o(i.ADC_GET_Handle) refers to app.o(i.GET_ADC_STATE_Flag) for GET_ADC_STATE_Flag
    app.o(i.ADC_GET_Handle) refers to app.o(i.CLEAR_ADC_STATE_Flag) for CLEAR_ADC_STATE_Flag
    app.o(i.ADC_GET_Handle) refers to app.o(i.ADC_restart) for ADC_restart
    app.o(i.ADC_GET_Handle) refers to stm32f4xx_hal_gpio.o(i.HAL_GPIO_TogglePin) for HAL_GPIO_TogglePin
    app.o(i.ADC_restart) refers to stm32f4xx_hal_adc.o(i.HAL_ADC_Stop_DMA) for HAL_ADC_Stop_DMA
    app.o(i.ADC_restart) refers to stm32f4xx_hal_adc.o(i.HAL_ADC_Start_DMA) for HAL_ADC_Start_DMA
    app.o(i.ADC_restart) refers to adc.o(.bss) for hadc1
    app.o(i.ADC_restart) refers to app.o(.bss) for ADC1_CovertedValue
    app.o(i.APP_Ctrl_System_Handle) refers to app.o(i.USER_Ctrl_LedFun) for USER_Ctrl_LedFun
    app.o(i.APP_Ctrl_System_Handle) refers to app.o(i.ADC_GET_Handle) for ADC_GET_Handle
    app.o(i.APP_Ctrl_System_Handle) refers to app.o(i.RECEIVE_IMAGE_CMD_Handle) for RECEIVE_IMAGE_CMD_Handle
    app.o(i.APP_Ctrl_System_Handle) refers to app.o(i.RECEIVE_FW_CMD_Handle) for RECEIVE_FW_CMD_Handle
    app.o(i.APP_Ctrl_System_Handle) refers to rtk_nmea_rx.o(i.RtkNmea_Rx_Process) for RtkNmea_Rx_Process
    app.o(i.APP_Ctrl_System_Handle) refers to app.o(i.APP_RtkNmea_Apply) for APP_RtkNmea_Apply
    app.o(i.APP_Ctrl_System_Handle) refers to app.o(i.CMD_REC_Guide) for CMD_REC_Guide
    app.o(i.APP_Ctrl_System_Handle) refers to sf_20240116.o(i.alldeal) for alldeal
    app.o(i.APP_Ctrl_System_Handle) refers to app.o(i.SEND_IMAGE_CMD_Handle) for SEND_IMAGE_CMD_Handle
    app.o(i.APP_Ctrl_System_Handle) refers to app.o(i.SEND_CONTROL_CMD_Handle) for SEND_CONTROL_CMD_Handle
    app.o(i.APP_Ctrl_System_Handle) refers to stm32f4xx_hal_spi.o(i.HAL_SPI_Receive_DMA) for HAL_SPI_Receive_DMA
    app.o(i.APP_Ctrl_System_Handle) refers to app.o(.data) for s_rtk_nmea_locked
    app.o(i.APP_Ctrl_System_Handle) refers to sf_20240116.o(.data) for PTstate
    app.o(i.APP_Ctrl_System_Handle) refers to spi.o(.bss) for hspi1
    app.o(i.APP_Ctrl_System_Handle) refers to app.o(.bss) for send_image_cmd_buffer
[...]
    HAL_RCC_ClockConfig                      0x08004f89   Thumb Code   368  stm32f4xx_hal_rcc.o(i.HAL_RCC_ClockConfig)
    HAL_RCC_EnableCSS                        0x0800510d   Thumb Code     8  stm32f4xx_hal_rcc.o(i.HAL_RCC_EnableCSS)
    HAL_RCC_GetHCLKFreq                      0x08005119   Thumb Code     6  stm32f4xx_hal_rcc.o(i.HAL_RCC_GetHCLKFreq)
    HAL_RCC_GetPCLK1Freq                     0x08005125   Thumb Code    22  stm32f4xx_hal_rcc.o(i.HAL_RCC_GetPCLK1Freq)
    HAL_RCC_GetPCLK2Freq                     0x08005145   Thumb Code    22  stm32f4xx_hal_rcc.o(i.HAL_RCC_GetPCLK2Freq)
    HAL_RCC_GetSysClockFreq                  0x08005165   Thumb Code   162  stm32f4xx_hal_rcc.o(i.HAL_RCC_GetSysClockFreq)
    HAL_RCC_NMI_IRQHandler                   0x08005215   Thumb Code    28  stm32f4xx_hal_rcc.o(i.HAL_RCC_NMI_IRQHandler)
    HAL_RCC_OscConfig                        0x08005235   Thumb Code  1172  stm32f4xx_hal_rcc.o(i.HAL_RCC_OscConfig)
    HAL_SPI_ErrorCallback                    0x080056d1   Thumb Code     2  stm32f4xx_hal_spi.o(i.HAL_SPI_ErrorCallback)
    HAL_SPI_IRQHandler                       0x080056d5   Thumb Code   342  stm32f4xx_hal_spi.o(i.HAL_SPI_IRQHandler)
    HAL_SPI_Init                             0x08005831   Thumb Code   200  stm32f4xx_hal_spi.o(i.HAL_SPI_Init)
    HAL_SPI_MspInit                          0x080058f9   Thumb Code   258  spi.o(i.HAL_SPI_MspInit)
    HAL_SPI_Receive_DMA                      0x08005a15   Thumb Code   268  stm32f4xx_hal_spi.o(i.HAL_SPI_Receive_DMA)
    HAL_SPI_RxCpltCallback                   0x08005b2d   Thumb Code    16  app.o(i.HAL_SPI_RxCpltCallback)
    HAL_SPI_RxHalfCpltCallback               0x08005b41   Thumb Code     2  stm32f4xx_hal_spi.o(i.HAL_SPI_RxHalfCpltCallback)
    HAL_SPI_TransmitReceive_DMA              0x08005b45   Thumb Code   336  stm32f4xx_hal_spi.o(i.HAL_SPI_TransmitReceive_DMA)
    HAL_SPI_TxRxCpltCallback                 0x08005ca9   Thumb Code     2  stm32f4xx_hal_spi.o(i.HAL_SPI_TxRxCpltCallback)
    HAL_SPI_TxRxHalfCpltCallback             0x08005cab   Thumb Code     2  stm32f4xx_hal_spi.o(i.HAL_SPI_TxRxHalfCpltCallback)
    HAL_SYSTICK_Config                       0x08005cad   Thumb Code    52  stm32f4xx_hal_cortex.o(i.HAL_SYSTICK_Config)
    HAL_TIMEx_BreakCallback                  0x08005ce1   Thumb Code     2  stm32f4xx_hal_tim_ex.o(i.HAL_TIMEx_BreakCallback)
    HAL_TIMEx_CommutCallback                 0x08005ce3   Thumb Code     2  stm32f4xx_hal_tim_ex.o(i.HAL_TIMEx_CommutCallback)
    HAL_TIMEx_MasterConfigSynchronization    0x08005ce5   Thumb Code   150  stm32f4xx_hal_tim_ex.o(i.HAL_TIMEx_MasterConfigSynchronization)
    HAL_TIM_Base_Init                        0x08005d99   Thumb Code   102  stm32f4xx_hal_tim.o(i.HAL_TIM_Base_Init)
    HAL_TIM_Base_MspInit                     0x08005e01   Thumb Code   102  tim.o(i.HAL_TIM_Base_MspInit)
    HAL_TIM_Base_Start_IT                    0x08005e75   Thumb Code   138  stm32f4xx_hal_tim.o(i.HAL_TIM_Base_Start_IT)
    HAL_TIM_ConfigClockSource                0x08005f1d   Thumb Code   268  stm32f4xx_hal_tim.o(i.HAL_TIM_ConfigClockSource)
    HAL_TIM_IC_CaptureCallback               0x08006029   Thumb Code     2  stm32f4xx_hal_tim.o(i.HAL_TIM_IC_CaptureCallback)
    HAL_TIM_IRQHandler                       0x0800602b   Thumb Code   364  stm32f4xx_hal_tim.o(i.HAL_TIM_IRQHandler)
    HAL_TIM_MspPostInit                      0x08006199   Thumb Code    84  tim.o(i.HAL_TIM_MspPostInit)
    HAL_TIM_OC_DelayElapsedCallback          0x080061f9   Thumb Code     2  stm32f4xx_hal_tim.o(i.HAL_TIM_OC_DelayElapsedCallback)
    HAL_TIM_PWM_ConfigChannel                0x080061fb   Thumb Code   260  stm32f4xx_hal_tim.o(i.HAL_TIM_PWM_ConfigChannel)
    HAL_TIM_PWM_Init                         0x080062ff   Thumb Code   102  stm32f4xx_hal_tim.o(i.HAL_TIM_PWM_Init)
    HAL_TIM_PWM_MspInit                      0x08006365   Thumb Code     2  stm32f4xx_hal_tim.o(i.HAL_TIM_PWM_MspInit)
    HAL_TIM_PWM_PulseFinishedCallback        0x08006367   Thumb Code     2  stm32f4xx_hal_tim.o(i.HAL_TIM_PWM_PulseFinishedCallback)
    HAL_TIM_PWM_Start                        0x08006369   Thumb Code   238  stm32f4xx_hal_tim.o(i.HAL_TIM_PWM_Start)
    HAL_TIM_PeriodElapsedCallback            0x08006475   Thumb Code    50  app.o(i.HAL_TIM_PeriodElapsedCallback)
    HAL_TIM_TriggerCallback                  0x080064bd   Thumb Code     2  stm32f4xx_hal_tim.o(i.HAL_TIM_TriggerCallback)
    HAL_UARTEx_RxEventCallback               0x080064bf   Thumb Code     2  stm32f4xx_hal_uart.o(i.HAL_UARTEx_RxEventCallback)
    HAL_UART_AbortReceive                    0x080064c1   Thumb Code   196  stm32f4xx_hal_uart.o(i.HAL_UART_AbortReceive)
    HAL_UART_ErrorCallback                   0x08006585   Thumb Code     2  stm32f4xx_hal_uart.o(i.HAL_UART_ErrorCallback)
    HAL_UART_IRQHandler                      0x08006589   Thumb Code   772  stm32f4xx_hal_uart.o(i.HAL_UART_IRQHandler)
    HAL_UART_Init                            0x08006891   Thumb Code   118  stm32f4xx_hal_uart.o(i.HAL_UART_Init)
    HAL_UART_MspInit                         0x08006909   Thumb Code   690  usart.o(i.HAL_UART_MspInit)
    HAL_UART_Receive_DMA                     0x08006bf1   Thumb Code    44  stm32f4xx_hal_uart.o(i.HAL_UART_Receive_DMA)
    HAL_UART_RxCpltCallback                  0x08006c1d   Thumb Code   180  app.o(i.HAL_UART_RxCpltCallback)
    HAL_UART_RxHalfCpltCallback              0x08006cfd   Thumb Code     2  stm32f4xx_hal_uart.o(i.HAL_UART_RxHalfCpltCallback)
    HAL_UART_Transmit_DMA                    0x08006d01   Thumb Code   144  stm32f4xx_hal_uart.o(i.HAL_UART_Transmit_DMA)
    HAL_UART_TxCpltCallback                  0x08006d9d   Thumb Code     2  stm32f4xx_hal_uart.o(i.HAL_UART_TxCpltCallback)
    HAL_UART_TxHalfCpltCallback              0x08006d9f   Thumb Code     2  stm32f4xx_hal_uart.o(i.HAL_UART_TxHalfCpltCallback)
    HardFault_Handler                        0x08006da1   Thumb Code     4  stm32f4xx_it.o(i.HardFault_Handler)
    MX_ADC1_Init                             0x08006da5   Thumb Code    98  adc.o(i.MX_ADC1_Init)
    MX_DMA_Init                              0x08006e15   Thumb Code   194  dma.o(i.MX_DMA_Init)
    MX_GPIO_Init                             0x08006edd   Thumb Code   220  gpio.o(i.MX_GPIO_Init)
    MX_SPI1_Init                             0x08006fc1   Thumb Code    62  spi.o(i.MX_SPI1_Init)
    MX_TIM3_Init                             0x08007009   Thumb Code   154  tim.o(i.MX_TIM3_Init)
    MX_TIM6_Init                             0x080070ad   Thumb Code    66  tim.o(i.MX_TIM6_Init)
    MX_USART1_UART_Init                      0x080070f9   Thumb Code    46  usart.o(i.MX_USART1_UART_Init)
    MX_USART2_UART_Init                      0x08007131   Thumb Code    46  usart.o(i.MX_USART2_UART_Init)
    MX_USART6_UART_Init                      0x08007169   Thumb Code    46  usart.o(i.MX_USART6_UART_Init)
    MemManage_Handler                        0x080071a1   Thumb Code     4  stm32f4xx_it.o(i.MemManage_Handler)
    NMI_Handler                              0x080071a5   Thumb Code     8  stm32f4xx_it.o(i.NMI_Handler)
    OrientLoadCal                            0x080071ad   Thumb Code  1228  geo_track_c.o(i.OrientLoadCal)
    Orient_Convert                           0x0800767d   Thumb Code   946  geo_track_c.o(i.Orient_Convert)
    PendSV_Handler                           0x08007a99   Thumb Code     2  stm32f4xx_it.o(i.PendSV_Handler)
    RtkNmea_DdmToDeg                         0x08007b61   Thumb Code   172  rtk_nmea_parse.o(i.RtkNmea_DdmToDeg)
    RtkNmea_ParseSentence                    0x08007c25   Thumb Code   244  rtk_nmea_parse.o(i.RtkNmea_ParseSentence)
    RtkNmea_Rx_DmaCpltHandler                0x08007d29   Thumb Code    22  rtk_nmea_rx.o(i.RtkNmea_Rx_DmaCpltHandler)
    RtkNmea_Rx_Feed                          0x08007d45   Thumb Code    34  rtk_nmea_rx.o(i.RtkNmea_Rx_Feed)
    RtkNmea_Rx_GetSentence                   0x08007d69   Thumb Code   102  rtk_nmea_rx.o(i.RtkNmea_Rx_GetSentence)
    RtkNmea_Rx_IdleIrqHandler                0x08007de1   Thumb Code   110  rtk_nmea_rx.o(i.RtkNmea_Rx_IdleIrqHandler)
    RtkNmea_Rx_Init                          0x08007e5d   Thumb Code    84  rtk_nmea_rx.o(i.RtkNmea_Rx_Init)
    RtkNmea_Rx_Process                       0x08007ed9   Thumb Code    94  rtk_nmea_rx.o(i.RtkNmea_Rx_Process)
    RtkNmea_VerifyChecksum                   0x08007f55   Thumb Code    92  rtk_nmea_parse.o(i.RtkNmea_VerifyChecksum)
    SET_ADC_STATE_Flag                       0x0800829d   Thumb Code     8  app.o(i.SET_ADC_STATE_Flag)
    SPI1_IRQHandler                          0x080082a9   Thumb Code    10  stm32f4xx_it.o(i.SPI1_IRQHandler)
    SVC_Handler                              0x080085e9   Thumb Code     2  stm32f4xx_it.o(i.SVC_Handler)
    SysTick_Handler                          0x080085eb   Thumb Code     8  stm32f4xx_it.o(i.SysTick_Handler)
    SystemClock_Config                       0x080085f5   Thumb Code   174  main.o(i.SystemClock_Config)
    SystemInit                               0x080086ad   Thumb Code    14  system_stm32f4xx.o(i.SystemInit)
    TGT                                      0x080086c1   Thumb Code  2088  geo_track_c.o(i.TGT)
    TIM6_DAC_IRQHandler                      0x08008f3d   Thumb Code    10  stm32f4xx_it.o(i.TIM6_DAC_IRQHandler)
    TIM_Base_SetConfig                       0x08008f4d   Thumb Code   178  stm32f4xx_hal_tim.o(i.TIM_Base_SetConfig)
    TIM_CCxChannelCmd                        0x0800902d   Thumb Code    34  stm32f4xx_hal_tim.o(i.TIM_CCxChannelCmd)
    TIM_ETR_SetConfig                        0x0800904f   Thumb Code    22  stm32f4xx_hal_tim.o(i.TIM_ETR_SetConfig)
    TIM_OC2_SetConfig                        0x080090e9   Thumb Code   114  stm32f4xx_hal_tim.o(i.TIM_OC2_SetConfig)
    Triangle_Fun_Cal                         0x08009281   Thumb Code   970  geo_track_c.o(i.Triangle_Fun_Cal)
    UART_Start_Receive_DMA                   0x08009c05   Thumb Code   202  stm32f4xx_hal_uart.o(i.UART_Start_Receive_DMA)
    USART1_IRQHandler                        0x08009d3d   Thumb Code   116  stm32f4xx_it.o(i.USART1_IRQHandler)
    USART2_IRQHandler                        0x08009dbd   Thumb Code   116  stm32f4xx_it.o(i.USART2_IRQHandler)
    USART6_IRQHandler                        0x08009e3d   Thumb Code    14  stm32f4xx_it.o(i.USART6_IRQHandler)
    USER_Ctrl_LedFun                         0x08009e51   Thumb Code    80  app.o(i.USER_Ctrl_LedFun)
    UsageFault_Handler                       0x08009eef   Thumb Code     4  stm32f4xx_it.o(i.UsageFault_Handler)
    __ARM_fpclassify                         0x08009ef3   Thumb Code    48  fpclassify.o(i.__ARM_fpclassify)
    __ARM_fpclassifyf                        0x08009f23   Thumb Code    38  fpclassifyf.o(i.__ARM_fpclassifyf)
    __aeabi_errno_addr                       0x08009f81   Thumb Code     4  errno.o(i.__aeabi_errno_addr)
    __rt_errno_addr                          0x08009f81   Thumb Code     0  errno.o(i.__aeabi_errno_addr)
    __hardfp_atan                            0x08009f89   Thumb Code   622  atan.o(i.__hardfp_atan)
    __hardfp_atan2                           0x0800a261   Thumb Code   432  atan2.o(i.__hardfp_atan2)
    __hardfp_cos                             0x0800a451   Thumb Code   180  cos.o(i.__hardfp_cos)
    __hardfp_cosf                            0x0800a519   Thumb Code   280  cosf.o(i.__hardfp_cosf)
    __hardfp_fabs                            0x0800a669   Thumb Code    20  fabs.o(i.__hardfp_fabs)
    __hardfp_fmod                            0x0800a67d   Thumb Code   254  fmod.o(i.__hardfp_fmod)
    __hardfp_fmodf                           0x0800a781   Thumb Code   176  fmodf.o(i.__hardfp_fmodf)
    __hardfp_pow                             0x0800a831   Thumb Code  3072  pow.o(i.__hardfp_pow)
    __hardfp_sin                             0x0800b481   Thumb Code   180  sin.o(i.__hardfp_sin)
    __hardfp_sinf                            0x0800b549   Thumb Code   344  sinf.o(i.__hardfp_sinf)
    __hardfp_sqrt                            0x0800b6d9   Thumb Code   122  sqrt.o(i.__hardfp_sqrt)
    __hardfp_strtod                          0x0800b759   Thumb Code    30  strtod.o(i.__hardfp_strtod)
    __ieee754_rem_pio2                       0x0800b781   Thumb Code   938  rred.o(i.__ieee754_rem_pio2)
    __kernel_cos                             0x0800bbb9   Thumb Code   322  cos_i.o(i.__kernel_cos)
    __kernel_poly                            0x0800bd29   Thumb Code   248  poly.o(i.__kernel_poly)
    __kernel_sin                             0x0800be21   Thumb Code   280  sin_i.o(i.__kernel_sin)
    __mathlib_dbl_divzero                    0x0800bf51   Thumb Code    28  dunder.o(i.__mathlib_dbl_divzero)
    __mathlib_dbl_infnan                     0x0800bf81   Thumb Code    20  dunder.o(i.__mathlib_dbl_infnan)
    __mathlib_dbl_infnan2                    0x0800bf95   Thumb Code    20  dunder.o(i.__mathlib_dbl_infnan2)
    __mathlib_dbl_invalid                    0x0800bfa9   Thumb Code    24  dunder.o(i.__mathlib_dbl_invalid)
    __mathlib_dbl_overflow                   0x0800bfc9   Thumb Code    24  dunder.o(i.__mathlib_dbl_overflow)
    __mathlib_dbl_underflow                  0x0800bfe9   Thumb Code    24  dunder.o(i.__mathlib_dbl_underflow)
    __mathlib_flt_infnan                     0x0800c009   Thumb Code     6  funder.o(i.__mathlib_flt_infnan)
    __mathlib_flt_invalid                    0x0800c011   Thumb Code    10  funder.o(i.__mathlib_flt_invalid)
    __mathlib_flt_underflow                  0x0800c021   Thumb Code    10  funder.o(i.__mathlib_flt_underflow)
    __mathlib_rredf2                         0x0800c031   Thumb Code   316  rredf.o(i.__mathlib_rredf2)
    __scatterload_copy                       0x0800c185   Thumb Code    14  handlers.o(i.__scatterload_copy)
    __scatterload_null                       0x0800c193   Thumb Code     2  handlers.o(i.__scatterload_null)
    __scatterload_zeroinit                   0x0800c195   Thumb Code    14  handlers.o(i.__scatterload_zeroinit)
    __set_errno                              0x0800c1a5   Thumb Code     6  errno.o(i.__set_errno)
    _is_digit                                0x0800c1b1   Thumb Code    14  scanf_fp.o(i._is_digit)
    all_brake                                0x0800c1bf   Thumb Code    12  sf_20240116.o(i.all_brake)
    alldeal                                  0x0800c1cd   Thumb Code    54  sf_20240116.o(i.alldeal)
    allprocess                               0x0800c20d   Thumb Code  4652  sf_20240116.o(i.allprocess)
    atan                                     0x0800d449   Thumb Code    16  atan.o(i.atan)
    clr_all                                  0x0800e64d   Thumb Code    12  sflib.o(i.clr_all)
    clr_fw_a                                 0x0800e659   Thumb Code   126  sflib.o(i.clr_fw_a)
    clr_fw_all                               0x0800e6e1   Thumb Code    44  sflib.o(i.clr_fw_all)
    clr_fw_ea                                0x0800e70d   Thumb Code    62  sflib.o(i.clr_fw_ea)
    clr_fw_ev                                0x0800e755   Thumb Code    62  sflib.o(i.clr_fw_ev)
    clr_fw_g                                 0x0800e79d   Thumb Code    92  sflib.o(i.clr_fw_g)
    clr_fw_i                                 0x0800e805   Thumb Code    62  sflib.o(i.clr_fw_i)
    clr_fw_p                                 0x0800e84d   Thumb Code    62  sflib.o(i.clr_fw_p)
    clr_fw_t_1                               0x0800e895   Thumb Code    86  sflib.o(i.clr_fw_t_1)
    clr_fw_t_2                               0x0800e8f5   Thumb Code    86  sflib.o(i.clr_fw_t_2)
    clr_fw_t_3                               0x0800e955   Thumb Code    84  sflib.o(i.clr_fw_t_3)
    clr_fw_v                                 0x0800e9b5   Thumb Code    62  sflib.o(i.clr_fw_v)
    clr_fwdg                                 0x0800e9fd   Thumb Code    42  sflib.o(i.clr_fwdg)
    clr_gd_a                                 0x0800ea31   Thumb Code   126  sflib.o(i.clr_gd_a)
    clr_gd_all                               0x0800eab9   Thumb Code    44  sflib.o(i.clr_gd_all)
    clr_gd_ea                                0x0800eae5   Thumb Code    62  sflib.o(i.clr_gd_ea)
    clr_gd_ev                                0x0800eb2d   Thumb Code    62  sflib.o(i.clr_gd_ev)
    clr_gd_g                                 0x0800eb75   Thumb Code    92  sflib.o(i.clr_gd_g)
    clr_gd_i                                 0x0800ebdd   Thumb Code    62  sflib.o(i.clr_gd_i)
    clr_gd_p                                 0x0800ec25   Thumb Code    62  sflib.o(i.clr_gd_p)
    clr_gd_t_1                               0x0800ec6d   Thumb Code    86  sflib.o(i.clr_gd_t_1)
    clr_gd_t_2                               0x0800eccd   Thumb Code    86  sflib.o(i.clr_gd_t_2)
    clr_gd_t_3                               0x0800ed2d   Thumb Code    84  sflib.o(i.clr_gd_t_3)
    clr_gd_v                                 0x0800ed8d   Thumb Code    62  sflib.o(i.clr_gd_v)
    clr_gddg                                 0x0800edd5   Thumb Code    42  sflib.o(i.clr_gddg)
    commandprocess                           0x0800ee09   Thumb Code   676  sf_20240116.o(i.commandprocess)
    deg__                                    0x0800f0e5   Thumb Code    56  app.o(i.deg__)
    dev_servo_axis_get_param                 0x0800f12d   Thumb Code   170  servo_axis.o(i.dev_servo_axis_get_param)
    dev_servo_axis_init                      0x0800f1dd   Thumb Code   180  servo_axis.o(i.dev_servo_axis_init)
    dev_servo_axis_load_default_param        0x0800f2e1   Thumb Code   808  servo_axis.o(i.dev_servo_axis_load_default_param)
    dev_servo_init                           0x0800f665   Thumb Code   122  servo_controller.o(i.dev_servo_init)
    dev_servo_test_init                      0x0800f70d   Thumb Code   102  servo_test.o(i.dev_servo_test_init)
    fabs                                     0x0800f78d   Thumb Code    24  fabs.o(i.fabs)
    fbdispose                                0x0800f7a5   Thumb Code   146  sf_20240116.o(i.fbdispose)
    fw_brake                                 0x0800f85d   Thumb Code    48  sf_20240116.o(i.fw_brake)
    fw_en                                    0x0800f8a1   Thumb Code   330  sf_20240116.o(i.fw_en)
    fwaloop                                  0x0800fa75   Thumb Code  4306  sflib.o(i.fwaloop)
    fwbmqdispose                             0x08010b59   Thumb Code   396  sf_20240116.o(i.fwbmqdispose)
    fwevloop                                 0x08010d15   Thumb Code   836  sflib.o(i.fwevloop)
    fwgeo                                    0x08011071   Thumb Code   750  sflib.o(i.fwgeo)
    fwiloop                                  0x0801137d   Thumb Code   426  sflib.o(i.fwiloop)
    fwploop                                  0x08011535   Thumb Code  1166  sflib.o(i.fwploop)
    fwtloop_TV1                              0x080119c9   Thumb Code   888  sflib.o(i.fwtloop_TV1)
    fwvloop                                  0x08011d4d   Thumb Code  2500  sflib.o(i.fwvloop)
    gd_brake                                 0x08012715   Thumb Code    44  sf_20240116.o(i.gd_brake)
    gd_en                                    0x08012751   Thumb Code   382  sf_20240116.o(i.gd_en)
    gdaloop                                  0x08012a4d   Thumb Code   838  sflib.o(i.gdaloop)
    gdbmqdispose                             0x08012dc1   Thumb Code   408  sf_20240116.o(i.gdbmqdispose)
    gdevloop                                 0x08012f9d   Thumb Code   814  sflib.o(i.gdevloop)
    gdgeo                                    0x080132e5   Thumb Code   586  sflib.o(i.gdgeo)
    gdiloop                                  0x08013541   Thumb Code   426  sflib.o(i.gdiloop)
    gdploop                                  0x080136f9   Thumb Code   690  sflib.o(i.gdploop)
    gdtloop_TV1                              0x080139bd   Thumb Code   770  sflib.o(i.gdtloop_TV1)
    gdvloop                                  0x08013ccd   Thumb Code   760  sflib.o(i.gdvloop)
    initcontrolpar                           0x08013fd9   Thumb Code  1240  sf_20240116.o(i.initcontrolpar)
    initdatapar                              0x080144b5   Thumb Code   254  sf_20240116.o(i.initdatapar)
    main                                     0x080145d5   Thumb Code    72  main.o(i.main)
    servo_module_init                        0x0801532d   Thumb Code    52  servo_module.o(i.servo_module_init)
    servo_module_on_command                  0x0801536d   Thumb Code   356  servo_module.o(i.servo_module_on_command)
    servo_tune_sync                          0x08015645   Thumb Code    54  servo_tune.o(i.servo_tune_sync)
    sqrt                                     0x08015825   Thumb Code   110  sqrt.o(i.sqrt)
    AHBPrescTable                            0x08015bbc   Data          16  system_stm32f4xx.o(.constdata)
    APBPrescTable                            0x08015bcc   Data           8  system_stm32f4xx.o(.constdata)
    __mathlib_zero                           0x08015da0   Data           8  qnan.o(.constdata)
    __ctype_table                            0x08015eb8   Data         129  ctype_o.o(.constdata)
    Region$$Table$$Base                      0x08015f40   Number         0  anon$$obj.o(Region$$Table)
    Region$$Table$$Limit                     0x08015f60   Number         0  anon$$obj.o(Region$$Table)
    SPI1_rxbuf                               0x20000000   Data           6  app.o(.data)
    ms                                       0x20000006   Data           1  app.o(.data)
    u1_rec_flag                              0x2000000d   Data           1  app.o(.data)
    u2_rec_flag                              0x2000000e   Data           1  app.o(.data)
    dma_get_flag                             0x2000000f   Data           1  app.o(.data)
    fh_debug                                 0x20000014   Data           4  app.o(.data)
    WHGBMQ_Data                              0x20000018   Data           4  app.o(.data)
    WHGBMQ_Data1                             0x2000001c   Data           4  app.o(.data)
    WHGBMQ_Data2                             0x20000020   Data           4  app.o(.data)
    angle_real                               0x20000024   Data           4  app.o(.data)
    yaw_ing                                  0x20000028   Data           4  app.o(.data)
    fw_comp                                  0x2000002c   Data           4  app.o(.data)
    gd_comp                                  0x20000030   Data           4  app.o(.data)
    REC_CMD_FUN_Handle                       0x20000034   Data          44  app.o(.data)
    lxy_out                                  0x20000060   Data           8  app.o(.data)
    INS_longitude                            0x20000068   Data           8  app.o(.data)
    INS_lattitude                            0x20000070   Data           8  app.o(.data)
    Targetheight                             0x20000078   Data           8  app.o(.data)
    jing                                     0x20000080   Data           8  app.o(.data)
    wei                                      0x20000088   Data           8  app.o(.data)
    time_flag                                0x20000090   Data           4  app.o(.data)
    u1_cnt0                                  0x20000094   Data           2  app.o(.data)
    u1_cnt1                                  0x20000096   Data           2  app.o(.data)
    update_u1                                0x20000098   Data           1  app.o(.data)
    update_u2                                0x20000099   Data           1  app.o(.data)
    error_u1                                 0x2000009a   Data           1  app.o(.data)
    fw_angle_middle                          0x2000009c   Data           4  app.o(.data)
    debug_                                   0x200000a0   Data           1  app.o(.data)
    debug_1                                  0x200000a1   Data           1  app.o(.data)
    uwTick                                   0x200000f0   Data           4  stm32f4xx_hal.o(.data)
    uwTickPrio                               0x200000f4   Data           4  stm32f4xx_hal.o(.data)
    uwTickFreq                               0x200000f8   Data           1  stm32f4xx_hal.o(.data)
    SystemCoreClock                          0x200000fc   Data           4  system_stm32f4xx.o(.data)
    g_handbrake_engaged                      0x20000100   Data           1  servo_module.o(.data)
    i_A_dbg                                  0x20000104   Data           4  servo_module.o(.data)
    eable_dbg                                0x20000108   Data           1  servo_module.o(.data)
    g_test                                   0x2000010c   Data          36  servo_module.o(.data)
    g_olp_u_give                             0x20000144   Data           8  servo_axis.o(.data)
    gd_i_temp                                0x2000015c   Data           4  sf_20240116.o(.data)
    fw_v_lead                                0x20000160   Data           4  sf_20240116.o(.data)
    gd_v_lead                                0x20000164   Data           4  sf_20240116.o(.data)
    fw_a_lead                                0x20000168   Data           4  sf_20240116.o(.data)
    gd_a_lead                                0x2000016c   Data           4  sf_20240116.o(.data)
    fw_p_now                                 0x20000170   Data           4  sf_20240116.o(.data)
    gd_p_now                                 0x20000174   Data           4  sf_20240116.o(.data)
    SevroXWState                             0x20000178   Data           6  sf_20240116.o(.data)
    FWServo                                  0x2000017e   Data           6  sf_20240116.o(.data)
    PTstate                                  0x20000184   Data           1  sf_20240116.o(.data)
    Test_flag                                0x20000185   Data           1  sf_20240116.o(.data)
    FW_BMQ_DATA                              0x20000188   Data           4  sf_20240116.o(.data)
    FW_EN                                    0x2000018c   Data           1  sf_20240116.o(.data)
    FY_EN                                    0x2000018d   Data           1  sf_20240116.o(.data)
    Cos_FW                                   0x20000190   Data           4  sf_20240116.o(.data)
    Sec_FW                                   0x20000194   Data           4  sf_20240116.o(.data)
    Sin_FW                                   0x20000198   Data           4  sf_20240116.o(.data)
    Csc_FW                                   0x2000019c   Data           4  sf_20240116.o(.data)
    GD_XW_flag                               0x200001a0   Data           1  sf_20240116.o(.data)
    XW_Down_state                            0x200001a1   Data           1  sf_20240116.o(.data)
    XW_UP_state                              0x200001a2   Data           1  sf_20240116.o(.data)
    Motion_state                             0x200001a3   Data           1  sf_20240116.o(.data)
    FW_ManualBrake                           0x200001a4   Data           1  sf_20240116.o(.data)
    GD_ManualBrake                           0x200001a5   Data           1  sf_20240116.o(.data)
    GD_Withdrawal_flag                       0x200001a6   Data           1  sf_20240116.o(.data)
    FW_Withdrawal_flag                       0x200001a7   Data           1  sf_20240116.o(.data)
    test_en                                  0x200001a8   Data           1  sf_20240116.o(.data)
    FW_Loop                                  0x200001a9   Data           1  sf_20240116.o(.data)
    FY_Loop                                  0x200001aa   Data           1  sf_20240116.o(.data)
    U_give                                   0x200001ac   Data           4  sf_20240116.o(.data)
    I_give                                   0x200001b0   Data           4  sf_20240116.o(.data)
    Ea_give                                  0x200001b4   Data           4  sf_20240116.o(.data)
    Ev_give                                  0x200001b8   Data           4  sf_20240116.o(.data)
    P_give                                   0x200001bc   Data           4  sf_20240116.o(.data)
    Test_Fre                                 0x200001c0   Data           4  sf_20240116.o(.data)
    fwval                                    0x200001c4   Data           4  sf_20240116.o(.data)
    fyval                                    0x200001c8   Data           4  sf_20240116.o(.data)
    WorkMode                                 0x200001cc   Data           1  sf_20240116.o(.data)
    fw_miss                                  0x200001d0   Data           4  sf_20240116.o(.data)
    gd_miss                                  0x200001d4   Data           4  sf_20240116.o(.data)
    fw_a_lead_test                           0x200001d8   Data           4  sf_20240116.o(.data)
    gdencodererrcnt                          0x200001dc   Data           1  sf_20240116.o(.data)
    Last_cmd                                 0x200001dd   Data           1  sf_20240116.o(.data)
    Now_cmd                                  0x200001de   Data           1  sf_20240116.o(.data)
    bmq_test_cnt                             0x200001df   Data           1  sf_20240116.o(.data)
    FW_Mech_Angle                            0x200001e0   Data           4  sf_20240116.o(.data)
    FY_Mech_Angle                            0x200001e4   Data           4  sf_20240116.o(.data)
    Pre_PTState                              0x200001e8   Data           1  sf_20240116.o(.data)
    XW_cnt                                   0x200001e9   Data           1  sf_20240116.o(.data)
    Stop_Flag                                0x200001ea   Data           1  sf_20240116.o(.data)
    GDOverCurrent_Flag                       0x200001eb   Data           1  sf_20240116.o(.data)
    FWOverCurrent_Flag                       0x200001ec   Data           1  sf_20240116.o(.data)
    GD_overspeed_Count                       0x200001ee   Data           2  sf_20240116.o(.data)
    GD_dis                                   0x200001f0   Data           1  sf_20240116.o(.data)
    FW_dis                                   0x200001f1   Data           1  sf_20240116.o(.data)
    fwdj_cnt                                 0x200001f2   Data           1  sf_20240116.o(.data)
    fydj_cnt                                 0x200001f3   Data           1  sf_20240116.o(.data)
    FW_overspeed_Count                       0x200001f4   Data           2  sf_20240116.o(.data)
    gd_u_d_sum                               0x200001f8   Data           4  sf_20240116.o(.data)
    gd_u_d_avg                               0x200001fc   Data           4  sf_20240116.o(.data)
    gd_u_d                                   0x20000200   Data           4  sf_20240116.o(.data)
    Target_Motion                            0x20000218   Data           8  geo_track_c.o(.data)
    LMC                                      0x20000220   Data           8  geo_track_c.o(.data)
    Sin_array                                0x20000228   Data        3604  geo_track_c.o(.data)
    u1_rx_buff                               0x200017c8   Data         256  app.o(.bss)
    u2_rx_buff                               0x200018c8   Data         256  app.o(.bss)
    rec_cmd_buffer                           0x200019c8   Data          31  app.o(.bss)
    send_image_cmd_buffer                    0x200019e7   Data          74  app.o(.bss)
    rec_fw_fy_buff                           0x20001a31   Data          54  app.o(.bss)
    send_fy_fw_buff                          0x20001a67   Data          14  app.o(.bss)
    ADC1_CovertedValue                       0x20001a76   Data          20  app.o(.bss)
    lxy_self                                 0x20001aa4   Data          12  app.o(.bss)
    lxy_target                               0x20001ab0   Data          12  app.o(.bss)
    gps_self                                 0x20001abc   Data          12  app.o(.bss)
    gps_target                               0x20001ac8   Data          12  app.o(.bss)
    INS_                                     0x20001ad8   Data          48  app.o(.bss)
    PT_                                      0x20001b08   Data          12  app.o(.bss)
    OrientLoad_                              0x20001b14   Data          20  app.o(.bss)
    hadc1                                    0x20001b28   Data          72  adc.o(.bss)
    hdma_adc1                                0x20001b70   Data          96  adc.o(.bss)
    hspi1                                    0x20001bd0   Data          88  spi.o(.bss)
    hdma_spi1_rx                             0x20001c28   Data          96  spi.o(.bss)
    hdma_spi1_tx                             0x20001c88   Data          96  spi.o(.bss)
    htim3                                    0x20001ce8   Data          72  tim.o(.bss)
    htim6                                    0x20001d30   Data          72  tim.o(.bss)
    huart1                                   0x20001d78   Data          72  usart.o(.bss)
    huart2                                   0x20001dc0   Data          72  usart.o(.bss)
    huart6                                   0x20001e08   Data          72  usart.o(.bss)
    hdma_usart1_rx                           0x20001e50   Data          96  usart.o(.bss)
    hdma_usart1_tx                           0x20001eb0   Data          96  usart.o(.bss)
    hdma_usart2_rx                           0x20001f10   Data          96  usart.o(.bss)
    hdma_usart2_tx                           0x20001f70   Data          96  usart.o(.bss)
    hdma_usart6_rx                           0x20001fd0   Data          96  usart.o(.bss)
    g_rtk_nmea_data                          0x20002030   Data         104  rtk_nmea_parse.o(.bss)
    s_rtk_dma_buf                            0x20002098   Data         512  rtk_nmea_rx.o(.bss)
    rtk_nmea_rx_dbg                          0x20002298   Data          44  rtk_nmea_rx.o(.bss)
    g_servo                                  0x200034e8   Data        1424  servo_module.o(.bss)
    g_servo_test                             0x20003a78   Data          64  servo_module.o(.bss)
    g_servo_ext_cmd_debug                    0x20003ab8   Data          20  servo_module.o(.bss)
    g_tune                                   0x20003acc   Data         120  servo_module.o(.bss)
    FWControl                                0x20003b48   Data         388  sf_20240116.o(.bss)
    GDControl                                0x20003ccc   Data         248  sf_20240116.o(.bss)
    FWSensor                                 0x20003dc8   Data          96  sf_20240116.o(.bss)
    GDSensor                                 0x20003e28   Data         104  sf_20240116.o(.bss)
    PT_Angle                                 0x20003e90   Data          12  geo_track_c.o(.bss)
    INS                                      0x20003ea0   Data          48  geo_track_c.o(.bss)
    Target                                   0x20003ed0   Data          24  geo_track_c.o(.bss)
    BaseVel                                  0x20003ee8   Data          12  geo_track_c.o(.bss)
    Target_Angletbl_in_Pic                   0x20003ef4   Data          80  geo_track_c.o(.bss)
    GPS_Orient_Result                        0x20003f48   Data          24  geo_track_c.o(.bss)
    MT_GPS_Orient_Result                     0x20003f60   Data         240  geo_track_c.o(.bss)
    Triangle_Fun_Cal_Result                  0x20004050   Data          48  geo_track_c.o(.bss)
    Vel_Cal_Result                           0x20004080   Data          20  geo_track_c.o(.bss)
    Orient                                   0x20004094   Data          12  geo_track_c.o(.bss)
    OrientLoad                               0x200040a0   Data          20  geo_track_c.o(.bss)
    TGTV                                     0x200040b4   Data          12  geo_track_c.o(.bss)
    TGTH_R_P                                 0x200040c0   Data          12  geo_track_c.o(.bss)
    Load_fr_BaseVel                          0x200040cc   Data          12  geo_track_c.o(.bss)
    GDservo                                  0x20004288   Data         556  sflib.o(.bss)
    FWservo                                  0x200044b4   Data         564  sflib.o(.bss)
    GDData                                   0x200046e8   Data         384  sflib.o(.bss)
    FWData                                   0x20004868   Data         520  sflib.o(.bss)
    __initial_sp                             0x20005270   Data           0  startup_stm32f405xx.o(STACK)



==============================================================================

Memory Map of the image

  Image Entry point : 0x08000189

  Load Region LR_IROM1 (Base: 0x08000000, Size: 0x00017724, Max: 0x00100000, ABSOLUTE, COMPRESSED[0x00016e24])

    Execution Region ER_IROM1 (Base: 0x08000000, Size: 0x00015f60, Max: 0x00100000, ABSOLUTE)

    Base Addr    Size         Type   Attr      Idx    E Section Name        Object

    0x08000000   0x00000188   Data   RO            3    RESET               startup_stm32f405xx.o
    0x08000188   0x00000000   Code   RO         5941  * .ARM.Collect$$$$00000000  mc_w.l(entry.o)
    0x08000188   0x00000004   Code   RO         6038    .ARM.Collect$$$$00000001  mc_w.l(entry2.o)
    0x0800018c   0x00000004   Code   RO         6041    .ARM.Collect$$$$00000004  mc_w.l(entry5.o)
    0x08000190   0x00000000   Code   RO         6043    .ARM.Collect$$$$00000008  mc_w.l(entry7b.o)
    0x08000190   0x00000000   Code   RO         6045    .ARM.Collect$$$$0000000A  mc_w.l(entry8b.o)
    0x08000190   0x00000008   Code   RO         6046    .ARM.Collect$$$$0000000B  mc_w.l(entry9a.o)
    0x08000198   0x00000000   Code   RO         6048    .ARM.Collect$$$$0000000D  mc_w.l(entry10a.o)
    0x08000198   0x00000000   Code   RO         6050    .ARM.Collect$$$$0000000F  mc_w.l(entry11a.o)
    0x08000198   0x00000004   Code   RO         6039    .ARM.Collect$$$$00002712  mc_w.l(entry2.o)
    0x0800019c   0x00000024   Code   RO            4    .text               startup_stm32f405xx.o
    0x080001c0   0x00000062   Code   RO         5944    .text               mc_w.l(uldiv.o)
    0x08000222   0x00000024   Code   RO         5946    .text               mc_w.l(memcpya.o)
    0x08000246   0x00000024   Code   RO         5948    .text               mc_w.l(memseta.o)
    0x0800026a   0x00000024   Code   RO         5950    .text               mc_w.l(strstr.o)
    0x0800028e   0x00000014   Code   RO         5952    .text               mc_w.l(strchr.o)
    0x080002a2   0x0000000e   Code   RO         5954    .text               mc_w.l(strlen.o)
    0x080002b0   0x00000012   Code   RO         5956    .text               mc_w.l(strcpy.o)
    0x080002c2   0x00000070   Code   RO         5960    .text               mc_w.l(strtol.o)
    0x08000332   0x0000014e   Code   RO         5962    .text               mf_w.l(dadd.o)
    0x08000480   0x000000e4   Code   RO         5964    .text               mf_w.l(dmul.o)
    0x08000564   0x000000de   Code   RO         5966    .text               mf_w.l(ddiv.o)
    0x08000642   0x00000022   Code   RO         5970    .text               mf_w.l(dflti.o)
    0x08000664   0x0000001a   Code   RO         5972    .text               mf_w.l(dfltui.o)
    0x0800067e   0x0000003e   Code   RO         5974    .text               mf_w.l(dfixi.o)
    0x080006bc   0x00000032   Code   RO         5976    .text               mf_w.l(dfixui.o)
    0x080006ee   0x00000026   Code   RO         5978    .text               mf_w.l(f2d.o)
    0x08000714   0x00000030   Code   RO         5980    .text               mf_w.l(cdcmple.o)
    0x08000744   0x00000030   Code   RO         5982    .text               mf_w.l(cdrcmple.o)
    0x08000774   0x00000038   Code   RO         5984    .text               mf_w.l(d2f.o)
    0x080007ac   0x0000001e   Code   RO         6052    .text               mc_w.l(llshl.o)
    0x080007ca   0x00000020   Code   RO         6054    .text               mc_w.l(llushr.o)
    0x080007ea   0x00000024   Code   RO         6056    .text               mc_w.l(llsshr.o)
    0x0800080e   0x00000002   PAD
    0x08000810   0x00000008   Code   RO         6058    .text               mc_w.l(ctype_o.o)
    0x08000818   0x00000012   Code   RO         6080    .text               mc_w.l(isspace_o.o)
    0x0800082a   0x0000009e   Code   RO         6093    .text               mc_w.l(_strtoul.o)
    0x080008c8   0x0000009c   Code   RO         6095    .text               mc_w.l(strtod.o)
    0x08000964   0x00000000   Code   RO         6097    .text               mc_w.l(iusefp.o)
    0x08000964   0x0000006e   Code   RO         6098    .text               mf_w.l(fepilogue.o)
    0x080009d2   0x00000052   Code   RO         6100    .text               mf_w.l(frem.o)
    0x08000a24   0x000000ba   Code   RO         6102    .text               mf_w.l(depilogue.o)
    0x08000ade   0x0000002e   Code   RO         6104    .text               mf_w.l(dscalb.o)
    0x08000b0c   0x000000a2   Code   RO         6106    .text               mf_w.l(dsqrt.o)
    0x08000bae   0x00000086   Code   RO         6108    .text               mf_w.l(drem.o)
    0x08000c34   0x00000024   Code   RO         6110    .text               mc_w.l(init.o)
    0x08000c58   0x0000001c   Code   RO         6114    .text               mc_w.l(_chval.o)
    0x08000c74   0x00000338   Code   RO         6116    .text               mc_w.l(scanf_fp.o)
    0x08000fac   0x00000040   Code   RO         6120    .text               mc_w.l(_sgetc.o)
    0x08000fec   0x00000018   Code   RO         6125    .text               mf_w.l(dfltul.o)
    0x08001004   0x00000056   Code   RO         6135    .text               mc_w.l(__dczerorl2.o)
    0x0800105a   0x0000007e   Code   RO         1312    i.ADC_DMAConvCplt   stm32f4xx_hal_adc.o
    0x080010d8   0x0000001a   Code   RO         1313    i.ADC_DMAError      stm32f4xx_hal_adc.o
    0x080010f2   0x0000000e   Code   RO         1314    i.ADC_DMAHalfConvCplt  stm32f4xx_hal_adc.o
    0x08001100   0x00000020   Code   RO           13    i.ADC_GET_Handle    app.o
    0x08001120   0x00000160   Code   RO         1315    i.ADC_Init          stm32f4xx_hal_adc.o
    0x08001280   0x0000001c   Code   RO           14    i.ADC_restart       app.o
    0x0800129c   0x000000bc   Code   RO           15    i.APP_Ctrl_System_Handle  app.o
    0x08001358   0x00000098   Code   RO           16    i.APP_Ctrl_System_Init  app.o
    0x080013f0   0x00000340   Code   RO           17    i.APP_RtkNmea_Apply  app.o
    0x08001730   0x0000008a   Code   RO           18    i.APP_Uart_ClearHwErrors  app.o
    0x080017ba   0x0000003e   Code   RO           19    i.APP_Uart_RxDmaRestart  app.o
    0x080017f8   0x00000060   Code   RO           20    i.APP_Uart_TxCompletePoll  app.o
    0x08001858   0x0000007e   Code   RO           21    i.APP_Uart_TxHardRecover  app.o
    0x080018d6   0x00000040   Code   RO           22    i.APP_Uart_TxRecoverIfStuck  app.o
    0x08001916   0x00000002   PAD
    0x08001918   0x00000034   Code   RO           23    i.BmqData_Dispose   app.o
    0x0800194c   0x00000004   Code   RO          744    i.BusFault_Handler  stm32f4xx_it.o
    0x08001950   0x0000000c   Code   RO           24    i.CLEAR_ADC_STATE_Flag  app.o
    0x0800195c   0x00000038   Code   RO           25    i.CMD_Dataanalysis  app.o
    0x08001994   0x0000001e   Code   RO           26    i.CMD_REC_Brake     app.o
    0x080019b2   0x0000001e   Code   RO           27    i.CMD_REC_Collect   app.o
    0x080019d0   0x000000dc   Code   RO           28    i.CMD_REC_Guide     app.o
    0x08001aac   0x00000002   Code   RO           29    i.CMD_REC_Lock      app.o
    0x08001aae   0x0000004c   Code   RO           30    i.CMD_REC_PLACE_Move  app.o
    0x08001afa   0x00000002   PAD
    0x08001afc   0x0000024c   Code   RO           31    i.CMD_REC_Revise    app.o
    0x08001d48   0x00000052   Code   RO           32    i.CMD_REC_Speed_Move  app.o
    0x08001d9a   0x00000002   PAD
    0x08001d9c   0x00000070   Code   RO           33    i.CMD_REC_Stepmove  app.o
    0x08001e0c   0x0000006c   Code   RO           34    i.CMD_REC_Trace     app.o
    0x08001e78   0x00000002   Code   RO           35    i.CMD_REC_UNLock    app.o
    0x08001e7a   0x00000002   PAD
    0x08001e7c   0x000000f8   Code   RO         5061    i.CurrentInit       sf_20240116.o
    0x08001f74   0x00000010   Code   RO          745    i.DMA1_Stream5_IRQHandler  stm32f4xx_it.o
    0x08001f84   0x00000010   Code   RO          746    i.DMA1_Stream6_IRQHandler  stm32f4xx_it.o
    0x08001f94   0x00000014   Code   RO          747    i.DMA2_Stream0_IRQHandler  stm32f4xx_it.o
    0x08001fa8   0x00000010   Code   RO          748    i.DMA2_Stream1_IRQHandler  stm32f4xx_it.o
    0x08001fb8   0x00000010   Code   RO          749    i.DMA2_Stream2_IRQHandler  stm32f4xx_it.o
    0x08001fc8   0x00000010   Code   RO          750    i.DMA2_Stream3_IRQHandler  stm32f4xx_it.o
    0x08001fd8   0x00000010   Code   RO          751    i.DMA2_Stream5_IRQHandler  stm32f4xx_it.o
    0x08001fe8   0x00000010   Code   RO          752    i.DMA2_Stream7_IRQHandler  stm32f4xx_it.o
    0x08001ff8   0x00000034   Code   RO         2094    i.DMA_CalcBaseAndBitshift  stm32f4xx_hal_dma.o
    0x0800202c   0x000000aa   Code   RO         2095    i.DMA_CheckFifoParam  stm32f4xx_hal_dma.o
    0x080020d6   0x0000002c   Code   RO         2096    i.DMA_SetConfig     stm32f4xx_hal_dma.o
    0x08002102   0x00000002   Code   RO          753    i.DebugMon_Handler  stm32f4xx_it.o
    0x08002104   0x00000006   Code   RO          458    i.Error_Handler     main.o
    0x0800210a   0x00000002   PAD
    0x0800210c   0x000000c0   Code   RO         5063    i.FW_PWM            sf_20240116.o
    0x080021cc   0x000001c0   Code   RO         5330    i.FwAccDis          Servolib.lib(sflib.o)
    0x0800238c   0x000004e8   Code   RO         5331    i.FwAxisEvDis       Servolib.lib(sflib.o)
    0x08002874   0x00000360   Code   RO         5332    i.FwCurrentButter   Servolib.lib(sflib.o)
    0x08002bd4   0x00000410   Code   RO         5333    i.FwGyroButter      Servolib.lib(sflib.o)
    0x08002fe4   0x000001b8   Code   RO         5338    i.FweAccDis         Servolib.lib(sflib.o)
    0x0800319c   0x000001a0   Code   RO           36    i.GEO               app.o
    0x0800333c   0x00000014   Code   RO           37    i.GET_ADC_STATE_Flag  app.o
    0x08003350   0x000001b8   Code   RO         5339    i.GdAccDis          Servolib.lib(sflib.o)
    0x08003508   0x000003e0   Code   RO         5340    i.GdAxisEvDis       Servolib.lib(sflib.o)
    0x080038e8   0x00000360   Code   RO         5341    i.GdCurrentButter   Servolib.lib(sflib.o)
    0x08003c48   0x00000408   Code   RO         5342    i.GdGyroButter      Servolib.lib(sflib.o)
    0x08004050   0x000001b8   Code   RO         5347    i.GdeAccDis         Servolib.lib(sflib.o)
    0x08004208   0x0000018c   Code   RO         1317    i.HAL_ADC_ConfigChannel  stm32f4xx_hal_adc.o
    0x08004394   0x00000002   Code   RO         1318    i.HAL_ADC_ConvCpltCallback  stm32f4xx_hal_adc.o
    0x08004396   0x00000002   Code   RO         1319    i.HAL_ADC_ConvHalfCpltCallback  stm32f4xx_hal_adc.o
    0x08004398   0x00000002   Code   RO         1321    i.HAL_ADC_ErrorCallback  stm32f4xx_hal_adc.o
    0x0800439a   0x00000002   PAD
    0x0800439c   0x00000068   Code   RO         1326    i.HAL_ADC_Init      stm32f4xx_hal_adc.o
    0x08004404   0x000000c4   Code   RO          529    i.HAL_ADC_MspInit   adc.o
    0x080044c8   0x000001bc   Code   RO         1333    i.HAL_ADC_Start_DMA  stm32f4xx_hal_adc.o
    0x08004684   0x00000080   Code   RO         1336    i.HAL_ADC_Stop_DMA  stm32f4xx_hal_adc.o
    0x08004704   0x000000ac   Code   RO         2097    i.HAL_DMA_Abort     stm32f4xx_hal_dma.o
    0x080047b0   0x00000028   Code   RO         2098    i.HAL_DMA_Abort_IT  stm32f4xx_hal_dma.o
    0x080047d8   0x00000006   Code   RO         2100    i.HAL_DMA_GetError  stm32f4xx_hal_dma.o
    0x080047de   0x00000002   PAD
    0x080047e0   0x00000240   Code   RO         2102    i.HAL_DMA_IRQHandler  stm32f4xx_hal_dma.o
    0x08004a20   0x000000ec   Code   RO         2103    i.HAL_DMA_Init      stm32f4xx_hal_dma.o
    0x08004b0c   0x00000092   Code   RO         2107    i.HAL_DMA_Start_IT  stm32f4xx_hal_dma.o
    0x08004b9e   0x00000002   PAD
    0x08004ba0   0x000001f4   Code   RO         1990    i.HAL_GPIO_Init     stm32f4xx_hal_gpio.o
    0x08004d94   0x00000010   Code   RO         1992    i.HAL_GPIO_ReadPin  stm32f4xx_hal_gpio.o
    0x08004da4   0x00000014   Code   RO         1993    i.HAL_GPIO_TogglePin  stm32f4xx_hal_gpio.o
    0x08004db8   0x0000000c   Code   RO         1994    i.HAL_GPIO_WritePin  stm32f4xx_hal_gpio.o
    0x08004dc4   0x0000000c   Code   RO         2545    i.HAL_GetTick       stm32f4xx_hal.o
    0x08004dd0   0x00000018   Code   RO         2551    i.HAL_IncTick       stm32f4xx_hal.o
    0x08004de8   0x0000003c   Code   RO         2552    i.HAL_Init          stm32f4xx_hal.o
    0x08004e24   0x0000004c   Code   RO         2553    i.HAL_InitTick      stm32f4xx_hal.o
    0x08004e70   0x00000048   Code   RO          898    i.HAL_MspInit       stm32f4xx_hal_msp.o
    0x08004eb8   0x00000028   Code   RO         2382    i.HAL_NVIC_EnableIRQ  stm32f4xx_hal_cortex.o
    0x08004ee0   0x0000007c   Code   RO         2388    i.HAL_NVIC_SetPriority  stm32f4xx_hal_cortex.o
    0x08004f5c   0x00000028   Code   RO         2389    i.HAL_NVIC_SetPriorityGrouping  stm32f4xx_hal_cortex.o
    0x08004f84   0x00000002   Code   RO         1590    i.HAL_RCC_CSSCallback  stm32f4xx_hal_rcc.o
    0x08004f86   0x00000002   PAD
    0x08004f88   0x00000184   Code   RO         1591    i.HAL_RCC_ClockConfig  stm32f4xx_hal_rcc.o
    0x0800510c   0x0000000c   Code   RO         1594    i.HAL_RCC_EnableCSS  stm32f4xx_hal_rcc.o
    0x08005118   0x0000000c   Code   RO         1596    i.HAL_RCC_GetHCLKFreq  stm32f4xx_hal_rcc.o
    0x08005124   0x00000020   Code   RO         1598    i.HAL_RCC_GetPCLK1Freq  stm32f4xx_hal_rcc.o
    0x08005144   0x00000020   Code   RO         1599    i.HAL_RCC_GetPCLK2Freq  stm32f4xx_hal_rcc.o
    0x08005164   0x000000b0   Code   RO         1600    i.HAL_RCC_GetSysClockFreq  stm32f4xx_hal_rcc.o
    0x08005214   0x00000020   Code   RO         1602    i.HAL_RCC_NMI_IRQHandler  stm32f4xx_hal_rcc.o
    0x08005234   0x0000049c   Code   RO         1603    i.HAL_RCC_OscConfig  stm32f4xx_hal_rcc.o
    0x080056d0   0x00000002   Code   RO         2797    i.HAL_SPI_ErrorCallback  stm32f4xx_hal_spi.o
    0x080056d2   0x00000002   PAD
    0x080056d4   0x0000015c   Code   RO         2800    i.HAL_SPI_IRQHandler  stm32f4xx_hal_spi.o
    0x08005830   0x000000c8   Code   RO         2801    i.HAL_SPI_Init      stm32f4xx_hal_spi.o
    0x080058f8   0x0000011c   Code   RO          595    i.HAL_SPI_MspInit   spi.o
    0x08005a14   0x00000118   Code   RO         2805    i.HAL_SPI_Receive_DMA  stm32f4xx_hal_spi.o
    0x08005b2c   0x00000014   Code   RO           38    i.HAL_SPI_RxCpltCallback  app.o
    0x08005b40   0x00000002   Code   RO         2808    i.HAL_SPI_RxHalfCpltCallback  stm32f4xx_hal_spi.o
    0x08005b42   0x00000002   PAD
    0x08005b44   0x00000164   Code   RO         2811    i.HAL_SPI_TransmitReceive_DMA  stm32f4xx_hal_spi.o
    0x08005ca8   0x00000002   Code   RO         2817    i.HAL_SPI_TxRxCpltCallback  stm32f4xx_hal_spi.o
    0x08005caa   0x00000002   Code   RO         2818    i.HAL_SPI_TxRxHalfCpltCallback  stm32f4xx_hal_spi.o
    0x08005cac   0x00000034   Code   RO         2393    i.HAL_SYSTICK_Config  stm32f4xx_hal_cortex.o
    0x08005ce0   0x00000002   Code   RO         3829    i.HAL_TIMEx_BreakCallback  stm32f4xx_hal_tim_ex.o
    0x08005ce2   0x00000002   Code   RO         3830    i.HAL_TIMEx_CommutCallback  stm32f4xx_hal_tim_ex.o
    0x08005ce4   0x000000b4   Code   RO         3848    i.HAL_TIMEx_MasterConfigSynchronization  stm32f4xx_hal_tim_ex.o
    0x08005d98   0x00000066   Code   RO         3114    i.HAL_TIM_Base_Init  stm32f4xx_hal_tim.o
    0x08005dfe   0x00000002   PAD
    0x08005e00   0x00000074   Code   RO          637    i.HAL_TIM_Base_MspInit  tim.o
    0x08005e74   0x000000a8   Code   RO         3119    i.HAL_TIM_Base_Start_IT  stm32f4xx_hal_tim.o
    0x08005f1c   0x0000010c   Code   RO         3123    i.HAL_TIM_ConfigClockSource  stm32f4xx_hal_tim.o
    0x08006028   0x00000002   Code   RO         3148    i.HAL_TIM_IC_CaptureCallback  stm32f4xx_hal_tim.o
    0x0800602a   0x0000016c   Code   RO         3162    i.HAL_TIM_IRQHandler  stm32f4xx_hal_tim.o
    0x08006196   0x00000002   PAD
    0x08006198   0x00000060   Code   RO          638    i.HAL_TIM_MspPostInit  tim.o
    0x080061f8   0x00000002   Code   RO         3165    i.HAL_TIM_OC_DelayElapsedCallback  stm32f4xx_hal_tim.o
    0x080061fa   0x00000104   Code   RO         3186    i.HAL_TIM_PWM_ConfigChannel  stm32f4xx_hal_tim.o
    0x080062fe   0x00000066   Code   RO         3189    i.HAL_TIM_PWM_Init  stm32f4xx_hal_tim.o
    0x08006364   0x00000002   Code   RO         3191    i.HAL_TIM_PWM_MspInit  stm32f4xx_hal_tim.o
    0x08006366   0x00000002   Code   RO         3192    i.HAL_TIM_PWM_PulseFinishedCallback  stm32f4xx_hal_tim.o
    0x08006368   0x0000010c   Code   RO         3194    i.HAL_TIM_PWM_Start  stm32f4xx_hal_tim.o
    0x08006474   0x00000048   Code   RO           39    i.HAL_TIM_PeriodElapsedCallback  app.o
    0x080064bc   0x00000002   Code   RO         3205    i.HAL_TIM_TriggerCallback  stm32f4xx_hal_tim.o
    0x080064be   0x00000002   Code   RO         4108    i.HAL_UARTEx_RxEventCallback  stm32f4xx_hal_uart.o
    0x080064c0   0x000000c4   Code   RO         4111    i.HAL_UART_AbortReceive  stm32f4xx_hal_uart.o
    0x08006584   0x00000002   Code   RO         4122    i.HAL_UART_ErrorCallback  stm32f4xx_hal_uart.o
    0x08006586   0x00000002   PAD
    0x08006588   0x00000308   Code   RO         4125    i.HAL_UART_IRQHandler  stm32f4xx_hal_uart.o
    0x08006890   0x00000076   Code   RO         4126    i.HAL_UART_Init     stm32f4xx_hal_uart.o
    0x08006906   0x00000002   PAD
    0x08006908   0x000002e8   Code   RO          691    i.HAL_UART_MspInit  usart.o
    0x08006bf0   0x0000002c   Code   RO         4130    i.HAL_UART_Receive_DMA  stm32f4xx_hal_uart.o
    0x08006c1c   0x000000e0   Code   RO           40    i.HAL_UART_RxCpltCallback  app.o
    0x08006cfc   0x00000002   Code   RO         4133    i.HAL_UART_RxHalfCpltCallback  stm32f4xx_hal_uart.o
    0x08006cfe   0x00000002   PAD
    0x08006d00   0x0000009c   Code   RO         4135    i.HAL_UART_Transmit_DMA  stm32f4xx_hal_uart.o
    0x08006d9c   0x00000002   Code   RO         4137    i.HAL_UART_TxCpltCallback  stm32f4xx_hal_uart.o
    0x08006d9e   0x00000002   Code   RO         4138    i.HAL_UART_TxHalfCpltCallback  stm32f4xx_hal_uart.o
    0x08006da0   0x00000004   Code   RO          754    i.HardFault_Handler  stm32f4xx_it.o
    0x08006da4   0x00000070   Code   RO          530    i.MX_ADC1_Init      adc.o
    0x08006e14   0x000000c8   Code   RO          570    i.MX_DMA_Init       dma.o
    0x08006edc   0x000000e4   Code   RO          504    i.MX_GPIO_Init      gpio.o
    0x08006fc0   0x00000048   Code   RO          596    i.MX_SPI1_Init      spi.o
    0x08007008   0x000000a4   Code   RO          639    i.MX_TIM3_Init      tim.o
    0x080070ac   0x0000004c   Code   RO          640    i.MX_TIM6_Init      tim.o
    0x080070f8   0x00000038   Code   RO          692    i.MX_USART1_UART_Init  usart.o
    0x08007130   0x00000038   Code   RO          693    i.MX_USART2_UART_Init  usart.o
    0x08007168   0x00000038   Code   RO          694    i.MX_USART6_UART_Init  usart.o
    0x080071a0   0x00000004   Code   RO          755    i.MemManage_Handler  stm32f4xx_it.o
    0x080071a4   0x00000008   Code   RO          756    i.NMI_Handler       stm32f4xx_it.o
    0x080071ac   0x000004d0   Code   RO         5209    i.OrientLoadCal     GEO_Track_C.lib(geo_track_c.o)
    0x0800767c   0x0000041c   Code   RO         5210    i.Orient_Convert    GEO_Track_C.lib(geo_track_c.o)
    0x08007a98   0x00000002   Code   RO          757    i.PendSV_Handler    stm32f4xx_it.o
    0x08007a9a   0x00000002   PAD
    0x08007a9c   0x0000005c   Code   RO           41    i.RECEIVE_FW_CMD_Handle  app.o
    0x08007af8   0x00000068   Code   RO           42    i.RECEIVE_IMAGE_CMD_Handle  app.o
    0x08007b60   0x000000c4   Code   RO         1112    i.RtkNmea_DdmToDeg  rtk_nmea_parse.o
    0x08007c24   0x00000104   Code   RO         1113    i.RtkNmea_ParseSentence  rtk_nmea_parse.o
    0x08007d28   0x0000001c   Code   RO         1205    i.RtkNmea_Rx_DmaCpltHandler  rtk_nmea_rx.o
    0x08007d44   0x00000022   Code   RO         1206    i.RtkNmea_Rx_Feed   rtk_nmea_rx.o
    0x08007d66   0x00000002   PAD
    0x08007d68   0x00000078   Code   RO         1208    i.RtkNmea_Rx_GetSentence  rtk_nmea_rx.o
    0x08007de0   0x0000007c   Code   RO         1209    i.RtkNmea_Rx_IdleIrqHandler  rtk_nmea_rx.o
    0x08007e5c   0x0000007c   Code   RO         1210    i.RtkNmea_Rx_Init   rtk_nmea_rx.o
    0x08007ed8   0x0000007c   Code   RO         1211    i.RtkNmea_Rx_Process  rtk_nmea_rx.o
    0x08007f54   0x0000005c   Code   RO         1114    i.RtkNmea_VerifyChecksum  rtk_nmea_parse.o
    0x08007fb0   0x0000007c   Code   RO           43    i.SEND_CONTROL_CMD_Handle  app.o
    0x0800802c   0x00000270   Code   RO           44    i.SEND_IMAGE_CMD_Handle  app.o
    0x0800829c   0x0000000c   Code   RO           45    i.SET_ADC_STATE_Flag  app.o
    0x080082a8   0x00000010   Code   RO          758    i.SPI1_IRQHandler   stm32f4xx_it.o
    0x080082b8   0x00000014   Code   RO         2828    i.SPI_DMAAbortOnError  stm32f4xx_hal_spi.o
    0x080082cc   0x00000028   Code   RO         2829    i.SPI_DMAError      stm32f4xx_hal_spi.o
    0x080082f4   0x0000000e   Code   RO         2830    i.SPI_DMAHalfReceiveCplt  stm32f4xx_hal_spi.o
    0x08008302   0x0000000e   Code   RO         2832    i.SPI_DMAHalfTransmitReceiveCplt  stm32f4xx_hal_spi.o
    0x08008310   0x0000007c   Code   RO         2833    i.SPI_DMAReceiveCplt  stm32f4xx_hal_spi.o
    0x0800838c   0x00000068   Code   RO         2836    i.SPI_DMATransmitReceiveCplt  stm32f4xx_hal_spi.o
    0x080083f4   0x00000094   Code   RO         2838    i.SPI_EndRxTransaction  stm32f4xx_hal_spi.o
    0x08008488   0x00000088   Code   RO         2839    i.SPI_EndRxTxTransaction  stm32f4xx_hal_spi.o
    0x08008510   0x000000d8   Code   RO         2844    i.SPI_WaitFlagStateUntilTimeout  stm32f4xx_hal_spi.o
    0x080085e8   0x00000002   Code   RO          759    i.SVC_Handler       stm32f4xx_it.o
    0x080085ea   0x00000008   Code   RO          760    i.SysTick_Handler   stm32f4xx_it.o
    0x080085f2   0x00000002   PAD
    0x080085f4   0x000000b8   Code   RO          459    i.SystemClock_Config  main.o
    0x080086ac   0x00000014   Code   RO         4470    i.SystemInit        system_stm32f4xx.o
    0x080086c0   0x0000087c   Code   RO         5211    i.TGT               GEO_Track_C.lib(geo_track_c.o)
    0x08008f3c   0x00000010   Code   RO          761    i.TIM6_DAC_IRQHandler  stm32f4xx_it.o
    0x08008f4c   0x000000e0   Code   RO         3207    i.TIM_Base_SetConfig  stm32f4xx_hal_tim.o
    0x0800902c   0x00000022   Code   RO         3208    i.TIM_CCxChannelCmd  stm32f4xx_hal_tim.o
    0x0800904e   0x00000016   Code   RO         3218    i.TIM_ETR_SetConfig  stm32f4xx_hal_tim.o
    0x08009064   0x00000012   Code   RO         3219    i.TIM_ITRx_SetConfig  stm32f4xx_hal_tim.o
    0x08009076   0x00000002   PAD
    0x08009078   0x00000070   Code   RO         3220    i.TIM_OC1_SetConfig  stm32f4xx_hal_tim.o
    0x080090e8   0x0000007c   Code   RO         3221    i.TIM_OC2_SetConfig  stm32f4xx_hal_tim.o
    0x08009164   0x00000078   Code   RO         3222    i.TIM_OC3_SetConfig  stm32f4xx_hal_tim.o
    0x080091dc   0x00000054   Code   RO         3223    i.TIM_OC4_SetConfig  stm32f4xx_hal_tim.o
    0x08009230   0x00000026   Code   RO         3225    i.TIM_TI1_ConfigInputStage  stm32f4xx_hal_tim.o
    0x08009256   0x00000028   Code   RO         3227    i.TIM_TI2_ConfigInputStage  stm32f4xx_hal_tim.o
    0x0800927e   0x00000002   PAD
    0x08009280   0x00000408   Code   RO         5215    i.Triangle_Fun_Cal  GEO_Track_C.lib(geo_track_c.o)
    0x08009688   0x00000012   Code   RO         4139    i.UART_DMAAbortOnError  stm32f4xx_hal_uart.o
    0x0800969a   0x00000050   Code   RO         4140    i.UART_DMAError     stm32f4xx_hal_uart.o
    0x080096ea   0x000000b4   Code   RO         4141    i.UART_DMAReceiveCplt  stm32f4xx_hal_uart.o
    0x0800979e   0x00000024   Code   RO         4143    i.UART_DMARxHalfCplt  stm32f4xx_hal_uart.o
    0x080097c2   0x00000058   Code   RO         4145    i.UART_DMATransmitCplt  stm32f4xx_hal_uart.o
    0x0800981a   0x0000000e   Code   RO         4147    i.UART_DMATxHalfCplt  stm32f4xx_hal_uart.o
    0x08009828   0x0000006c   Code   RO         4149    i.UART_EndRxTransfer  stm32f4xx_hal_uart.o
    0x08009894   0x00000020   Code   RO         4150    i.UART_EndTransmit_IT  stm32f4xx_hal_uart.o
    0x080098b4   0x00000026   Code   RO         4151    i.UART_EndTxTransfer  stm32f4xx_hal_uart.o
    0x080098da   0x000000fc   Code   RO         4152    i.UART_Receive_IT   stm32f4xx_hal_uart.o
    0x080099d6   0x00000002   PAD
    0x080099d8   0x0000022c   Code   RO         4153    i.UART_SetConfig    stm32f4xx_hal_uart.o
    0x08009c04   0x000000d8   Code   RO         4154    i.UART_Start_Receive_DMA  stm32f4xx_hal_uart.o
    0x08009cdc   0x00000060   Code   RO         4156    i.UART_Transmit_IT  stm32f4xx_hal_uart.o
    0x08009d3c   0x00000080   Code   RO          762    i.USART1_IRQHandler  stm32f4xx_it.o
    0x08009dbc   0x00000080   Code   RO          763    i.USART2_IRQHandler  stm32f4xx_it.o
    0x08009e3c   0x00000014   Code   RO          764    i.USART6_IRQHandler  stm32f4xx_it.o
    0x08009e50   0x00000058   Code   RO           47    i.USER_Ctrl_LedFun  app.o
    0x08009ea8   0x0000001c   Code   RO           51    i.UTL_ADD_CHECK     app.o
    0x08009ec4   0x0000002a   Code   RO           52    i.UartFrameChecksumOk  app.o
    0x08009eee   0x00000004   Code   RO          765    i.UsageFault_Handler  stm32f4xx_it.o
    0x08009ef2   0x00000030   Code   RO         6003    i.__ARM_fpclassify  m_wm.l(fpclassify.o)
    0x08009f22   0x00000026   Code   RO         6005    i.__ARM_fpclassifyf  m_wm.l(fpclassifyf.o)
    0x08009f48   0x00000010   Code   RO         2395    i.__NVIC_GetPriorityGrouping  stm32f4xx_hal_cortex.o
    0x08009f58   0x00000028   Code   RO         2396    i.__NVIC_SetPriority  stm32f4xx_hal_cortex.o
    0x08009f80   0x00000008   Code   RO         6086    i.__aeabi_errno_addr  mc_w.l(errno.o)
    0x08009f88   0x000002d8   Code   RO         5775    i.__hardfp_atan     m_wm.l(atan.o)
    0x0800a260   0x000001f0   Code   RO         5789    i.__hardfp_atan2    m_wm.l(atan2.o)
    0x0800a450   0x000000c8   Code   RO         5813    i.__hardfp_cos      m_wm.l(cos.o)
    0x0800a518   0x00000150   Code   RO         5825    i.__hardfp_cosf     m_wm.l(cosf.o)
    0x0800a668   0x00000014   Code   RO         5837    i.__hardfp_fabs     m_wm.l(fabs.o)
    0x0800a67c   0x00000104   Code   RO         5849    i.__hardfp_fmod     m_wm.l(fmod.o)
    0x0800a780   0x000000b0   Code   RO         5861    i.__hardfp_fmodf    m_wm.l(fmodf.o)
    0x0800a830   0x00000c50   Code   RO         5873    i.__hardfp_pow      m_wm.l(pow.o)
    0x0800b480   0x000000c8   Code   RO         5887    i.__hardfp_sin      m_wm.l(sin.o)
    0x0800b548   0x00000190   Code   RO         5899    i.__hardfp_sinf     m_wm.l(sinf.o)
    0x0800b6d8   0x0000007a   Code   RO         5911    i.__hardfp_sqrt     m_wm.l(sqrt.o)
    0x0800b752   0x00000006   PAD
    0x0800b758   0x00000028   Code   RO         5935    i.__hardfp_strtod   m_wm.l(strtod.o)
    0x0800b780   0x00000438   Code   RO         6024    i.__ieee754_rem_pio2  m_wm.l(rred.o)
    0x0800bbb8   0x00000170   Code   RO         5986    i.__kernel_cos      m_wm.l(cos_i.o)
    0x0800bd28   0x000000f8   Code   RO         6021    i.__kernel_poly     m_wm.l(poly.o)
    0x0800be20   0x00000130   Code   RO         6032    i.__kernel_sin      m_wm.l(sin_i.o)
    0x0800bf50   0x00000030   Code   RO         5989    i.__mathlib_dbl_divzero  m_wm.l(dunder.o)
    0x0800bf80   0x00000014   Code   RO         5990    i.__mathlib_dbl_infnan  m_wm.l(dunder.o)
    0x0800bf94   0x00000014   Code   RO         5991    i.__mathlib_dbl_infnan2  m_wm.l(dunder.o)
    0x0800bfa8   0x00000020   Code   RO         5992    i.__mathlib_dbl_invalid  m_wm.l(dunder.o)
    0x0800bfc8   0x00000020   Code   RO         5993    i.__mathlib_dbl_overflow  m_wm.l(dunder.o)
    0x0800bfe8   0x00000020   Code   RO         5995    i.__mathlib_dbl_underflow  m_wm.l(dunder.o)
    0x0800c008   0x00000006   Code   RO         6008    i.__mathlib_flt_infnan  m_wm.l(funder.o)
    0x0800c00e   0x00000002   PAD
    0x0800c010   0x00000010   Code   RO         6010    i.__mathlib_flt_invalid  m_wm.l(funder.o)
    0x0800c020   0x00000010   Code   RO         6013    i.__mathlib_flt_underflow  m_wm.l(funder.o)
    0x0800c030   0x00000154   Code   RO         6029    i.__mathlib_rredf2  m_wm.l(rredf.o)
    0x0800c184   0x0000000e   Code   RO         6129    i.__scatterload_copy  mc_w.l(handlers.o)
    0x0800c192   0x00000002   Code   RO         6130    i.__scatterload_null  mc_w.l(handlers.o)
    0x0800c194   0x0000000e   Code   RO         6131    i.__scatterload_zeroinit  mc_w.l(handlers.o)
    0x0800c1a2   0x00000002   PAD
    0x0800c1a4   0x0000000c   Code   RO         6088    i.__set_errno       mc_w.l(errno.o)
    0x0800c1b0   0x0000000e   Code   RO         6118    i._is_digit         mc_w.l(scanf_fp.o)
    0x0800c1be   0x0000000c   Code   RO         5066    i.all_brake         sf_20240116.o
    0x0800c1ca   0x00000002   PAD
    0x0800c1cc   0x00000040   Code   RO         5067    i.alldeal           sf_20240116.o
    0x0800c20c   0x0000123c   Code   RO         5068    i.allprocess        sf_20240116.o
    0x0800d448   0x00000010   Code   RO         5777    i.atan              m_wm.l(atan.o)
    0x0800d458   0x00000060   Code   RO         4890    i.axis_brake        servo_axis.o
    0x0800d4b8   0x00000090   Code   RO         4891    i.axis_calibrate_current_bias  servo_axis.o
    0x0800d548   0x00000096   Code   RO         4892    i.axis_check_protect  servo_axis.o
    0x0800d5de   0x0000007e   Code   RO         4893    i.axis_check_soft_limit  servo_axis.o
    0x0800d65c   0x0000001c   Code   RO         4894    i.axis_clear_all    servo_axis.o
    0x0800d678   0x00000024   Code   RO         4895    i.axis_clear_fault  servo_axis.o
    0x0800d69c   0x0000009e   Code   RO         4896    i.axis_clear_loops  servo_axis.o
    0x0800d73a   0x00000086   Code   RO         4897    i.axis_close_current_loop  servo_axis.o
    0x0800d7c0   0x000000ac   Code   RO         4898    i.axis_enable       servo_axis.o
    0x0800d86c   0x00000014   Code   RO         4899    i.axis_get_angle    servo_axis.o
    0x0800d880   0x0000000e   Code   RO         4900    i.axis_get_dir      servo_axis.o
    0x0800d88e   0x00000010   Code   RO         4901    i.axis_get_fault    servo_axis.o
    0x0800d89e   0x00000002   PAD
    0x0800d8a0   0x00000014   Code   RO         4902    i.axis_get_vel      servo_axis.o
    0x0800d8b4   0x000000d0   Code   RO         4903    i.axis_load_default_config  servo_axis.o
    0x0800d984   0x00000224   Code   RO         4905    i.axis_process_gyro  servo_axis.o
    0x0800dba8   0x000008ac   Code   RO         4906    i.axis_run_loop     servo_axis.o
    0x0800e454   0x0000000c   Code   RO         4907    i.axis_set_couple   servo_axis.o
    0x0800e460   0x0000000c   Code   RO         4908    i.axis_set_dir      servo_axis.o
    0x0800e46c   0x0000003e   Code   RO         4909    i.axis_set_pos_tgt  servo_axis.o
    0x0800e4aa   0x0000000c   Code   RO         4910    i.axis_set_vel_tgt  servo_axis.o
    0x0800e4b6   0x00000002   PAD
    0x0800e4b8   0x00000078   Code   RO         4911    i.axis_set_zero     servo_axis.o
    0x0800e530   0x00000058   Code   RO         4912    i.axis_sync_feedback  servo_axis.o
    0x0800e588   0x00000058   Code   RO         4913    i.axis_update_in_place  servo_axis.o
    0x0800e5e0   0x00000018   Code   RO         4914    i.axis_update_sensor  servo_axis.o
    0x0800e5f8   0x00000054   Code   RO         4915    i.axis_voltage_open_loop  servo_axis.o
    0x0800e64c   0x0000000c   Code   RO         5353    i.clr_all           Servolib.lib(sflib.o)
    0x0800e658   0x00000088   Code   RO         5355    i.clr_fw_a          Servolib.lib(sflib.o)
    0x0800e6e0   0x0000002c   Code   RO         5356    i.clr_fw_all        Servolib.lib(sflib.o)
    0x0800e70c   0x00000048   Code   RO         5357    i.clr_fw_ea         Servolib.lib(sflib.o)
    0x0800e754   0x00000048   Code   RO         5358    i.clr_fw_ev         Servolib.lib(sflib.o)
    0x0800e79c   0x00000068   Code   RO         5359    i.clr_fw_g          Servolib.lib(sflib.o)
    0x0800e804   0x00000048   Code   RO         5360    i.clr_fw_i          Servolib.lib(sflib.o)
    0x0800e84c   0x00000048   Code   RO         5361    i.clr_fw_p          Servolib.lib(sflib.o)
    0x0800e894   0x00000060   Code   RO         5362    i.clr_fw_t_1        Servolib.lib(sflib.o)
    0x0800e8f4   0x00000060   Code   RO         5363    i.clr_fw_t_2        Servolib.lib(sflib.o)
    0x0800e954   0x00000060   Code   RO         5364    i.clr_fw_t_3        Servolib.lib(sflib.o)
    0x0800e9b4   0x00000048   Code   RO         5365    i.clr_fw_v          Servolib.lib(sflib.o)
    0x0800e9fc   0x00000034   Code   RO         5366    i.clr_fwdg          Servolib.lib(sflib.o)
    0x0800ea30   0x00000088   Code   RO         5367    i.clr_gd_a          Servolib.lib(sflib.o)
    0x0800eab8   0x0000002c   Code   RO         5368    i.clr_gd_all        Servolib.lib(sflib.o)
    0x0800eae4   0x00000048   Code   RO         5369    i.clr_gd_ea         Servolib.lib(sflib.o)
    0x0800eb2c   0x00000048   Code   RO         5370    i.clr_gd_ev         Servolib.lib(sflib.o)
    0x0800eb74   0x00000068   Code   RO         5371    i.clr_gd_g          Servolib.lib(sflib.o)
    0x0800ebdc   0x00000048   Code   RO         5372    i.clr_gd_i          Servolib.lib(sflib.o)
    0x0800ec24   0x00000048   Code   RO         5373    i.clr_gd_p          Servolib.lib(sflib.o)
    0x0800ec6c   0x00000060   Code   RO         5374    i.clr_gd_t_1        Servolib.lib(sflib.o)
    0x0800eccc   0x00000060   Code   RO         5375    i.clr_gd_t_2        Servolib.lib(sflib.o)
    0x0800ed2c   0x00000060   Code   RO         5376    i.clr_gd_t_3        Servolib.lib(sflib.o)
    0x0800ed8c   0x00000048   Code   RO         5377    i.clr_gd_v          Servolib.lib(sflib.o)
    0x0800edd4   0x00000034   Code   RO         5378    i.clr_gddg          Servolib.lib(sflib.o)
    0x0800ee08   0x000002dc   Code   RO         5069    i.commandprocess    sf_20240116.o
    0x0800f0e4   0x00000048   Code   RO           53    i.deg__             app.o
    0x0800f12c   0x000000b0   Code   RO         4916    i.dev_servo_axis_get_param  servo_axis.o
    0x0800f1dc   0x00000104   Code   RO         4917    i.dev_servo_axis_init  servo_axis.o
    0x0800f2e0   0x00000384   Code   RO         4918    i.dev_servo_axis_load_default_param  servo_axis.o
    0x0800f664   0x000000a8   Code   RO         4757    i.dev_servo_init    servo_controller.o
    0x0800f70c   0x00000080   Code   RO         4542    i.dev_servo_test_init  servo_test.o
    0x0800f78c   0x00000018   Code   RO         5839    i.fabs              m_wm.l(fabs.o)
    0x0800f7a4   0x000000b8   Code   RO         5071    i.fbdispose         sf_20240116.o
    0x0800f85c   0x00000044   Code   RO         5072    i.fw_brake          sf_20240116.o
    0x0800f8a0   0x00000184   Code   RO         5073    i.fw_en             sf_20240116.o
    0x0800fa24   0x0000000c   Code   RO         4591    i.fw_get_cur_mA     servo_module.o
    0x0800fa30   0x0000000c   Code   RO         4592    i.fw_get_enc_raw    servo_module.o
    0x0800fa3c   0x00000014   Code   RO         4595    i.fw_set_cur_mA     servo_module.o
    0x0800fa50   0x00000024   Code   RO         4596    i.fw_step_signed    servo_module.o
    0x0800fa74   0x000010e4   Code   RO         5379    i.fwaloop           Servolib.lib(sflib.o)
    0x08010b58   0x000001bc   Code   RO         5074    i.fwbmqdispose      sf_20240116.o
    0x08010d14   0x0000035c   Code   RO         5381    i.fwevloop          Servolib.lib(sflib.o)
    0x08011070   0x0000030c   Code   RO         5382    i.fwgeo             Servolib.lib(sflib.o)
    0x0801137c   0x000001b8   Code   RO         5383    i.fwiloop           Servolib.lib(sflib.o)
    0x08011534   0x00000494   Code   RO         5384    i.fwploop           Servolib.lib(sflib.o)
    0x080119c8   0x00000384   Code   RO         5385    i.fwtloop_TV1       Servolib.lib(sflib.o)
    0x08011d4c   0x000009c8   Code   RO         5388    i.fwvloop           Servolib.lib(sflib.o)
    0x08012714   0x0000003c   Code   RO         5075    i.gd_brake          sf_20240116.o
    0x08012750   0x000001c0   Code   RO         5076    i.gd_en             sf_20240116.o
    0x08012910   0x00000024   Code   RO         4597    i.gd_get_adc_raw    servo_module.o
    0x08012934   0x0000005c   Code   RO         4598    i.gd_get_cur_mA     servo_module.o
    0x08012990   0x0000000c   Code   RO         4599    i.gd_get_enc_raw    servo_module.o
    0x0801299c   0x00000002   Code   RO         4601    i.gd_hard_en        servo_module.o
    0x0801299e   0x00000002   PAD
    0x080129a0   0x00000088   Code   RO         4603    i.gd_set_pwm        servo_module.o
    0x08012a28   0x00000024   Code   RO         4604    i.gd_step_signed    servo_module.o
    0x08012a4c   0x00000374   Code   RO         5389    i.gdaloop           Servolib.lib(sflib.o)
    0x08012dc0   0x000001dc   Code   RO         5077    i.gdbmqdispose      sf_20240116.o
    0x08012f9c   0x00000348   Code   RO         5391    i.gdevloop          Servolib.lib(sflib.o)
    0x080132e4   0x0000025c   Code   RO         5392    i.gdgeo             Servolib.lib(sflib.o)
    0x08013540   0x000001b8   Code   RO         5393    i.gdiloop           Servolib.lib(sflib.o)
    0x080136f8   0x000002c4   Code   RO         5394    i.gdploop           Servolib.lib(sflib.o)
    0x080139bc   0x00000310   Code   RO         5395    i.gdtloop_TV1       Servolib.lib(sflib.o)
    0x08013ccc   0x0000030c   Code   RO         5398    i.gdvloop           Servolib.lib(sflib.o)
    0x08013fd8   0x000004dc   Code   RO         5078    i.initcontrolpar    sf_20240116.o
    0x080144b4   0x00000120   Code   RO         5079    i.initdatapar       sf_20240116.o
    0x080145d4   0x0000004c   Code   RO          460    i.main              main.o
    0x08014620   0x0000007e   Code   RO         4758    i.mode_afollow_handler  servo_controller.o
    0x0801469e   0x0000002a   Code   RO         4759    i.mode_brake_handler  servo_controller.o
    0x080146c8   0x00000060   Code   RO         4760    i.mode_current_handler  servo_controller.o
    0x08014728   0x00000074   Code   RO         4761    i.mode_enbrake_handler  servo_controller.o
    0x0801479c   0x000000cc   Code   RO         4762    i.mode_geo_handler  servo_controller.o
    0x08014868   0x00000130   Code   RO         4763    i.mode_track_handler  servo_controller.o
    0x08014998   0x00000170   Code   RO         4764    i.mode_vmotion_handler  servo_controller.o
    0x08014b08   0x00000032   Code   RO         4765    i.mode_voltage_handler  servo_controller.o
    0x08014b3a   0x00000002   PAD
    0x08014b3c   0x00000074   Code   RO         4766    i.mode_withdraw_handler  servo_controller.o
    0x08014bb0   0x00000074   Code   RO         4767    i.mode_zero_handler  servo_controller.o
    0x08014c24   0x00000078   Code   RO         1212    i.rtk_builder_push_byte  rtk_nmea_rx.o
    0x08014c9c   0x00000014   Code   RO         1213    i.rtk_clear_builder  rtk_nmea_rx.o
    0x08014cb0   0x0000002c   Code   RO         1214    i.rtk_dbg_sync_q_depth  rtk_nmea_rx.o
    0x08014cdc   0x00000020   Code   RO         1215    i.rtk_discard_builder  rtk_nmea_rx.o
    0x08014cfc   0x00000010   Code   RO         1115    i.rtk_field_is_empty  rtk_nmea_parse.o
    0x08014d0c   0x00000032   Code   RO         1116    i.rtk_hex_nibble    rtk_nmea_parse.o
    0x08014d3e   0x00000052   Code   RO         1117    i.rtk_parse_checksum_hex  rtk_nmea_parse.o
    0x08014d90   0x0000003c   Code   RO         1118    i.rtk_parse_float   rtk_nmea_parse.o
    0x08014dcc   0x00000084   Code   RO         1119    i.rtk_parse_gga     rtk_nmea_parse.o
    0x08014e50   0x0000004a   Code   RO         1120    i.rtk_parse_hdt     rtk_nmea_parse.o
    0x08014e9a   0x00000076   Code   RO         1121    i.rtk_parse_hpr     rtk_nmea_parse.o
    0x08014f10   0x0000001a   Code   RO         1122    i.rtk_parse_int     rtk_nmea_parse.o
    0x08014f2a   0x00000052   Code   RO         1123    i.rtk_parse_rmc     rtk_nmea_parse.o
    0x08014f7c   0x0000009c   Code   RO         1216    i.rtk_queue_push    rtk_nmea_rx.o
    0x08015018   0x00000048   Code   RO         1217    i.rtk_rx_dma_restart  rtk_nmea_rx.o
    0x08015060   0x00000034   Code   RO         1218    i.rtk_rx_feed_chunk  rtk_nmea_rx.o
    0x08015094   0x00000064   Code   RO         1219    i.rtk_rx_watchdog_poll  rtk_nmea_rx.o
    0x080150f8   0x00000054   Code   RO         1124    i.rtk_sentence_id   rtk_nmea_parse.o
    0x0801514c   0x00000042   Code   RO         1125    i.rtk_split_fields  rtk_nmea_parse.o
    0x0801518e   0x0000001c   Code   RO         1126    i.rtk_strip_checksum_field  rtk_nmea_parse.o
    0x080151aa   0x00000042   Code   RO         4768    i.servo_clampf      servo_controller.o
    0x080151ec   0x0000003a   Code   RO         4769    i.servo_emerg_brake  servo_controller.o
    0x08015226   0x0000001c   Code   RO         4770    i.servo_get_axis    servo_controller.o
    0x08015242   0x00000084   Code   RO         4771    i.servo_get_state   servo_controller.o
    0x080152c6   0x00000044   Code   RO         4606    i.servo_mode_is_supported  servo_module.o
    0x0801530a   0x00000002   PAD
    0x0801530c   0x00000020   Code   RO         4607    i.servo_module_api_go_mode  servo_module.o
    0x0801532c   0x00000040   Code   RO         4609    i.servo_module_init  servo_module.o
    0x0801536c   0x00000170   Code   RO         4610    i.servo_module_on_command  servo_module.o
    0x080154dc   0x00000068   Code   RO         4772    i.servo_refresh_couple  servo_controller.o
    0x08015544   0x00000022   Code   RO         4773    i.servo_set_cmd     servo_controller.o
    0x08015566   0x00000018   Code   RO         4774    i.servo_set_current  servo_controller.o
    0x0801557e   0x0000001c   Code   RO         4775    i.servo_set_geo     servo_controller.o
    0x0801559a   0x00000050   Code   RO         4776    i.servo_set_miss    servo_controller.o
    0x080155ea   0x0000000c   Code   RO         4777    i.servo_set_mode    servo_controller.o
    0x080155f6   0x00000014   Code   RO         4778    i.servo_set_position  servo_controller.o
    0x0801560a   0x00000014   Code   RO         4779    i.servo_set_velocity  servo_controller.o
    0x0801561e   0x00000002   PAD
    0x08015620   0x00000024   Code   RO         4615    i.servo_tune_init   servo_module.o
    0x08015644   0x00000036   Code   RO         4505    i.servo_tune_sync   servo_tune.o
    0x0801567a   0x000000e4   Code   RO         4780    i.servo_update      servo_controller.o
    0x0801575e   0x00000002   PAD
    0x08015760   0x000000c4   Code   RO         4781    i.servo_update_motion_state  servo_controller.o
    0x08015824   0x0000006e   Code   RO         5913    i.sqrt              m_wm.l(sqrt.o)
    0x08015892   0x0000002c   Code   RO         4543    i.test_brake_all    servo_test.o
    0x080158be   0x00000002   PAD
    0x080158c0   0x000000ac   Code   RO         4544    i.test_excitation   servo_test.o
    0x0801596c   0x00000016   Code   RO         4545    i.test_is_running   servo_test.o
    0x08015982   0x00000042   Code   RO         4546    i.test_start        servo_test.o
    0x080159c4   0x00000020   Code   RO         4547    i.test_stop         servo_test.o
    0x080159e4   0x000001d0   Code   RO         4548    i.test_tick         servo_test.o
    0x08015bb4   0x00000008   Data   RO         2109    .constdata          stm32f4xx_hal_dma.o
    0x08015bbc   0x00000018   Data   RO         4471    .constdata          system_stm32f4xx.o
    0x08015bd4   0x00000030   Data   RO         4617    .constdata          servo_module.o
    0x08015c04   0x00000048   Data   RO         4920    .constdata          servo_axis.o
    0x08015c4c   0x00000004   PAD
    0x08015c50   0x00000098   Data   RO         5778    .constdata          m_wm.l(atan.o)
    0x08015ce8   0x00000088   Data   RO         5876    .constdata          m_wm.l(pow.o)
    0x08015d70   0x00000030   Data   RO         5987    .constdata          m_wm.l(cos_i.o)
    0x08015da0   0x00000008   Data   RO         6023    .constdata          m_wm.l(qnan.o)
    0x08015da8   0x000000c8   Data   RO         6026    .constdata          m_wm.l(rred.o)
    0x08015e70   0x00000020   Data   RO         6030    .constdata          m_wm.l(rredf.o)
    0x08015e90   0x00000028   Data   RO         6033    .constdata          m_wm.l(sin_i.o)
    0x08015eb8   0x00000081   Data   RO         6059    .constdata          mc_w.l(ctype_o.o)
    0x08015f39   0x00000003   PAD
    0x08015f3c   0x00000004   Data   RO         6060    .constdata          mc_w.l(ctype_o.o)
    0x08015f40   0x00000020   Data   RO         6127    Region$$Table       anon$$obj.o


    Execution Region RW_IRAM2 (Base: 0x10000000, Size: 0x00000000, Max: 0x00010000, ABSOLUTE)

    **** No section assigned to this execution region ****


    Execution Region RW_IRAM1 (Base: 0x20000000, Size: 0x00005270, Max: 0x00020000, ABSOLUTE, COMPRESSED[0x00000ec4])

    Base Addr    Size         Type   Attr      Idx    E Section Name        Object

    0x20000000   0x000000e0   Data   RW           55    .data               app.o
    0x200000e0   0x00000010   Data   RW         1221    .data               rtk_nmea_rx.o
    0x200000f0   0x00000009   Data   RW         2559    .data               stm32f4xx_hal.o
    0x200000f9   0x00000003   PAD
    0x200000fc   0x00000004   Data   RW         4472    .data               system_stm32f4xx.o
    0x20000100   0x00000037   Data   RW         4618    .data               servo_module.o
    0x20000137   0x00000001   PAD
    0x20000138   0x0000000c   Data   RW         4782    .data               servo_controller.o
    0x20000144   0x00000018   Data   RW         4921    .data               servo_axis.o
    0x2000015c   0x000000b8   Data   RW         5081    .data               sf_20240116.o
    0x20000214   0x00000004   PAD
    0x20000218   0x00001428   Data   RW         5220    .data               GEO_Track_C.lib(geo_track_c.o)
    0x20001640   0x00000180   Data   RW         5400    .data               Servolib.lib(sflib.o)
    0x200017c0   0x00000004   Data   RW         6089    .data               mc_w.l(errno.o)
    0x200017c4   0x00000004   PAD
    0x200017c8   0x00000360   Zero   RW           54    .bss                app.o
    0x20001b28   0x000000a8   Zero   RW          531    .bss                adc.o
    0x20001bd0   0x00000118   Zero   RW          597    .bss                spi.o
    0x20001ce8   0x00000090   Zero   RW          641    .bss                tim.o
    0x20001d78   0x000002b8   Zero   RW          695    .bss                usart.o
    0x20002030   0x00000068   Zero   RW         1127    .bss                rtk_nmea_parse.o
    0x20002098   0x0000144c   Zero   RW         1220    .bss                rtk_nmea_rx.o
    0x200034e4   0x00000004   PAD
    0x200034e8   0x0000065c   Zero   RW         4616    .bss                servo_module.o
    0x20003b44   0x00000004   PAD
    0x20003b48   0x00000348   Zero   RW         5080    .bss                sf_20240116.o
    0x20003e90   0x000003f8   Zero   RW         5218    .bss                GEO_Track_C.lib(geo_track_c.o)
    0x20004288   0x000007e8   Zero   RW         5399    .bss                Servolib.lib(sflib.o)
    0x20004a70   0x00000800   Zero   RW            1    STACK               startup_stm32f405xx.o


==============================================================================

Image component sizes


      Code (inc. data)   RO Data    RW Data    ZI Data      Debug   Object Name

       308         36          0          0        168       1855   adc.o
      5026        592          0        224        864     705208   app.o
       200          6          0          0          0        886   dma.o
       228          8          0          0          0       1031   gpio.o
       266         14          0          0          0       4996   main.o
      1366         46          0          0        104      13230   rtk_nmea_parse.o
      1150        202          0         16       5196      10130   rtk_nmea_rx.o
      5928        352         72         24          0      20040   servo_axis.o
      2736        126          0         12          0      17021   servo_controller.o
       962        134         48         55       1628      13649   servo_module.o
       928         50          0          0          0       6462   servo_test.o
        54          0          0          0          0       7974   servo_tune.o
      9516        828          0        184        840      19710   sf_20240116.o
       356         36          0          0        280       1915   spi.o
        36          8        392          0       2048        848   startup_stm32f405xx.o
       172         32          0          9          0       8845   stm32f4xx_hal.o
      1596         66          0          0          0       8348   stm32f4xx_hal_adc.o
       312         22          0          0          0      34427   stm32f4xx_hal_cortex.o
      1442         16          8          0          0       7761   stm32f4xx_hal_dma.o
       548         46          0          0          0       3500   stm32f4xx_hal_gpio.o
        72          4          0          0          0        886   stm32f4xx_hal_msp.o
      1866         92          0          0          0       7403   stm32f4xx_hal_rcc.o
      2008         50          0          0          0      13339   stm32f4xx_hal_spi.o
      2358        142          0          0          0      16864   stm32f4xx_hal_tim.o
       184         30          0          0          0       2581   stm32f4xx_hal_tim_ex.o
      3014         40          0          0          0      18234   stm32f4xx_hal_uart.o
       478         90          0          0          0      12051   stm32f4xx_it.o
        20          6         24          4          0       1171   system_stm32f4xx.o
       452         46          0          0        144       3117   tim.o
       912         84          0          0        696       3587   usart.o

    ----------------------------------------------------------------------
     44556       3204        580        536      11976     967069   Object Totals
         0          0         32          0          0          0   (incl. Generated)
        62          0          4          8          8          0   (incl. Padding)

    ----------------------------------------------------------------------

      Code (inc. data)   RO Data    RW Data    ZI Data      Debug   Library Member Name

      5488        426          0       5160       1016      20347   geo_track_c.o
     25816       1262          0        384       2024      60054   sflib.o
       744        106        152          0          0        352   atan.o
       496         64          0          0          0        192   atan2.o
       200         20          0          0          0        164   cos.o
       368         46         48          0          0        200   cos_i.o
       336         56          0          0          0        136   cosf.o
       184         44          0          0          0        744   dunder.o
        44          0          0          0          0        248   fabs.o
       260          6          0          0          0        144   fmod.o
       176          0          0          0          0        168   fmodf.o
        48          0          0          0          0        124   fpclassify.o
        38          0          0          0          0        116   fpclassifyf.o
        38         12          0          0          0        348   funder.o
       248          0          0          0          0        152   poly.o
      3152        296        136          0          0        352   pow.o
         0          0          8          0          0          0   qnan.o
      1080        142        200          0          0        188   rred.o
       340         24         32          0          0        160   rredf.o
       200         20          0          0          0        164   sin.o
       304         24         40          0          0        208   sin_i.o
       400         56          0          0          0        212   sinf.o
       232          0          0          0          0        296   sqrt.o
        40         10          0          0          0        128   strtod.o
        86          0          0          0          0          0   __dczerorl2.o
        28          0          0          0          0         68   _chval.o
        64          0          0          0          0         84   _sgetc.o
       158          0          0          0          0         92   _strtoul.o
         8          4        133          0          0         68   ctype_o.o
         0          0          0          0          0          0   entry.o
         0          0          0          0          0          0   entry10a.o
         0          0          0          0          0          0   entry11a.o
         8          4          0          0          0          0   entry2.o
         4          0          0          0          0          0   entry5.o
         0          0          0          0          0          0   entry7b.o
         0          0          0          0          0          0   entry8b.o
         8          4          0          0          0          0   entry9a.o
        20         10          0          4          0        136   errno.o
        30          0          0          0          0          0   handlers.o
        36          8          0          0          0         68   init.o
        18          0          0          0          0         76   isspace_o.o
         0          0          0          0          0          0   iusefp.o
        30          0          0          0          0         68   llshl.o
        36          0          0          0          0         68   llsshr.o
        32          0          0          0          0         68   llushr.o
        36          0          0          0          0         68   memcpya.o
        36          0          0          0          0        108   memseta.o
       838         12          0          0          0        216   scanf_fp.o
        20          0          0          0          0         68   strchr.o
        18          0          0          0          0         68   strcpy.o
        14          0          0          0          0         68   strlen.o
        36          0          0          0          0         80   strstr.o
       156         12          0          0          0        120   strtod.o
       112          0          0          0          0         88   strtol.o
        98          0          0          0          0         92   uldiv.o
        48          0          0          0          0         68   cdcmple.o
        48          0          0          0          0         68   cdrcmple.o
        56          0          0          0          0         88   d2f.o
       334          0          0          0          0        148   dadd.o
       222          0          0          0          0        100   ddiv.o
       186          0          0          0          0        176   depilogue.o
        62          0          0          0          0         80   dfixi.o
        50          0          0          0          0         76   dfixui.o
        34          0          0          0          0         76   dflti.o
        26          0          0          0          0         76   dfltui.o
        24          0          0          0          0         76   dfltul.o
       228          0          0          0          0         96   dmul.o
       134          0          0          0          0         96   drem.o
        46          0          0          0          0         80   dscalb.o
       162          0          0          0          0        100   dsqrt.o
        38          0          0          0          0         68   f2d.o
       110          0          0          0          0        168   fepilogue.o
        82          0          0          0          0         96   frem.o

    ----------------------------------------------------------------------
     44064       2668        752       5548       3044      88705   Library Totals
        12          0          3          0          4          0   (incl. Padding)

    ----------------------------------------------------------------------

      Code (inc. data)   RO Data    RW Data    ZI Data      Debug   Library Name

      5488        426          0       5160       1016      20347   GEO_Track_C.lib
     25816       1262          0        384       2024      60054   Servolib.lib
      8928        926        616          0          0       4796   m_wm.l
      1930         54        133          4          0       1772   mc_w.l
      1890          0          0          0          0       1736   mf_w.l

    ----------------------------------------------------------------------
     44064       2668        752       5548       3044      88705   Library Totals

    ----------------------------------------------------------------------

==============================================================================


      Code (inc. data)   RO Data    RW Data    ZI Data      Debug   

     88620       5872       1332       6084      15020    1016086   Grand Totals
     88620       5872       1332       3780      15020    1016086   ELF Image Totals (compressed)
     88620       5872       1332       3780          0          0   ROM Totals

==============================================================================

    Total RO  Size (Code + RO Data)                89952 (  87.84kB)
    Total RW  Size (RW Data + ZI Data)             21104 (  20.61kB)
    Total ROM Size (Code + RO Data + RW Data)      93732 (  91.54kB)

==============================================================================

